Experiment cell: /home/alesage/arno_data/CourseRecSys_CLIRS/Results/JCRec/steps_3000000/data_42/courses_100/k_3
JCRec model=ppo, nb_runs=12
Trial plan: 12/12 to run (resume=on)
RL seed policy: rl_base(42) + trial_id
Next rl_seeds: 42, 43, 44, 45, 46, ...
Dataset with 52 learners, 100 jobs, 100 courses and 46 skills.

--- Trial 1/12 (trial_id=0, rl_seed=42) ---
Complete Algorithm manifest OK (frozen or validated).
Iteration 50000. Average jobs: 2.1538461538461537 Time: 0.1779340650000023
Iteration 100000. Average jobs: 2.9615384615384617 Time: 0.17963713899999334
Iteration 150000. Average jobs: 3.1346153846153846 Time: 0.1785138649999567
Iteration 200000. Average jobs: 3.3461538461538463 Time: 0.17802808200002573
Iteration 250000. Average jobs: 3.2115384615384617 Time: 0.17947013600002037
Iteration 300000. Average jobs: 3.2115384615384617 Time: 0.17796359200008283
Iteration 350000. Average jobs: 3.173076923076923 Time: 0.1788229510000292
Iteration 400000. Average jobs: 3.230769230769231 Time: 0.17771742900004028
Iteration 450000. Average jobs: 3.230769230769231 Time: 0.1794665890000715
Iteration 500000. Average jobs: 3.230769230769231 Time: 0.1778255619999527
Iteration 550000. Average jobs: 3.230769230769231 Time: 0.17769071100019573
Iteration 600000. Average jobs: 3.3076923076923075 Time: 0.17948763000003964
Iteration 650000. Average jobs: 3.25 Time: 0.17777514699992025
Iteration 700000. Average jobs: 3.269230769230769 Time: 0.1793405129999428
Iteration 750000. Average jobs: 3.2884615384615383 Time: 0.17733623599997372
Iteration 800000. Average jobs: 3.2115384615384617 Time: 0.1790061860001515
Iteration 850000. Average jobs: 3.3461538461538463 Time: 0.17882761100008793
Iteration 900000. Average jobs: 3.326923076923077 Time: 0.17849759199998516
Iteration 950000. Average jobs: 3.230769230769231 Time: 0.1791936980000628
Iteration 1000000. Average jobs: 3.25 Time: 0.1779489040000044
Iteration 1050000. Average jobs: 3.3461538461538463 Time: 0.17883626699995148
Iteration 1100000. Average jobs: 3.3653846153846154 Time: 0.17823914799964768
Iteration 1150000. Average jobs: 3.2115384615384617 Time: 0.17816106100008255
Iteration 1200000. Average jobs: 3.3461538461538463 Time: 0.17929644200012262
Iteration 1250000. Average jobs: 3.2115384615384617 Time: 0.17985307300023123
Iteration 1300000. Average jobs: 3.230769230769231 Time: 0.17889173200001096
Iteration 1350000. Average jobs: 3.2115384615384617 Time: 0.1784246649999659
Iteration 1400000. Average jobs: 3.3461538461538463 Time: 0.17853527300030692
Iteration 1450000. Average jobs: 3.3076923076923075 Time: 0.17827362300022287
Iteration 1500000. Average jobs: 3.3461538461538463 Time: 0.17967910800007303
Iteration 1550000. Average jobs: 3.3461538461538463 Time: 0.17883209999990868
Iteration 1600000. Average jobs: 3.326923076923077 Time: 0.17867010500003744
Iteration 1650000. Average jobs: 3.2884615384615383 Time: 0.17863332700017054
Iteration 1700000. Average jobs: 3.3653846153846154 Time: 0.1779270209999595
Iteration 1750000. Average jobs: 3.326923076923077 Time: 0.17884595499981515
Iteration 1800000. Average jobs: 3.3076923076923075 Time: 0.1785586969999713
Iteration 1850000. Average jobs: 3.326923076923077 Time: 0.17843420400004106
Iteration 1900000. Average jobs: 3.326923076923077 Time: 0.178712515999905
Iteration 1950000. Average jobs: 3.3461538461538463 Time: 0.17733147700027985
Iteration 2000000. Average jobs: 3.326923076923077 Time: 0.17817944599983093
Iteration 2050000. Average jobs: 3.3653846153846154 Time: 0.17919501000005766
Iteration 2100000. Average jobs: 3.326923076923077 Time: 0.17771812999990289
Iteration 2150000. Average jobs: 3.326923076923077 Time: 0.17903256599993256
Iteration 2200000. Average jobs: 3.3461538461538463 Time: 0.17769435599984718
Iteration 2250000. Average jobs: 3.4038461538461537 Time: 0.17854771499969502
Iteration 2300000. Average jobs: 3.4038461538461537 Time: 0.17826838200016937
Iteration 2350000. Average jobs: 3.326923076923077 Time: 0.17771646799974405
Iteration 2400000. Average jobs: 3.326923076923077 Time: 0.1791029370006072
Iteration 2450000. Average jobs: 3.3076923076923075 Time: 0.17757109499962098
Iteration 2500000. Average jobs: 3.3846153846153846 Time: 0.17937503700068191
Iteration 2550000. Average jobs: 3.3461538461538463 Time: 0.17843066699970223
Iteration 2600000. Average jobs: 3.326923076923077 Time: 0.17986878299961973
Iteration 2650000. Average jobs: 3.3461538461538463 Time: 0.17795116800061805
Iteration 2700000. Average jobs: 3.3461538461538463 Time: 0.17746677000013733
Iteration 2750000. Average jobs: 3.3461538461538463 Time: 0.17914840200046456
Iteration 2800000. Average jobs: 3.3461538461538463 Time: 0.17821574500067072
Iteration 2850000. Average jobs: 3.3461538461538463 Time: 0.17955321199951868
Iteration 2900000. Average jobs: 3.3461538461538463 Time: 0.17826118900029542
Iteration 2950000. Average jobs: 3.3461538461538463 Time: 0.17835429299975658
Iteration 3000000. Average jobs: 3.3653846153846154 Time: 0.17853097399984108
Trial 0 wall time: 94.88733 min
Trial 0 logged to sweep CSV: /home/alesage/arno_data/CourseRecSys_CLIRS/Results/JCRec/steps_3000000/data_42/courses_100/k_3/sweeps/jcrec_ppo_data42.csv
Raw eval JSON: /home/alesage/arno_data/CourseRecSys_CLIRS/Results/JCRec/steps_3000000/data_42/courses_100/k_3/raw/jcrec_ppo_data42_rl42_k3_eval.json
Raw training log: /home/alesage/arno_data/CourseRecSys_CLIRS/Results/JCRec/steps_3000000/data_42/courses_100/k_3/raw/jcrec_ppo_data42_rl42_k3_training.txt

--- Trial 2/12 (trial_id=1, rl_seed=43) ---
Iteration 50000. Average jobs: 3.1538461538461537 Time: 0.17409405300077196
Iteration 100000. Average jobs: 3.8076923076923075 Time: 0.1703626560001794
Iteration 150000. Average jobs: 3.9615384615384617 Time: 0.16894055000011576
Iteration 200000. Average jobs: 4.326923076923077 Time: 0.17523275900020963
Iteration 250000. Average jobs: 4.153846153846154 Time: 0.17369340200002625
Iteration 300000. Average jobs: 4.153846153846154 Time: 0.17687012200076424
Iteration 350000. Average jobs: 4.1923076923076925 Time: 0.1756701799995426
Iteration 400000. Average jobs: 4.3076923076923075 Time: 0.17677868800001306
Iteration 450000. Average jobs: 4.326923076923077 Time: 0.17654189499990025
Iteration 500000. Average jobs: 4.519230769230769 Time: 0.17708078699979524
Iteration 550000. Average jobs: 4.403846153846154 Time: 0.179410576999544
Iteration 600000. Average jobs: 4.365384615384615 Time: 0.1792109710004297
Iteration 650000. Average jobs: 4.269230769230769 Time: 0.1761787750001531
Iteration 700000. Average jobs: 4.384615384615385 Time: 0.17781998200007365
Iteration 750000. Average jobs: 4.403846153846154 Time: 0.1772271110003203
Iteration 800000. Average jobs: 4.269230769230769 Time: 0.17816150399994513
Iteration 850000. Average jobs: 4.5576923076923075 Time: 0.17785953600014182
Iteration 900000. Average jobs: 4.480769230769231 Time: 0.17671191400040698
Iteration 950000. Average jobs: 4.4423076923076925 Time: 0.17753164199984894
Iteration 1000000. Average jobs: 4.384615384615385 Time: 0.17395716800001537
Iteration 1050000. Average jobs: 4.346153846153846 Time: 0.17827161799959867
Iteration 1100000. Average jobs: 4.5576923076923075 Time: 0.177319353000712
Iteration 1150000. Average jobs: 4.538461538461538 Time: 0.1780915429999368
Iteration 1200000. Average jobs: 4.538461538461538 Time: 0.17646274599974276
Iteration 1250000. Average jobs: 4.5 Time: 0.1778377749997162
Iteration 1300000. Average jobs: 4.480769230769231 Time: 0.17646203599906585
Iteration 1350000. Average jobs: 4.538461538461538 Time: 0.1794563309995283
Iteration 1400000. Average jobs: 4.461538461538462 Time: 0.17635572400104138
Iteration 1450000. Average jobs: 4.519230769230769 Time: 0.17851913300000888
Iteration 1500000. Average jobs: 4.4423076923076925 Time: 0.1777371560001484
Iteration 1550000. Average jobs: 4.480769230769231 Time: 0.17843202100084454
Iteration 1600000. Average jobs: 4.480769230769231 Time: 0.178895779999948
Iteration 1650000. Average jobs: 4.423076923076923 Time: 0.17922627999905671
Iteration 1700000. Average jobs: 4.423076923076923 Time: 0.17885030199977336
Iteration 1750000. Average jobs: 4.5576923076923075 Time: 0.1785145840003679
Iteration 1800000. Average jobs: 4.538461538461538 Time: 0.17786626900124247
Iteration 1850000. Average jobs: 4.519230769230769 Time: 0.17805637600031332
Iteration 1900000. Average jobs: 4.461538461538462 Time: 0.17854259599880606
Iteration 1950000. Average jobs: 4.5 Time: 0.17667972299932444
Iteration 2000000. Average jobs: 4.480769230769231 Time: 0.17869603400140477
Iteration 2050000. Average jobs: 4.480769230769231 Time: 0.17820918200050073
Iteration 2100000. Average jobs: 4.4423076923076925 Time: 0.1779139779991965
Iteration 2150000. Average jobs: 4.519230769230769 Time: 0.17798348799988162
Iteration 2200000. Average jobs: 4.519230769230769 Time: 0.17765168599908066
Iteration 2250000. Average jobs: 4.538461538461538 Time: 0.17813989099886385
Iteration 2300000. Average jobs: 4.519230769230769 Time: 0.17843653700037976
Iteration 2350000. Average jobs: 4.461538461538462 Time: 0.17896919600025285
Iteration 2400000. Average jobs: 4.519230769230769 Time: 0.17846856800133537
Iteration 2450000. Average jobs: 4.346153846153846 Time: 0.17765144700024393
Iteration 2500000. Average jobs: 4.4423076923076925 Time: 0.17701635400044324
Iteration 2550000. Average jobs: 4.461538461538462 Time: 0.1785738560010941
Iteration 2600000. Average jobs: 4.461538461538462 Time: 0.17838273699999263
Iteration 2650000. Average jobs: 4.5 Time: 0.1787400670000352
Iteration 2700000. Average jobs: 4.403846153846154 Time: 0.17735546200128738
Iteration 2750000. Average jobs: 4.403846153846154 Time: 0.1787880870015215
Iteration 2800000. Average jobs: 4.4423076923076925 Time: 0.17839943899889477
Iteration 2850000. Average jobs: 4.538461538461538 Time: 0.17761812199933047
Iteration 2900000. Average jobs: 4.461538461538462 Time: 0.17785380599889322
Iteration 2950000. Average jobs: 4.365384615384615 Time: 0.17756875000122818
Iteration 3000000. Average jobs: 4.576923076923077 Time: 0.17945976700139
Trial 1 wall time: 95.75613 min
Trial 1 logged to sweep CSV: /home/alesage/arno_data/CourseRecSys_CLIRS/Results/JCRec/steps_3000000/data_42/courses_100/k_3/sweeps/jcrec_ppo_data42.csv
Raw eval JSON: /home/alesage/arno_data/CourseRecSys_CLIRS/Results/JCRec/steps_3000000/data_42/courses_100/k_3/raw/jcrec_ppo_data42_rl43_k3_eval.json
Raw training log: /home/alesage/arno_data/CourseRecSys_CLIRS/Results/JCRec/steps_3000000/data_42/courses_100/k_3/raw/jcrec_ppo_data42_rl43_k3_training.txt

--- Trial 3/12 (trial_id=2, rl_seed=44) ---
Iteration 50000. Average jobs: 3.769230769230769 Time: 0.16109141999913845
Iteration 100000. Average jobs: 4.173076923076923 Time: 0.1623349519995827
Iteration 150000. Average jobs: 4.538461538461538 Time: 0.1758625500006019
Iteration 200000. Average jobs: 4.615384615384615 Time: 0.1792361179996078
Iteration 250000. Average jobs: 4.403846153846154 Time: 0.17911537000145472
Iteration 300000. Average jobs: 4.538461538461538 Time: 0.1792822339994018
Iteration 350000. Average jobs: 4.3076923076923075 Time: 0.17536460700102907
Iteration 400000. Average jobs: 4.596153846153846 Time: 0.17802092999954766
Iteration 450000. Average jobs: 4.384615384615385 Time: 0.17537126999923203
Iteration 500000. Average jobs: 4.615384615384615 Time: 0.1771411790014099
Iteration 550000. Average jobs: 4.4423076923076925 Time: 0.17673190000095929
Iteration 600000. Average jobs: 4.461538461538462 Time: 0.17905812299977697
Iteration 650000. Average jobs: 4.480769230769231 Time: 0.17819679700005508
Iteration 700000. Average jobs: 4.538461538461538 Time: 0.1777939619987592
Iteration 750000. Average jobs: 4.634615384615385 Time: 0.17778259099941351
Iteration 800000. Average jobs: 4.615384615384615 Time: 0.17848857500030135
Iteration 850000. Average jobs: 4.519230769230769 Time: 0.17857444800029043
Iteration 900000. Average jobs: 4.5576923076923075 Time: 0.17983865799942578
Iteration 950000. Average jobs: 4.596153846153846 Time: 0.1782901850001508
Iteration 1000000. Average jobs: 4.6923076923076925 Time: 0.17744761500034656
Iteration 1050000. Average jobs: 4.653846153846154 Time: 0.17787103699993168
Iteration 1100000. Average jobs: 4.634615384615385 Time: 0.1778263229989534
Iteration 1150000. Average jobs: 4.596153846153846 Time: 0.17860867199851782
Iteration 1200000. Average jobs: 4.596153846153846 Time: 0.17793915599941101
Iteration 1250000. Average jobs: 4.634615384615385 Time: 0.17910905000098865
Iteration 1300000. Average jobs: 4.519230769230769 Time: 0.17970660099854285
Iteration 1350000. Average jobs: 4.519230769230769 Time: 0.1782352999998693
Iteration 1400000. Average jobs: 4.634615384615385 Time: 0.17851260199859098
Iteration 1450000. Average jobs: 4.538461538461538 Time: 0.17872740299935685
Iteration 1500000. Average jobs: 4.634615384615385 Time: 0.17776037100156827
Iteration 1550000. Average jobs: 4.5576923076923075 Time: 0.17875470599938126
Iteration 1600000. Average jobs: 4.596153846153846 Time: 0.1782929380005953
Iteration 1650000. Average jobs: 4.538461538461538 Time: 0.17826055699879362
Iteration 1700000. Average jobs: 4.5576923076923075 Time: 0.1786114450005698
Iteration 1750000. Average jobs: 4.673076923076923 Time: 0.17829804899884039
Iteration 1800000. Average jobs: 4.653846153846154 Time: 0.17713504699895566
Iteration 1850000. Average jobs: 4.615384615384615 Time: 0.1782681019994925
Iteration 1900000. Average jobs: 4.615384615384615 Time: 0.1779929969998193
Iteration 1950000. Average jobs: 4.538461538461538 Time: 0.1776391719995445
Iteration 2000000. Average jobs: 4.5576923076923075 Time: 0.17864940800063778
Iteration 2050000. Average jobs: 4.5576923076923075 Time: 0.18023142399943026
Iteration 2100000. Average jobs: 4.615384615384615 Time: 0.17903184499846247
Iteration 2150000. Average jobs: 4.615384615384615 Time: 0.17846226700021361
Iteration 2200000. Average jobs: 4.653846153846154 Time: 0.1783062129998143
Iteration 2250000. Average jobs: 4.615384615384615 Time: 0.1796462749989587
Iteration 2300000. Average jobs: 4.634615384615385 Time: 0.1789962260008906
Iteration 2350000. Average jobs: 4.673076923076923 Time: 0.17968491099964012
Iteration 2400000. Average jobs: 4.615384615384615 Time: 0.17859141799999634
Iteration 2450000. Average jobs: 4.576923076923077 Time: 0.17806273699898156
Iteration 2500000. Average jobs: 4.5576923076923075 Time: 0.17865592000089237
Iteration 2550000. Average jobs: 4.634615384615385 Time: 0.17872059000001173
Iteration 2600000. Average jobs: 4.634615384615385 Time: 0.17903634200047236
Iteration 2650000. Average jobs: 4.5576923076923075 Time: 0.1791991380014224
Iteration 2700000. Average jobs: 4.634615384615385 Time: 0.179503219002072
Iteration 2750000. Average jobs: 4.673076923076923 Time: 0.18017116100236308
Iteration 2800000. Average jobs: 4.634615384615385 Time: 0.17814218700004858
Iteration 2850000. Average jobs: 4.576923076923077 Time: 0.17938856099863187
Iteration 2900000. Average jobs: 4.615384615384615 Time: 0.17941009599962854
Iteration 2950000. Average jobs: 4.615384615384615 Time: 0.1796723639999982
Iteration 3000000. Average jobs: 4.615384615384615 Time: 0.18029707700043218
Trial 2 wall time: 95.96455 min
Trial 2 logged to sweep CSV: /home/alesage/arno_data/CourseRecSys_CLIRS/Results/JCRec/steps_3000000/data_42/courses_100/k_3/sweeps/jcrec_ppo_data42.csv
Raw eval JSON: /home/alesage/arno_data/CourseRecSys_CLIRS/Results/JCRec/steps_3000000/data_42/courses_100/k_3/raw/jcrec_ppo_data42_rl44_k3_eval.json
Raw training log: /home/alesage/arno_data/CourseRecSys_CLIRS/Results/JCRec/steps_3000000/data_42/courses_100/k_3/raw/jcrec_ppo_data42_rl44_k3_training.txt

--- Trial 4/12 (trial_id=3, rl_seed=45) ---
Iteration 50000. Average jobs: 2.923076923076923 Time: 0.17026046499813674
Iteration 100000. Average jobs: 4.326923076923077 Time: 0.17276961999959894
Iteration 150000. Average jobs: 4.5 Time: 0.17724436299977242
Iteration 200000. Average jobs: 4.538461538461538 Time: 0.1763500759989256
Iteration 250000. Average jobs: 4.480769230769231 Time: 0.17716337000092608
Iteration 300000. Average jobs: 4.634615384615385 Time: 0.17986715100050787
Iteration 350000. Average jobs: 4.5576923076923075 Time: 0.17865218199949595
Iteration 400000. Average jobs: 4.5 Time: 0.17756299000029685
Iteration 450000. Average jobs: 4.615384615384615 Time: 0.1786963439990359
Iteration 500000. Average jobs: 4.615384615384615 Time: 0.18007896800190792
Iteration 550000. Average jobs: 4.615384615384615 Time: 0.17858156800139113
Iteration 600000. Average jobs: 4.596153846153846 Time: 0.17789966099735466
Iteration 650000. Average jobs: 4.519230769230769 Time: 0.17699593599900254
Iteration 700000. Average jobs: 4.634615384615385 Time: 0.17917772900182172
Iteration 750000. Average jobs: 4.480769230769231 Time: 0.17701535300147953
Iteration 800000. Average jobs: 4.673076923076923 Time: 0.17920167299962486
Iteration 850000. Average jobs: 4.711538461538462 Time: 0.17805787800170947
Iteration 900000. Average jobs: 4.615384615384615 Time: 0.17774211500000092
Iteration 950000. Average jobs: 4.596153846153846 Time: 0.17895859600321273
Iteration 1000000. Average jobs: 4.653846153846154 Time: 0.1786970970024413
Iteration 1050000. Average jobs: 4.653846153846154 Time: 0.1790673120012798
Iteration 1100000. Average jobs: 4.480769230769231 Time: 0.1777168590015208
Iteration 1150000. Average jobs: 4.5576923076923075 Time: 0.17980044499927317
Iteration 1200000. Average jobs: 4.480769230769231 Time: 0.178116218001378
Iteration 1250000. Average jobs: 4.5576923076923075 Time: 0.17782715399880544
Iteration 1300000. Average jobs: 4.519230769230769 Time: 0.17865359499774058
Iteration 1350000. Average jobs: 4.576923076923077 Time: 0.17910812700210954
Iteration 1400000. Average jobs: 4.480769230769231 Time: 0.17886044400074752
Iteration 1450000. Average jobs: 4.576923076923077 Time: 0.1785437489998003
Iteration 1500000. Average jobs: 4.5576923076923075 Time: 0.17918364000070142
Iteration 1550000. Average jobs: 4.5576923076923075 Time: 0.17960202299946104
Iteration 1600000. Average jobs: 4.403846153846154 Time: 0.1777688649999618
Iteration 1650000. Average jobs: 4.519230769230769 Time: 0.1784802000001946
Iteration 1700000. Average jobs: 4.423076923076923 Time: 0.177272114000516
Iteration 1750000. Average jobs: 4.615384615384615 Time: 0.17916234799849917
Iteration 1800000. Average jobs: 4.596153846153846 Time: 0.18006103500010795
Iteration 1850000. Average jobs: 4.576923076923077 Time: 0.17920393599706586
Iteration 1900000. Average jobs: 4.5576923076923075 Time: 0.17904388799797744
Iteration 1950000. Average jobs: 4.5576923076923075 Time: 0.17803127599836444
Iteration 2000000. Average jobs: 4.615384615384615 Time: 0.17843104799976572
Iteration 2050000. Average jobs: 4.461538461538462 Time: 0.17875790099787991
Iteration 2100000. Average jobs: 4.5576923076923075 Time: 0.1783105409995187
Iteration 2150000. Average jobs: 4.288461538461538 Time: 0.17722962600237224
Iteration 2200000. Average jobs: 4.538461538461538 Time: 0.17694880799899693
Iteration 2250000. Average jobs: 4.596153846153846 Time: 0.1775998580014857
Iteration 2300000. Average jobs: 4.519230769230769 Time: 0.17807626300054835
Iteration 2350000. Average jobs: 4.5 Time: 0.1788315080011671
Iteration 2400000. Average jobs: 4.615384615384615 Time: 0.17716102600024897
Iteration 2450000. Average jobs: 4.5576923076923075 Time: 0.17661123599827988
Iteration 2500000. Average jobs: 4.634615384615385 Time: 0.1788780159986345
Iteration 2550000. Average jobs: 4.615384615384615 Time: 0.17694358600056148
Iteration 2600000. Average jobs: 4.596153846153846 Time: 0.17900412200106075
Iteration 2650000. Average jobs: 4.5576923076923075 Time: 0.17882260300029884
Iteration 2700000. Average jobs: 4.5576923076923075 Time: 0.1790678619981918
Iteration 2750000. Average jobs: 4.615384615384615 Time: 0.17867608800224843
Iteration 2800000. Average jobs: 4.615384615384615 Time: 0.17825633000029484
Iteration 2850000. Average jobs: 4.5576923076923075 Time: 0.17946424699766794
Iteration 2900000. Average jobs: 4.538461538461538 Time: 0.17930672900183708
Iteration 2950000. Average jobs: 4.615384615384615 Time: 0.17982237699834513
Iteration 3000000. Average jobs: 4.596153846153846 Time: 0.1783273030014243
Trial 3 wall time: 95.90955 min
Trial 3 logged to sweep CSV: /home/alesage/arno_data/CourseRecSys_CLIRS/Results/JCRec/steps_3000000/data_42/courses_100/k_3/sweeps/jcrec_ppo_data42.csv
Raw eval JSON: /home/alesage/arno_data/CourseRecSys_CLIRS/Results/JCRec/steps_3000000/data_42/courses_100/k_3/raw/jcrec_ppo_data42_rl45_k3_eval.json
Raw training log: /home/alesage/arno_data/CourseRecSys_CLIRS/Results/JCRec/steps_3000000/data_42/courses_100/k_3/raw/jcrec_ppo_data42_rl45_k3_training.txt

--- Trial 5/12 (trial_id=4, rl_seed=46) ---
Iteration 50000. Average jobs: 2.6346153846153846 Time: 0.17725572400013334
Iteration 100000. Average jobs: 4.519230769230769 Time: 0.17959787799918558
Iteration 150000. Average jobs: 4.480769230769231 Time: 0.17763838099926943
Iteration 200000. Average jobs: 4.538461538461538 Time: 0.17974322000009124
Iteration 250000. Average jobs: 4.596153846153846 Time: 0.1789146039991465
Iteration 300000. Average jobs: 4.576923076923077 Time: 0.1765262150001945
Iteration 350000. Average jobs: 4.538461538461538 Time: 0.17861242800063337
Iteration 400000. Average jobs: 4.653846153846154 Time: 0.17851303099814686
Iteration 450000. Average jobs: 4.634615384615385 Time: 0.17789605500001926
Iteration 500000. Average jobs: 4.615384615384615 Time: 0.17831002100137994
Iteration 550000. Average jobs: 4.5 Time: 0.17885483200007002
Iteration 600000. Average jobs: 4.615384615384615 Time: 0.1773965770007635
Iteration 650000. Average jobs: 4.653846153846154 Time: 0.17893883099895902
Iteration 700000. Average jobs: 4.538461538461538 Time: 0.17885306999960449
Iteration 750000. Average jobs: 4.653846153846154 Time: 0.17752352600291488
Iteration 800000. Average jobs: 4.5 Time: 0.17841575000056764
Iteration 850000. Average jobs: 4.634615384615385 Time: 0.17826633000004222
Iteration 900000. Average jobs: 4.576923076923077 Time: 0.17757789700044668
Iteration 950000. Average jobs: 4.615384615384615 Time: 0.17728317600267474
Iteration 1000000. Average jobs: 4.615384615384615 Time: 0.17625391500041587
Iteration 1050000. Average jobs: 4.673076923076923 Time: 0.17730154899982153
Iteration 1100000. Average jobs: 4.653846153846154 Time: 0.17735208500016597
Iteration 1150000. Average jobs: 4.653846153846154 Time: 0.17807301799984998
Iteration 1200000. Average jobs: 4.615384615384615 Time: 0.17878728499999852
Iteration 1250000. Average jobs: 4.615384615384615 Time: 0.17821036299937987
Iteration 1300000. Average jobs: 4.5576923076923075 Time: 0.17895824600054766
Iteration 1350000. Average jobs: 4.596153846153846 Time: 0.17795199000102002
Iteration 1400000. Average jobs: 4.596153846153846 Time: 0.17917227799989632
Iteration 1450000. Average jobs: 4.653846153846154 Time: 0.17776793699886184
Iteration 1500000. Average jobs: 4.6923076923076925 Time: 0.17776298500029952
Iteration 1550000. Average jobs: 4.711538461538462 Time: 0.17781982099768356
Iteration 1600000. Average jobs: 4.615384615384615 Time: 0.17799763600123697
Iteration 1650000. Average jobs: 4.596153846153846 Time: 0.17955448400243768
Iteration 1700000. Average jobs: 4.596153846153846 Time: 0.17754850199708017
Iteration 1750000. Average jobs: 4.615384615384615 Time: 0.17805883099936182
Iteration 1800000. Average jobs: 4.634615384615385 Time: 0.17822368000270217
Iteration 1850000. Average jobs: 4.596153846153846 Time: 0.17806939899674035
Iteration 1900000. Average jobs: 4.653846153846154 Time: 0.17767110199929448
Iteration 1950000. Average jobs: 4.673076923076923 Time: 0.17741254900101922
Iteration 2000000. Average jobs: 4.634615384615385 Time: 0.1778375549984048
Iteration 2050000. Average jobs: 4.596153846153846 Time: 0.17823085199779598
Iteration 2100000. Average jobs: 4.615384615384615 Time: 0.17732482500287006
Iteration 2150000. Average jobs: 4.576923076923077 Time: 0.1773084030028258
Iteration 2200000. Average jobs: 4.615384615384615 Time: 0.17698902299889596
Iteration 2250000. Average jobs: 4.653846153846154 Time: 0.17860156700044172
Iteration 2300000. Average jobs: 4.596153846153846 Time: 0.17720411700065597
Iteration 2350000. Average jobs: 4.673076923076923 Time: 0.17854236700077308
Iteration 2400000. Average jobs: 4.634615384615385 Time: 0.17805607399714063
Iteration 2450000. Average jobs: 4.5576923076923075 Time: 0.17742944899873692
Iteration 2500000. Average jobs: 4.653846153846154 Time: 0.17886931999964872
Iteration 2550000. Average jobs: 4.615384615384615 Time: 0.1776885469989793
Iteration 2600000. Average jobs: 4.596153846153846 Time: 0.17852146799850743
Iteration 2650000. Average jobs: 4.653846153846154 Time: 0.17894089299807092
Iteration 2700000. Average jobs: 4.653846153846154 Time: 0.17887846600206103
Iteration 2750000. Average jobs: 4.653846153846154 Time: 0.17855879700073274
Iteration 2800000. Average jobs: 4.673076923076923 Time: 0.17824862399720587
Iteration 2850000. Average jobs: 4.634615384615385 Time: 0.17909969199899933
Iteration 2900000. Average jobs: 4.615384615384615 Time: 0.17760967800131766
Iteration 2950000. Average jobs: 4.576923076923077 Time: 0.17893614399872604
Iteration 3000000. Average jobs: 4.634615384615385 Time: 0.17788156700044055
Trial 4 wall time: 95.88712 min
Trial 4 logged to sweep CSV: /home/alesage/arno_data/CourseRecSys_CLIRS/Results/JCRec/steps_3000000/data_42/courses_100/k_3/sweeps/jcrec_ppo_data42.csv
Raw eval JSON: /home/alesage/arno_data/CourseRecSys_CLIRS/Results/JCRec/steps_3000000/data_42/courses_100/k_3/raw/jcrec_ppo_data42_rl46_k3_eval.json
Raw training log: /home/alesage/arno_data/CourseRecSys_CLIRS/Results/JCRec/steps_3000000/data_42/courses_100/k_3/raw/jcrec_ppo_data42_rl46_k3_training.txt

--- Trial 6/12 (trial_id=5, rl_seed=47) ---
Iteration 50000. Average jobs: 2.6538461538461537 Time: 0.17250508300276124
Iteration 100000. Average jobs: 4.365384615384615 Time: 0.17526717400323832
Iteration 150000. Average jobs: 4.4423076923076925 Time: 0.17521712999950978
Iteration 200000. Average jobs: 4.461538461538462 Time: 0.17806536100033554
Iteration 250000. Average jobs: 4.519230769230769 Time: 0.1781884230003925
Iteration 300000. Average jobs: 4.615384615384615 Time: 0.17899695800224436
Iteration 350000. Average jobs: 4.615384615384615 Time: 0.17782217499916442
Iteration 400000. Average jobs: 4.596153846153846 Time: 0.17777483700047014
Iteration 450000. Average jobs: 4.596153846153846 Time: 0.17821177800215082
Iteration 500000. Average jobs: 4.615384615384615 Time: 0.17803072699825861
Iteration 550000. Average jobs: 4.615384615384615 Time: 0.179236015999777
Iteration 600000. Average jobs: 4.519230769230769 Time: 0.1775472900008026
Iteration 650000. Average jobs: 4.634615384615385 Time: 0.178600565999659
Iteration 700000. Average jobs: 4.596153846153846 Time: 0.17817348600146943
Iteration 750000. Average jobs: 4.480769230769231 Time: 0.1755695719984942
Iteration 800000. Average jobs: 4.5576923076923075 Time: 0.17826420499841333
Iteration 850000. Average jobs: 4.596153846153846 Time: 0.17810217100122827
Iteration 900000. Average jobs: 4.519230769230769 Time: 0.17805153599692858
Iteration 950000. Average jobs: 4.5576923076923075 Time: 0.17887175299983937
Iteration 1000000. Average jobs: 4.576923076923077 Time: 0.17770893199849525
Iteration 1050000. Average jobs: 4.5576923076923075 Time: 0.1784844069989049
Iteration 1100000. Average jobs: 4.576923076923077 Time: 0.178351106998889
Iteration 1150000. Average jobs: 4.519230769230769 Time: 0.17835286099943914
Iteration 1200000. Average jobs: 4.5576923076923075 Time: 0.178135463000217
Iteration 1250000. Average jobs: 4.5 Time: 0.1791985069976363
Iteration 1300000. Average jobs: 4.5576923076923075 Time: 0.17763638900214573
Iteration 1350000. Average jobs: 4.596153846153846 Time: 0.17783128399969428
Iteration 1400000. Average jobs: 4.538461538461538 Time: 0.17832644000009168
Iteration 1450000. Average jobs: 4.538461538461538 Time: 0.17814248600188876
Iteration 1500000. Average jobs: 4.538461538461538 Time: 0.1786154629990051
Iteration 1550000. Average jobs: 4.576923076923077 Time: 0.17900324100264697
Iteration 1600000. Average jobs: 4.5576923076923075 Time: 0.17753597000046284
Iteration 1650000. Average jobs: 4.596153846153846 Time: 0.17948798799989163
Iteration 1700000. Average jobs: 4.576923076923077 Time: 0.17795124699841836
Iteration 1750000. Average jobs: 4.519230769230769 Time: 0.17984342699855915
Iteration 1800000. Average jobs: 4.5576923076923075 Time: 0.17766085399853182
Iteration 1850000. Average jobs: 4.5 Time: 0.17763386300066486
Iteration 1900000. Average jobs: 4.5576923076923075 Time: 0.1784168320009485
Iteration 1950000. Average jobs: 4.576923076923077 Time: 0.17760519899820792
Iteration 2000000. Average jobs: 4.576923076923077 Time: 0.17914312300126767
Iteration 2050000. Average jobs: 4.634615384615385 Time: 0.17948435399739537
Iteration 2100000. Average jobs: 4.596153846153846 Time: 0.17969679199813982
Iteration 2150000. Average jobs: 4.576923076923077 Time: 0.17856449599639745
Iteration 2200000. Average jobs: 4.576923076923077 Time: 0.17735794599866495
Iteration 2250000. Average jobs: 4.576923076923077 Time: 0.17919634200370638
Iteration 2300000. Average jobs: 4.5576923076923075 Time: 0.17742200499924365
Iteration 2350000. Average jobs: 4.519230769230769 Time: 0.17788188999838894
Iteration 2400000. Average jobs: 4.5576923076923075 Time: 0.17874467599904165
Iteration 2450000. Average jobs: 4.615384615384615 Time: 0.17687520099570975
Iteration 2500000. Average jobs: 4.615384615384615 Time: 0.17887701499421382
Iteration 2550000. Average jobs: 4.615384615384615 Time: 0.1786630429996876
Iteration 2600000. Average jobs: 4.596153846153846 Time: 0.1799861939944094
Iteration 2650000. Average jobs: 4.615384615384615 Time: 0.1781120279993047
Iteration 2700000. Average jobs: 4.5576923076923075 Time: 0.17789946099946974
Iteration 2750000. Average jobs: 4.596153846153846 Time: 0.17961996699887095
Iteration 2800000. Average jobs: 4.576923076923077 Time: 0.17790028099989286
Iteration 2850000. Average jobs: 4.615384615384615 Time: 0.17954561799706426
Iteration 2900000. Average jobs: 4.615384615384615 Time: 0.17766656399908243
Iteration 2950000. Average jobs: 4.576923076923077 Time: 0.17767023099440848
Iteration 3000000. Average jobs: 4.596153846153846 Time: 0.17752586099959444
Trial 5 wall time: 96.06059 min
Trial 5 logged to sweep CSV: /home/alesage/arno_data/CourseRecSys_CLIRS/Results/JCRec/steps_3000000/data_42/courses_100/k_3/sweeps/jcrec_ppo_data42.csv
Raw eval JSON: /home/alesage/arno_data/CourseRecSys_CLIRS/Results/JCRec/steps_3000000/data_42/courses_100/k_3/raw/jcrec_ppo_data42_rl47_k3_eval.json
Raw training log: /home/alesage/arno_data/CourseRecSys_CLIRS/Results/JCRec/steps_3000000/data_42/courses_100/k_3/raw/jcrec_ppo_data42_rl47_k3_training.txt

--- Trial 7/12 (trial_id=6, rl_seed=48) ---
Iteration 50000. Average jobs: 3.0576923076923075 Time: 0.1705940300016664
Iteration 100000. Average jobs: 4.346153846153846 Time: 0.17328531699604355
Iteration 150000. Average jobs: 4.480769230769231 Time: 0.177230106004572
Iteration 200000. Average jobs: 4.480769230769231 Time: 0.17565831699903356
Iteration 250000. Average jobs: 4.519230769230769 Time: 0.1755980450034258
Iteration 300000. Average jobs: 4.288461538461538 Time: 0.17516874000284588
Iteration 350000. Average jobs: 4.173076923076923 Time: 0.17386569699738175
Iteration 400000. Average jobs: 4.3076923076923075 Time: 0.17383405799773755
Iteration 450000. Average jobs: 4.3076923076923075 Time: 0.1783272719985689
Iteration 500000. Average jobs: 4.403846153846154 Time: 0.17451139700278873
Iteration 550000. Average jobs: 4.519230769230769 Time: 0.17531706800218672
Iteration 600000. Average jobs: 4.269230769230769 Time: 0.17628397999942536
Iteration 650000. Average jobs: 4.480769230769231 Time: 0.1744402030017227
Iteration 700000. Average jobs: 4.4423076923076925 Time: 0.177377753003384
Iteration 750000. Average jobs: 4.403846153846154 Time: 0.1766687319977791
Iteration 800000. Average jobs: 4.461538461538462 Time: 0.1785659509987454
Iteration 850000. Average jobs: 4.480769230769231 Time: 0.17871103400102584
Iteration 900000. Average jobs: 4.538461538461538 Time: 0.17711909600620857
Iteration 950000. Average jobs: 4.519230769230769 Time: 0.17792299699794967
Iteration 1000000. Average jobs: 4.538461538461538 Time: 0.1785611509985756
Iteration 1050000. Average jobs: 4.480769230769231 Time: 0.1795222360015032
Iteration 1100000. Average jobs: 4.576923076923077 Time: 0.17833318500197493
Iteration 1150000. Average jobs: 4.461538461538462 Time: 0.17681160200299928
Iteration 1200000. Average jobs: 4.538461538461538 Time: 0.17851983500440838
Iteration 1250000. Average jobs: 4.615384615384615 Time: 0.1784440330011421
Iteration 1300000. Average jobs: 4.480769230769231 Time: 0.18027981499471935
Iteration 1350000. Average jobs: 4.5 Time: 0.17867439400288276
Iteration 1400000. Average jobs: 4.576923076923077 Time: 0.17929922500479734
Iteration 1450000. Average jobs: 4.4423076923076925 Time: 0.17800073100079317
Iteration 1500000. Average jobs: 4.615384615384615 Time: 0.17951334799727192
Iteration 1550000. Average jobs: 4.538461538461538 Time: 0.17895887700433377
Iteration 1600000. Average jobs: 4.461538461538462 Time: 0.17828500400355551
Iteration 1650000. Average jobs: 4.461538461538462 Time: 0.17930922399682458
Iteration 1700000. Average jobs: 4.519230769230769 Time: 0.17832027000258677
Iteration 1750000. Average jobs: 4.5576923076923075 Time: 0.1785821519952151
Iteration 1800000. Average jobs: 4.596153846153846 Time: 0.17910571199900005
Iteration 1850000. Average jobs: 4.5 Time: 0.17820240699802525
Iteration 1900000. Average jobs: 4.4423076923076925 Time: 0.1793640379983117
Iteration 1950000. Average jobs: 4.596153846153846 Time: 0.1781015990054584
Iteration 2000000. Average jobs: 4.615384615384615 Time: 0.17850593800540082
Iteration 2050000. Average jobs: 4.538461538461538 Time: 0.17962519800494192
Iteration 2100000. Average jobs: 4.538461538461538 Time: 0.1788269510070677
Iteration 2150000. Average jobs: 4.480769230769231 Time: 0.178974547998223
Iteration 2200000. Average jobs: 4.576923076923077 Time: 0.17755224000575254
Iteration 2250000. Average jobs: 4.461538461538462 Time: 0.1791765050002141
Iteration 2300000. Average jobs: 4.480769230769231 Time: 0.17854294899734668
Iteration 2350000. Average jobs: 4.480769230769231 Time: 0.17711882600269746
Iteration 2400000. Average jobs: 4.596153846153846 Time: 0.17738241000188282
Iteration 2450000. Average jobs: 4.596153846153846 Time: 0.17640569799550576
Iteration 2500000. Average jobs: 4.615384615384615 Time: 0.17803428399929544
Iteration 2550000. Average jobs: 4.634615384615385 Time: 0.17769019799743546
Iteration 2600000. Average jobs: 4.538461538461538 Time: 0.17875357400043868
Iteration 2650000. Average jobs: 4.538461538461538 Time: 0.17855630299891345
Iteration 2700000. Average jobs: 4.576923076923077 Time: 0.17802763100189622
Iteration 2750000. Average jobs: 4.576923076923077 Time: 0.17911133299639914
Iteration 2800000. Average jobs: 4.615384615384615 Time: 0.17805265900096856
Iteration 2850000. Average jobs: 4.653846153846154 Time: 0.17879068100592121
Iteration 2900000. Average jobs: 4.634615384615385 Time: 0.17872676200204296
Iteration 2950000. Average jobs: 4.615384615384615 Time: 0.17852604699874064
Iteration 3000000. Average jobs: 4.596153846153846 Time: 0.17754824300209293
Trial 6 wall time: 95.72974 min
Trial 6 logged to sweep CSV: /home/alesage/arno_data/CourseRecSys_CLIRS/Results/JCRec/steps_3000000/data_42/courses_100/k_3/sweeps/jcrec_ppo_data42.csv
Raw eval JSON: /home/alesage/arno_data/CourseRecSys_CLIRS/Results/JCRec/steps_3000000/data_42/courses_100/k_3/raw/jcrec_ppo_data42_rl48_k3_eval.json
Raw training log: /home/alesage/arno_data/CourseRecSys_CLIRS/Results/JCRec/steps_3000000/data_42/courses_100/k_3/raw/jcrec_ppo_data42_rl48_k3_training.txt

--- Trial 8/12 (trial_id=7, rl_seed=49) ---
Iteration 50000. Average jobs: 2.4615384615384617 Time: 0.16543056699447334
Iteration 100000. Average jobs: 4.288461538461538 Time: 0.16876617299567442
Iteration 150000. Average jobs: 4.403846153846154 Time: 0.17643283999495907
Iteration 200000. Average jobs: 4.423076923076923 Time: 0.1772945249977056
Iteration 250000. Average jobs: 4.538461538461538 Time: 0.1751449160001357
Iteration 300000. Average jobs: 4.538461538461538 Time: 0.17726508100167848
Iteration 350000. Average jobs: 4.5576923076923075 Time: 0.17758200599928387
Iteration 400000. Average jobs: 4.480769230769231 Time: 0.17867188999662176
Iteration 450000. Average jobs: 4.538461538461538 Time: 0.17769217300519813
Iteration 500000. Average jobs: 4.576923076923077 Time: 0.17678014199918834
Iteration 550000. Average jobs: 4.5576923076923075 Time: 0.1787261809949996
Iteration 600000. Average jobs: 4.538461538461538 Time: 0.17747089700424112
Iteration 650000. Average jobs: 4.480769230769231 Time: 0.1781823519995669
Iteration 700000. Average jobs: 4.5576923076923075 Time: 0.17777150100300787
Iteration 750000. Average jobs: 4.5576923076923075 Time: 0.1772824430008768
Iteration 800000. Average jobs: 4.5576923076923075 Time: 0.17897404600080336
Iteration 850000. Average jobs: 4.5 Time: 0.1789003279991448
Iteration 900000. Average jobs: 4.5576923076923075 Time: 0.17776651300664525
Iteration 950000. Average jobs: 4.538461538461538 Time: 0.17843493400141597
Iteration 1000000. Average jobs: 4.538461538461538 Time: 0.17724577600165503
Iteration 1050000. Average jobs: 4.538461538461538 Time: 0.17862370899820235
Iteration 1100000. Average jobs: 4.519230769230769 Time: 0.1774021780001931
Iteration 1150000. Average jobs: 4.5576923076923075 Time: 0.17854117399838287
Iteration 1200000. Average jobs: 4.538461538461538 Time: 0.17836864999844693
Iteration 1250000. Average jobs: 4.634615384615385 Time: 0.17844891999993706
Iteration 1300000. Average jobs: 4.615384615384615 Time: 0.17749051400460303
Iteration 1350000. Average jobs: 4.596153846153846 Time: 0.1774445269984426
Iteration 1400000. Average jobs: 4.5576923076923075 Time: 0.17809771199972602
Iteration 1450000. Average jobs: 4.596153846153846 Time: 0.17707340200286126
Iteration 1500000. Average jobs: 4.596153846153846 Time: 0.17755321200093022
Iteration 1550000. Average jobs: 4.576923076923077 Time: 0.17892270899756113
Iteration 1600000. Average jobs: 4.634615384615385 Time: 0.17785869399813237
Iteration 1650000. Average jobs: 4.5576923076923075 Time: 0.17760220300260698
Iteration 1700000. Average jobs: 4.519230769230769 Time: 0.17735658200399484
Iteration 1750000. Average jobs: 4.480769230769231 Time: 0.17865068199898815
Iteration 1800000. Average jobs: 4.519230769230769 Time: 0.17851688799419207
Iteration 1850000. Average jobs: 4.519230769230769 Time: 0.17788937199657084
Iteration 1900000. Average jobs: 4.576923076923077 Time: 0.17861505200562533
Iteration 1950000. Average jobs: 4.538461538461538 Time: 0.17652154600364156
Iteration 2000000. Average jobs: 4.461538461538462 Time: 0.17903275600110646
Iteration 2050000. Average jobs: 4.576923076923077 Time: 0.18050549799954752
Iteration 2100000. Average jobs: 4.4423076923076925 Time: 0.17764892100240104
Iteration 2150000. Average jobs: 4.576923076923077 Time: 0.17846829899644945
Iteration 2200000. Average jobs: 4.576923076923077 Time: 0.17877476300054695
Iteration 2250000. Average jobs: 4.576923076923077 Time: 0.17881746299826773
Iteration 2300000. Average jobs: 4.4423076923076925 Time: 0.17672000000311527
Iteration 2350000. Average jobs: 4.519230769230769 Time: 0.17800714299664833
Iteration 2400000. Average jobs: 4.596153846153846 Time: 0.17773815999680664
Iteration 2450000. Average jobs: 4.596153846153846 Time: 0.1759640720047173
Iteration 2500000. Average jobs: 4.538461538461538 Time: 0.17784281200147234
Iteration 2550000. Average jobs: 4.634615384615385 Time: 0.17783689399948344
Iteration 2600000. Average jobs: 4.634615384615385 Time: 0.1778696649998892
Iteration 2650000. Average jobs: 4.596153846153846 Time: 0.17903761500201654
Iteration 2700000. Average jobs: 4.615384615384615 Time: 0.17768938600056572
Iteration 2750000. Average jobs: 4.519230769230769 Time: 0.1763646620020154
Iteration 2800000. Average jobs: 4.538461538461538 Time: 0.17735064200678607
Iteration 2850000. Average jobs: 4.634615384615385 Time: 0.1773733939990052
Iteration 2900000. Average jobs: 4.653846153846154 Time: 0.1767668269967544
Iteration 2950000. Average jobs: 4.519230769230769 Time: 0.1780293849951704
Iteration 3000000. Average jobs: 4.538461538461538 Time: 0.17738638200535206
Trial 7 wall time: 95.50816 min
Trial 7 logged to sweep CSV: /home/alesage/arno_data/CourseRecSys_CLIRS/Results/JCRec/steps_3000000/data_42/courses_100/k_3/sweeps/jcrec_ppo_data42.csv
Raw eval JSON: /home/alesage/arno_data/CourseRecSys_CLIRS/Results/JCRec/steps_3000000/data_42/courses_100/k_3/raw/jcrec_ppo_data42_rl49_k3_eval.json
Raw training log: /home/alesage/arno_data/CourseRecSys_CLIRS/Results/JCRec/steps_3000000/data_42/courses_100/k_3/raw/jcrec_ppo_data42_rl49_k3_training.txt

--- Trial 9/12 (trial_id=8, rl_seed=50) ---
Iteration 50000. Average jobs: 2.8076923076923075 Time: 0.1708090749962139
Iteration 100000. Average jobs: 4.5 Time: 0.17737320299784187
Iteration 150000. Average jobs: 4.5 Time: 0.1784375099960016
Iteration 200000. Average jobs: 4.3076923076923075 Time: 0.17925809799635317
Iteration 250000. Average jobs: 4.615384615384615 Time: 0.17820492399914656
Iteration 300000. Average jobs: 4.615384615384615 Time: 0.17797132499981672
Iteration 350000. Average jobs: 4.519230769230769 Time: 0.18016163400170626
Iteration 400000. Average jobs: 4.596153846153846 Time: 0.17888369700085605
Iteration 450000. Average jobs: 4.634615384615385 Time: 0.1796539130009478
Iteration 500000. Average jobs: 4.615384615384615 Time: 0.17786090000299737
Iteration 550000. Average jobs: 4.5576923076923075 Time: 0.1787854520007386
Iteration 600000. Average jobs: 4.576923076923077 Time: 0.1785552200017264
Iteration 650000. Average jobs: 4.538461538461538 Time: 0.180120494995208
Iteration 700000. Average jobs: 4.519230769230769 Time: 0.1787415279977722
Iteration 750000. Average jobs: 4.576923076923077 Time: 0.17817898599605542
Iteration 800000. Average jobs: 4.384615384615385 Time: 0.17949253800179577
Iteration 850000. Average jobs: 4.384615384615385 Time: 0.17828326200105948
Iteration 900000. Average jobs: 4.3076923076923075 Time: 0.1784204379946459
Iteration 950000. Average jobs: 4.538461538461538 Time: 0.17794619899359532
Iteration 1000000. Average jobs: 4.615384615384615 Time: 0.1785562629956985
Iteration 1050000. Average jobs: 4.480769230769231 Time: 0.17849358500097878
Iteration 1100000. Average jobs: 4.5576923076923075 Time: 0.17865666199941188
Iteration 1150000. Average jobs: 4.5576923076923075 Time: 0.17864608099625912
Iteration 1200000. Average jobs: 4.5 Time: 0.18032334499730496
Iteration 1250000. Average jobs: 4.634615384615385 Time: 0.17936158300290117
Iteration 1300000. Average jobs: 4.596153846153846 Time: 0.179989279997244
Iteration 1350000. Average jobs: 4.615384615384615 Time: 0.17601117000594968
Iteration 1400000. Average jobs: 4.596153846153846 Time: 0.1794066180009395
Iteration 1450000. Average jobs: 4.653846153846154 Time: 0.1778482429945143
Iteration 1500000. Average jobs: 4.673076923076923 Time: 0.17905813400284387
Iteration 1550000. Average jobs: 4.576923076923077 Time: 0.18018252199544804
Iteration 1600000. Average jobs: 4.5 Time: 0.17908286999590928
Iteration 1650000. Average jobs: 4.480769230769231 Time: 0.17969782299769577
Iteration 1700000. Average jobs: 4.480769230769231 Time: 0.17830260699702194
Iteration 1750000. Average jobs: 4.615384615384615 Time: 0.17877398000564426
Iteration 1800000. Average jobs: 4.615384615384615 Time: 0.17945449599938001
Iteration 1850000. Average jobs: 4.596153846153846 Time: 0.17822042199986754
Iteration 1900000. Average jobs: 4.403846153846154 Time: 0.18025160300021525
Iteration 1950000. Average jobs: 4.576923076923077 Time: 0.17807955000171205
Iteration 2000000. Average jobs: 4.461538461538462 Time: 0.1793737659972976
Iteration 2050000. Average jobs: 4.596153846153846 Time: 0.17808057899674168
Iteration 2100000. Average jobs: 4.615384615384615 Time: 0.18028284100000747
Iteration 2150000. Average jobs: 4.576923076923077 Time: 0.1800063830014551
Iteration 2200000. Average jobs: 4.5576923076923075 Time: 0.17783316600252874
Iteration 2250000. Average jobs: 4.5576923076923075 Time: 0.17955809200066142
Iteration 2300000. Average jobs: 4.634615384615385 Time: 0.17806510299851652
Iteration 2350000. Average jobs: 4.5 Time: 0.17788303999986965
Iteration 2400000. Average jobs: 4.596153846153846 Time: 0.17978530599793885
Iteration 2450000. Average jobs: 4.519230769230769 Time: 0.17834993599535665
Iteration 2500000. Average jobs: 4.519230769230769 Time: 0.17922291499417042
Iteration 2550000. Average jobs: 4.480769230769231 Time: 0.17749542399542406
Iteration 2600000. Average jobs: 4.519230769230769 Time: 0.17938457499985816
Iteration 2650000. Average jobs: 4.480769230769231 Time: 0.1776521479987423
Iteration 2700000. Average jobs: 4.519230769230769 Time: 0.17750449999584816
Iteration 2750000. Average jobs: 4.576923076923077 Time: 0.17930003700166708
Iteration 2800000. Average jobs: 4.5576923076923075 Time: 0.17811069800518453
Iteration 2850000. Average jobs: 4.480769230769231 Time: 0.17816286499873968
Iteration 2900000. Average jobs: 4.576923076923077 Time: 0.17770063699572347
Iteration 2950000. Average jobs: 4.5 Time: 0.17868543499935186
Iteration 3000000. Average jobs: 4.615384615384615 Time: 0.17793092999636428
Trial 8 wall time: 96.28516 min
Trial 8 logged to sweep CSV: /home/alesage/arno_data/CourseRecSys_CLIRS/Results/JCRec/steps_3000000/data_42/courses_100/k_3/sweeps/jcrec_ppo_data42.csv
Raw eval JSON: /home/alesage/arno_data/CourseRecSys_CLIRS/Results/JCRec/steps_3000000/data_42/courses_100/k_3/raw/jcrec_ppo_data42_rl50_k3_eval.json
Raw training log: /home/alesage/arno_data/CourseRecSys_CLIRS/Results/JCRec/steps_3000000/data_42/courses_100/k_3/raw/jcrec_ppo_data42_rl50_k3_training.txt

--- Trial 10/12 (trial_id=9, rl_seed=51) ---
Iteration 50000. Average jobs: 3.1538461538461537 Time: 0.16021324200119125
Iteration 100000. Average jobs: 3.75 Time: 0.15380488500522915
Iteration 150000. Average jobs: 4.230769230769231 Time: 0.16817040699970676
Iteration 200000. Average jobs: 4.346153846153846 Time: 0.17488839500583708
Iteration 250000. Average jobs: 4.365384615384615 Time: 0.1717913770044106
Iteration 300000. Average jobs: 4.461538461538462 Time: 0.17682010799762793
Iteration 350000. Average jobs: 4.480769230769231 Time: 0.17770539600314805
Iteration 400000. Average jobs: 4.5 Time: 0.17805956099618925
Iteration 450000. Average jobs: 4.576923076923077 Time: 0.18025404599757167
Iteration 500000. Average jobs: 4.365384615384615 Time: 0.17731354100396857
Iteration 550000. Average jobs: 4.4423076923076925 Time: 0.17853667600138579
Iteration 600000. Average jobs: 4.403846153846154 Time: 0.1793088640042697
Iteration 650000. Average jobs: 4.384615384615385 Time: 0.1793997830027365
Iteration 700000. Average jobs: 4.403846153846154 Time: 0.1787726280017523
Iteration 750000. Average jobs: 4.4423076923076925 Time: 0.17827634800050873
Iteration 800000. Average jobs: 4.461538461538462 Time: 0.17868450199603103
Iteration 850000. Average jobs: 4.346153846153846 Time: 0.17601365400332725
Iteration 900000. Average jobs: 4.480769230769231 Time: 0.17823905700061005
Iteration 950000. Average jobs: 4.4423076923076925 Time: 0.1795828190006432
Iteration 1000000. Average jobs: 4.461538461538462 Time: 0.1779686709996895
Iteration 1050000. Average jobs: 4.461538461538462 Time: 0.17915992400230607
Iteration 1100000. Average jobs: 4.461538461538462 Time: 0.17859533600130817
Iteration 1150000. Average jobs: 4.346153846153846 Time: 0.17763121699681506
Iteration 1200000. Average jobs: 4.423076923076923 Time: 0.17913144199701492
Iteration 1250000. Average jobs: 4.461538461538462 Time: 0.1787430940021295
Iteration 1300000. Average jobs: 4.5576923076923075 Time: 0.1798073590034619
Iteration 1350000. Average jobs: 4.596153846153846 Time: 0.17867932400258724
Iteration 1400000. Average jobs: 4.596153846153846 Time: 0.1789500919985585
Iteration 1450000. Average jobs: 4.5576923076923075 Time: 0.1778524830006063
Iteration 1500000. Average jobs: 4.480769230769231 Time: 0.17881146099534817
Iteration 1550000. Average jobs: 4.480769230769231 Time: 0.1796572980019846
Iteration 1600000. Average jobs: 4.423076923076923 Time: 0.17672231400501914
Iteration 1650000. Average jobs: 4.576923076923077 Time: 0.1780404270029976
Iteration 1700000. Average jobs: 4.615384615384615 Time: 0.17756822999945143
Iteration 1750000. Average jobs: 4.634615384615385 Time: 0.17730314200161956
Iteration 1800000. Average jobs: 4.5576923076923075 Time: 0.1783081379981013
Iteration 1850000. Average jobs: 4.519230769230769 Time: 0.17798451900307555
Iteration 1900000. Average jobs: 4.519230769230769 Time: 0.17958855900360504
Iteration 1950000. Average jobs: 4.653846153846154 Time: 0.17716197799745714
Iteration 2000000. Average jobs: 4.576923076923077 Time: 0.17910748500435147
Iteration 2050000. Average jobs: 4.538461538461538 Time: 0.17824036099773366
Iteration 2100000. Average jobs: 4.461538461538462 Time: 0.1777342610002961
Iteration 2150000. Average jobs: 4.461538461538462 Time: 0.17992599200078985
Iteration 2200000. Average jobs: 4.576923076923077 Time: 0.17813884000497637
Iteration 2250000. Average jobs: 4.5576923076923075 Time: 0.1807456189999357
Iteration 2300000. Average jobs: 4.596153846153846 Time: 0.17931696899904637
Iteration 2350000. Average jobs: 4.538461538461538 Time: 0.18007325700455112
Iteration 2400000. Average jobs: 4.576923076923077 Time: 0.179170076000446
Iteration 2450000. Average jobs: 4.576923076923077 Time: 0.1769631350034615
Iteration 2500000. Average jobs: 4.538461538461538 Time: 0.17763212000136264
Iteration 2550000. Average jobs: 4.5 Time: 0.178095677998499
Iteration 2600000. Average jobs: 4.5 Time: 0.17805311000120128
Iteration 2650000. Average jobs: 4.596153846153846 Time: 0.1773420850004186
Iteration 2700000. Average jobs: 4.519230769230769 Time: 0.17991743500169832
Iteration 2750000. Average jobs: 4.615384615384615 Time: 0.17874647899589036
Iteration 2800000. Average jobs: 4.5 Time: 0.1775121760001639
Iteration 2850000. Average jobs: 4.634615384615385 Time: 0.17836678800085792
Iteration 2900000. Average jobs: 4.5576923076923075 Time: 0.17745433600066463
Iteration 2950000. Average jobs: 4.519230769230769 Time: 0.1789927709978656
Iteration 3000000. Average jobs: 4.596153846153846 Time: 0.17936720300349407
Trial 9 wall time: 96.04853 min
Trial 9 logged to sweep CSV: /home/alesage/arno_data/CourseRecSys_CLIRS/Results/JCRec/steps_3000000/data_42/courses_100/k_3/sweeps/jcrec_ppo_data42.csv
Raw eval JSON: /home/alesage/arno_data/CourseRecSys_CLIRS/Results/JCRec/steps_3000000/data_42/courses_100/k_3/raw/jcrec_ppo_data42_rl51_k3_eval.json
Raw training log: /home/alesage/arno_data/CourseRecSys_CLIRS/Results/JCRec/steps_3000000/data_42/courses_100/k_3/raw/jcrec_ppo_data42_rl51_k3_training.txt

--- Trial 11/12 (trial_id=10, rl_seed=52) ---
Iteration 50000. Average jobs: 2.6538461538461537 Time: 0.16953308100346476
Iteration 100000. Average jobs: 4.096153846153846 Time: 0.16907458099740325
Iteration 150000. Average jobs: 3.8846153846153846 Time: 0.1643515120013035
Iteration 200000. Average jobs: 3.8461538461538463 Time: 0.17064229099923978
Iteration 250000. Average jobs: 4.211538461538462 Time: 0.16982172400457785
Iteration 300000. Average jobs: 4.096153846153846 Time: 0.16940459000034025
Iteration 350000. Average jobs: 4.0 Time: 0.16788603299937677
Iteration 400000. Average jobs: 4.0576923076923075 Time: 0.168686784003512
Iteration 450000. Average jobs: 4.25 Time: 0.17189688399957959
Iteration 500000. Average jobs: 4.211538461538462 Time: 0.1748712619955768
Iteration 550000. Average jobs: 4.365384615384615 Time: 0.17684825899777934
Iteration 600000. Average jobs: 4.153846153846154 Time: 0.17534027200599667
Iteration 650000. Average jobs: 4.269230769230769 Time: 0.1760500420059543
Iteration 700000. Average jobs: 4.134615384615385 Time: 0.17563613499805797
Iteration 750000. Average jobs: 4.096153846153846 Time: 0.17468985199957388
Iteration 800000. Average jobs: 4.346153846153846 Time: 0.17757041299773846
Iteration 850000. Average jobs: 4.288461538461538 Time: 0.17647212400333956
Iteration 900000. Average jobs: 4.326923076923077 Time: 0.1745327169992379
Iteration 950000. Average jobs: 4.3076923076923075 Time: 0.1747633400009363
Iteration 1000000. Average jobs: 4.269230769230769 Time: 0.1730673799975193
Iteration 1050000. Average jobs: 4.326923076923077 Time: 0.17711450799833983
Iteration 1100000. Average jobs: 4.326923076923077 Time: 0.17677726600231836
Iteration 1150000. Average jobs: 4.3076923076923075 Time: 0.17740392999985488
Iteration 1200000. Average jobs: 4.211538461538462 Time: 0.17549152600258822
Iteration 1250000. Average jobs: 4.25 Time: 0.17545314200106077
Iteration 1300000. Average jobs: 4.538461538461538 Time: 0.1784196169974166
Iteration 1350000. Average jobs: 4.403846153846154 Time: 0.1763842799991835
Iteration 1400000. Average jobs: 4.211538461538462 Time: 0.17706700800044928
Iteration 1450000. Average jobs: 4.3076923076923075 Time: 0.17880503900232725
Iteration 1500000. Average jobs: 4.230769230769231 Time: 0.1789135430008173
Iteration 1550000. Average jobs: 4.230769230769231 Time: 0.18025962600222556
Iteration 1600000. Average jobs: 4.403846153846154 Time: 0.17809878600382945
Iteration 1650000. Average jobs: 4.403846153846154 Time: 0.17941851999785285
Iteration 1700000. Average jobs: 4.403846153846154 Time: 0.17790944000444142
Iteration 1750000. Average jobs: 4.576923076923077 Time: 0.18038005199923646
Iteration 1800000. Average jobs: 4.384615384615385 Time: 0.17691972399916267
Iteration 1850000. Average jobs: 4.3076923076923075 Time: 0.17856566100090276
Iteration 1900000. Average jobs: 4.153846153846154 Time: 0.17833807300485205
Iteration 1950000. Average jobs: 4.326923076923077 Time: 0.17835815099533647
Iteration 2000000. Average jobs: 4.115384615384615 Time: 0.18014912999933586
Iteration 2050000. Average jobs: 4.480769230769231 Time: 0.17869412199797807
Iteration 2100000. Average jobs: 4.3076923076923075 Time: 0.1770061440038262
Iteration 2150000. Average jobs: 4.480769230769231 Time: 0.1791816260010819
Iteration 2200000. Average jobs: 4.211538461538462 Time: 0.17750940900441492
Iteration 2250000. Average jobs: 4.384615384615385 Time: 0.17805404200043995
Iteration 2300000. Average jobs: 4.519230769230769 Time: 0.1776954789966112
Iteration 2350000. Average jobs: 4.4423076923076925 Time: 0.178596537996782
Iteration 2400000. Average jobs: 4.461538461538462 Time: 0.17788007399940398
Iteration 2450000. Average jobs: 4.403846153846154 Time: 0.17675268099992536
Iteration 2500000. Average jobs: 4.480769230769231 Time: 0.17878356100118253
Iteration 2550000. Average jobs: 4.461538461538462 Time: 0.175635544997931
Iteration 2600000. Average jobs: 4.365384615384615 Time: 0.1780747410011827
Iteration 2650000. Average jobs: 4.461538461538462 Time: 0.17777340500470018
Iteration 2700000. Average jobs: 4.5 Time: 0.1784635489966604
Iteration 2750000. Average jobs: 4.403846153846154 Time: 0.17889878500136547
Iteration 2800000. Average jobs: 4.403846153846154 Time: 0.17848317499738187
Iteration 2850000. Average jobs: 4.480769230769231 Time: 0.17979289300274104
Iteration 2900000. Average jobs: 4.5 Time: 0.1787906310055405
Iteration 2950000. Average jobs: 4.519230769230769 Time: 0.17965227799868444
Iteration 3000000. Average jobs: 4.480769230769231 Time: 0.17923612799495459
Trial 10 wall time: 96.18097 min
Trial 10 logged to sweep CSV: /home/alesage/arno_data/CourseRecSys_CLIRS/Results/JCRec/steps_3000000/data_42/courses_100/k_3/sweeps/jcrec_ppo_data42.csv
Raw eval JSON: /home/alesage/arno_data/CourseRecSys_CLIRS/Results/JCRec/steps_3000000/data_42/courses_100/k_3/raw/jcrec_ppo_data42_rl52_k3_eval.json
Raw training log: /home/alesage/arno_data/CourseRecSys_CLIRS/Results/JCRec/steps_3000000/data_42/courses_100/k_3/raw/jcrec_ppo_data42_rl52_k3_training.txt

--- Trial 12/12 (trial_id=11, rl_seed=53) ---
Iteration 50000. Average jobs: 2.326923076923077 Time: 0.17465589799394365
Iteration 100000. Average jobs: 4.403846153846154 Time: 0.1770852530025877
Iteration 150000. Average jobs: 4.4423076923076925 Time: 0.1779203010009951
Iteration 200000. Average jobs: 4.519230769230769 Time: 0.1783185269960086
Iteration 250000. Average jobs: 4.5576923076923075 Time: 0.17756430100416765
Iteration 300000. Average jobs: 4.519230769230769 Time: 0.1793471459968714
Iteration 350000. Average jobs: 4.634615384615385 Time: 0.17875569700117921
Iteration 400000. Average jobs: 4.596153846153846 Time: 0.17865784400055418
Iteration 450000. Average jobs: 4.5 Time: 0.17786401600460522
Iteration 500000. Average jobs: 4.4423076923076925 Time: 0.17671315500047058
Iteration 550000. Average jobs: 4.596153846153846 Time: 0.17954980700596934
Iteration 600000. Average jobs: 4.480769230769231 Time: 0.17671474900271278
Iteration 650000. Average jobs: 4.576923076923077 Time: 0.17958112500491552
Iteration 700000. Average jobs: 4.576923076923077 Time: 0.17880885599879548
Iteration 750000. Average jobs: 4.576923076923077 Time: 0.17870305800170172
Iteration 800000. Average jobs: 4.5576923076923075 Time: 0.18042040800355608
Iteration 850000. Average jobs: 4.5576923076923075 Time: 0.17836421399988467
Iteration 900000. Average jobs: 4.461538461538462 Time: 0.17946956600644626
Iteration 950000. Average jobs: 4.5576923076923075 Time: 0.17839181599993026
Iteration 1000000. Average jobs: 4.538461538461538 Time: 0.178505217001657
Iteration 1050000. Average jobs: 4.5576923076923075 Time: 0.17830289600533433
Iteration 1100000. Average jobs: 4.576923076923077 Time: 0.1786978989985073
Iteration 1150000. Average jobs: 4.576923076923077 Time: 0.17910414999641944
Iteration 1200000. Average jobs: 4.538461538461538 Time: 0.1787302379962057
Iteration 1250000. Average jobs: 4.576923076923077 Time: 0.17791235499316826
Iteration 1300000. Average jobs: 4.576923076923077 Time: 0.17803755799832288
Iteration 1350000. Average jobs: 4.596153846153846 Time: 0.1771351460047299
Iteration 1400000. Average jobs: 4.576923076923077 Time: 0.17889729099988472
Iteration 1450000. Average jobs: 4.5576923076923075 Time: 0.1770398900116561
Iteration 1500000. Average jobs: 4.576923076923077 Time: 0.1776967719924869
Iteration 1550000. Average jobs: 4.576923076923077 Time: 0.17923059799068142
Iteration 1600000. Average jobs: 4.576923076923077 Time: 0.17799003100662958
Iteration 1650000. Average jobs: 4.576923076923077 Time: 0.17847466899547726
Iteration 1700000. Average jobs: 4.538461538461538 Time: 0.17890487700060476
Iteration 1750000. Average jobs: 4.538461538461538 Time: 0.17938542799674906
Iteration 1800000. Average jobs: 4.5576923076923075 Time: 0.17805219600268174
Iteration 1850000. Average jobs: 4.5576923076923075 Time: 0.1799025159998564
Iteration 1900000. Average jobs: 4.5576923076923075 Time: 0.17926423900644295
Iteration 1950000. Average jobs: 4.5576923076923075 Time: 0.17834166200191248
Iteration 2000000. Average jobs: 4.5576923076923075 Time: 0.17968817400105763
Iteration 2050000. Average jobs: 4.538461538461538 Time: 0.17858555700513534
Iteration 2100000. Average jobs: 4.5576923076923075 Time: 0.17912338700261898
Iteration 2150000. Average jobs: 4.5576923076923075 Time: 0.17777965498680715
Iteration 2200000. Average jobs: 4.576923076923077 Time: 0.17752523999661207
Iteration 2250000. Average jobs: 4.538461538461538 Time: 0.17986940499395132
Iteration 2300000. Average jobs: 4.480769230769231 Time: 0.17855469799542334
Iteration 2350000. Average jobs: 4.519230769230769 Time: 0.17959927799529396
Iteration 2400000. Average jobs: 4.480769230769231 Time: 0.17846723399998154
Iteration 2450000. Average jobs: 4.538461538461538 Time: 0.1779429930029437
Iteration 2500000. Average jobs: 4.576923076923077 Time: 0.17849160298646893
Iteration 2550000. Average jobs: 4.5 Time: 0.17826725100167096
Iteration 2600000. Average jobs: 4.519230769230769 Time: 0.18001305499637965
Iteration 2650000. Average jobs: 4.5576923076923075 Time: 0.17870710499119014
Iteration 2700000. Average jobs: 4.538461538461538 Time: 0.17856491000566166
Iteration 2750000. Average jobs: 4.5576923076923075 Time: 0.17886583300423808
Iteration 2800000. Average jobs: 4.576923076923077 Time: 0.17813532400759868
Iteration 2850000. Average jobs: 4.615384615384615 Time: 0.1793112680024933
Iteration 2900000. Average jobs: 4.615384615384615 Time: 0.17790813600004185
Iteration 2950000. Average jobs: 4.576923076923077 Time: 0.1796285849995911
Iteration 3000000. Average jobs: 4.576923076923077 Time: 0.17976578099478502
Trial 11 wall time: 96.33651 min
Trial 11 logged to sweep CSV: /home/alesage/arno_data/CourseRecSys_CLIRS/Results/JCRec/steps_3000000/data_42/courses_100/k_3/sweeps/jcrec_ppo_data42.csv
Raw eval JSON: /home/alesage/arno_data/CourseRecSys_CLIRS/Results/JCRec/steps_3000000/data_42/courses_100/k_3/raw/jcrec_ppo_data42_rl53_k3_eval.json
Raw training log: /home/alesage/arno_data/CourseRecSys_CLIRS/Results/JCRec/steps_3000000/data_42/courses_100/k_3/raw/jcrec_ppo_data42_rl53_k3_training.txt

--- Sweep summary ---
Trials in CSV: 12/12
  end mean: 4.479167 95% CI [4.266026, 4.604167]
  end median: 4.567308 95% CI [4.538462, 4.605769]
  life mean: 4.482372 95% CI [4.270833, 4.599359]
  life median: 4.596154 95% CI [4.557692, 4.605769]

--- Trial metrics (long) ---
Methods: 1 — ['jcrec_ppo']
Bootstrap summary: /home/alesage/arno_data/CourseRecSys_CLIRS/Results/JCRec/steps_3000000/data_42/courses_100/k_3/reports/bootstrap_end_mean.csv
Bootstrap summary: /home/alesage/arno_data/CourseRecSys_CLIRS/Results/JCRec/steps_3000000/data_42/courses_100/k_3/reports/bootstrap_end_median.csv
Bootstrap summary: /home/alesage/arno_data/CourseRecSys_CLIRS/Results/JCRec/steps_3000000/data_42/courses_100/k_3/reports/bootstrap_life_mean.csv
Bootstrap summary: /home/alesage/arno_data/CourseRecSys_CLIRS/Results/JCRec/steps_3000000/data_42/courses_100/k_3/reports/bootstrap_life_median.csv
Performance analysis: /home/alesage/arno_data/CourseRecSys_CLIRS/Results/JCRec/steps_3000000/data_42/courses_100/k_3/reports/performance_analysis.json
Trial metrics: /home/alesage/arno_data/CourseRecSys_CLIRS/Results/JCRec/steps_3000000/data_42/courses_100/k_3/reports/trial_metrics_long.csv

Done. Results under: /home/alesage/arno_data/CourseRecSys_CLIRS/Results/JCRec/steps_3000000/data_42/courses_100/k_3
Orchestration: ['jcrec']

========== Pipeline 1/1: jcrec ==========

Orchestration complete.
