Experiment cell: /home/alesage/arno_data/CourseRecSys_CLIRS/Results/JCRec/steps_3000000/data_42/courses_100/k_2
JCRec model=dqn, nb_runs=12
Trial plan: 12/12 to run (resume=on)
RL seed policy: rl_base(42) + trial_id
Next rl_seeds: 42, 43, 44, 45, 46, ...
Dataset with 52 learners, 100 jobs, 100 courses and 46 skills.

--- Trial 1/12 (trial_id=0, rl_seed=42) ---
Complete Algorithm manifest OK (frozen or validated).
Iteration 50000. Average jobs: 0.11538461538461539 Time: 0.15837389300000382
Iteration 100000. Average jobs: 0.9615384615384616 Time: 0.11042674700000532
Iteration 150000. Average jobs: 1.0576923076923077 Time: 0.11147792799999934
Iteration 200000. Average jobs: 1.0961538461538463 Time: 0.11111622900000384
Iteration 250000. Average jobs: 1.2692307692307692 Time: 0.11124977999998009
Iteration 300000. Average jobs: 1.3076923076923077 Time: 0.11123426199998221
Iteration 350000. Average jobs: 1.4038461538461537 Time: 0.11160171000000219
Iteration 400000. Average jobs: 1.4615384615384615 Time: 0.11146496300000308
Iteration 450000. Average jobs: 1.4230769230769231 Time: 0.11143877500001054
Iteration 500000. Average jobs: 1.4615384615384615 Time: 0.11216109100007543
Iteration 550000. Average jobs: 1.5 Time: 0.11167892499997834
Iteration 600000. Average jobs: 1.5 Time: 0.11162548499999048
Iteration 650000. Average jobs: 1.5384615384615385 Time: 0.11184056800004782
Iteration 700000. Average jobs: 1.5 Time: 0.1113424740000255
Iteration 750000. Average jobs: 1.4423076923076923 Time: 0.11108913800001119
Iteration 800000. Average jobs: 1.4423076923076923 Time: 0.111434607000092
Iteration 850000. Average jobs: 1.5 Time: 0.11082590499995604
Iteration 900000. Average jobs: 1.5 Time: 0.11145151899995653
Iteration 950000. Average jobs: 1.5769230769230769 Time: 0.11111497799993231
Iteration 1000000. Average jobs: 1.5769230769230769 Time: 0.11130101599997033
Iteration 1050000. Average jobs: 1.5192307692307692 Time: 0.11128255300013734
Iteration 1100000. Average jobs: 1.5769230769230769 Time: 0.11141417899989392
Iteration 1150000. Average jobs: 1.6153846153846154 Time: 0.11158741400004146
Iteration 1200000. Average jobs: 1.4615384615384615 Time: 0.11204076500007432
Iteration 1250000. Average jobs: 1.6346153846153846 Time: 0.111197471999958
Iteration 1300000. Average jobs: 1.5961538461538463 Time: 0.1129114870000194
Iteration 1350000. Average jobs: 1.5576923076923077 Time: 0.1112231409999822
Iteration 1400000. Average jobs: 1.6153846153846154 Time: 0.112081359000058
Iteration 1450000. Average jobs: 1.5192307692307692 Time: 0.11097020600004726
Iteration 1500000. Average jobs: 1.5384615384615385 Time: 0.111492747000284
Iteration 1550000. Average jobs: 1.5576923076923077 Time: 0.1114371119997486
Iteration 1600000. Average jobs: 1.5384615384615385 Time: 0.11122714800012545
Iteration 1650000. Average jobs: 1.5384615384615385 Time: 0.1111954500001957
Iteration 1700000. Average jobs: 1.5384615384615385 Time: 0.11086488699993424
Iteration 1750000. Average jobs: 1.5384615384615385 Time: 0.11156347900032415
Iteration 1800000. Average jobs: 1.5384615384615385 Time: 0.11088733099995807
Iteration 1850000. Average jobs: 1.6538461538461537 Time: 0.11128836300031253
Iteration 1900000. Average jobs: 1.6153846153846154 Time: 0.11079966600027547
Iteration 1950000. Average jobs: 1.7307692307692308 Time: 0.11133433900022283
Iteration 2000000. Average jobs: 1.6923076923076923 Time: 0.11178702899997006
Iteration 2050000. Average jobs: 1.6923076923076923 Time: 0.1114299989999381
Iteration 2100000. Average jobs: 1.7115384615384615 Time: 0.11123814999973547
Iteration 2150000. Average jobs: 1.7307692307692308 Time: 0.11108826700001373
Iteration 2200000. Average jobs: 1.7307692307692308 Time: 0.1108349129999624
Iteration 2250000. Average jobs: 1.7692307692307692 Time: 0.1110747719999381
Iteration 2300000. Average jobs: 1.7884615384615385 Time: 0.11065485400013131
Iteration 2350000. Average jobs: 1.7884615384615385 Time: 0.1116955960001178
Iteration 2400000. Average jobs: 1.8076923076923077 Time: 0.11106554499974663
Iteration 2450000. Average jobs: 1.8076923076923077 Time: 0.11142761400014933
Iteration 2500000. Average jobs: 1.7884615384615385 Time: 0.11110523999968791
Iteration 2550000. Average jobs: 1.7884615384615385 Time: 0.11121473600042009
Iteration 2600000. Average jobs: 1.7884615384615385 Time: 0.11144143899991832
Iteration 2650000. Average jobs: 1.6538461538461537 Time: 0.1105145920000723
Iteration 2700000. Average jobs: 1.7307692307692308 Time: 0.11104225199960638
Iteration 2750000. Average jobs: 1.7115384615384615 Time: 0.11120117000018581
Iteration 2800000. Average jobs: 1.6538461538461537 Time: 0.11148039299996526
Iteration 2850000. Average jobs: 1.7115384615384615 Time: 0.11090581600001315
Iteration 2900000. Average jobs: 1.6923076923076923 Time: 0.11082569599966519
Iteration 2950000. Average jobs: 1.8076923076923077 Time: 0.11132378899992545
Iteration 3000000. Average jobs: 1.7115384615384615 Time: 0.11210592499992345
Trial 0 wall time: 69.05479 min
Trial 0 logged to sweep CSV: /home/alesage/arno_data/CourseRecSys_CLIRS/Results/JCRec/steps_3000000/data_42/courses_100/k_2/sweeps/jcrec_dqn_data42.csv
Raw eval JSON: /home/alesage/arno_data/CourseRecSys_CLIRS/Results/JCRec/steps_3000000/data_42/courses_100/k_2/raw/jcrec_dqn_data42_rl42_k2_eval.json
Raw training log: /home/alesage/arno_data/CourseRecSys_CLIRS/Results/JCRec/steps_3000000/data_42/courses_100/k_2/raw/jcrec_dqn_data42_rl42_k2_training.txt

--- Trial 2/12 (trial_id=1, rl_seed=43) ---
Iteration 50000. Average jobs: 0.09615384615384616 Time: 0.07738457200048288
Iteration 100000. Average jobs: 0.8846153846153846 Time: 0.11121898299916211
Iteration 150000. Average jobs: 1.1538461538461537 Time: 0.11076408000008087
Iteration 200000. Average jobs: 1.1730769230769231 Time: 0.11183591999997589
Iteration 250000. Average jobs: 1.0192307692307692 Time: 0.11099538300004497
Iteration 300000. Average jobs: 1.0384615384615385 Time: 0.11185164900052769
Iteration 350000. Average jobs: 0.9423076923076923 Time: 0.11140894900017884
Iteration 400000. Average jobs: 1.1923076923076923 Time: 0.11167704000035883
Iteration 450000. Average jobs: 1.2115384615384615 Time: 0.111483779000082
Iteration 500000. Average jobs: 1.1923076923076923 Time: 0.11123790800047573
Iteration 550000. Average jobs: 1.3653846153846154 Time: 0.11143437700047798
Iteration 600000. Average jobs: 1.2692307692307692 Time: 0.11138610600028187
Iteration 650000. Average jobs: 1.3653846153846154 Time: 0.11151087200050824
Iteration 700000. Average jobs: 1.4423076923076923 Time: 0.11154044500017335
Iteration 750000. Average jobs: 1.5961538461538463 Time: 0.11211566400015727
Iteration 800000. Average jobs: 1.6153846153846154 Time: 0.11156879699956335
Iteration 850000. Average jobs: 1.6923076923076923 Time: 0.11160313399977895
Iteration 900000. Average jobs: 1.6538461538461537 Time: 0.11107910000009724
Iteration 950000. Average jobs: 1.6923076923076923 Time: 0.11201366200020857
Iteration 1000000. Average jobs: 1.75 Time: 0.11146338199978345
Iteration 1050000. Average jobs: 1.75 Time: 0.11184692999995605
Iteration 1100000. Average jobs: 1.7884615384615385 Time: 0.11112731100001838
Iteration 1150000. Average jobs: 1.8846153846153846 Time: 0.11120652800036623
Iteration 1200000. Average jobs: 1.8269230769230769 Time: 0.11132224699940707
Iteration 1250000. Average jobs: 1.9807692307692308 Time: 0.11188835700068012
Iteration 1300000. Average jobs: 1.9423076923076923 Time: 0.1108889730003284
Iteration 1350000. Average jobs: 1.9807692307692308 Time: 0.11102705299981608
Iteration 1400000. Average jobs: 1.9615384615384615 Time: 0.11062984900036099
Iteration 1450000. Average jobs: 1.9807692307692308 Time: 0.110776653999892
Iteration 1500000. Average jobs: 1.9230769230769231 Time: 0.1113392279994514
Iteration 1550000. Average jobs: 2.019230769230769 Time: 0.11107882099986455
Iteration 1600000. Average jobs: 1.9230769230769231 Time: 0.11095200100044167
Iteration 1650000. Average jobs: 1.8846153846153846 Time: 0.11088989499967283
Iteration 1700000. Average jobs: 1.8269230769230769 Time: 0.11099717700017209
Iteration 1750000. Average jobs: 1.9230769230769231 Time: 0.11119572000006883
Iteration 1800000. Average jobs: 1.75 Time: 0.11130561499976466
Iteration 1850000. Average jobs: 1.7692307692307692 Time: 0.11186840099981055
Iteration 1900000. Average jobs: 1.7884615384615385 Time: 0.11144821399921057
Iteration 1950000. Average jobs: 1.8846153846153846 Time: 0.11116052299985313
Iteration 2000000. Average jobs: 1.8076923076923077 Time: 0.11126012899967463
Iteration 2050000. Average jobs: 1.9230769230769231 Time: 0.11081152899987501
Iteration 2100000. Average jobs: 1.7884615384615385 Time: 0.11094803400010278
Iteration 2150000. Average jobs: 1.8653846153846154 Time: 0.11162873099965509
Iteration 2200000. Average jobs: 1.8461538461538463 Time: 0.11153620700042666
Iteration 2250000. Average jobs: 1.8653846153846154 Time: 0.11140418000013597
Iteration 2300000. Average jobs: 1.8269230769230769 Time: 0.11114513400025317
Iteration 2350000. Average jobs: 1.8269230769230769 Time: 0.11137782100013283
Iteration 2400000. Average jobs: 1.8846153846153846 Time: 0.11172758599968802
Iteration 2450000. Average jobs: 1.9230769230769231 Time: 0.11194907199933368
Iteration 2500000. Average jobs: 1.9038461538461537 Time: 0.11152315300023474
Iteration 2550000. Average jobs: 1.8461538461538463 Time: 0.11155042500013224
Iteration 2600000. Average jobs: 1.9807692307692308 Time: 0.11178994199963199
Iteration 2650000. Average jobs: 1.8653846153846154 Time: 0.11228451099941594
Iteration 2700000. Average jobs: 1.8269230769230769 Time: 0.11195206800039159
Iteration 2750000. Average jobs: 1.9038461538461537 Time: 0.11136158099998283
Iteration 2800000. Average jobs: 1.8653846153846154 Time: 0.11156842699983827
Iteration 2850000. Average jobs: 1.8076923076923077 Time: 0.11123416100053873
Iteration 2900000. Average jobs: 1.7692307692307692 Time: 0.11178759900030855
Iteration 2950000. Average jobs: 1.8653846153846154 Time: 0.11198697399959201
Iteration 3000000. Average jobs: 1.8461538461538463 Time: 0.11151896499904979
Trial 1 wall time: 70.52579 min
Trial 1 logged to sweep CSV: /home/alesage/arno_data/CourseRecSys_CLIRS/Results/JCRec/steps_3000000/data_42/courses_100/k_2/sweeps/jcrec_dqn_data42.csv
Raw eval JSON: /home/alesage/arno_data/CourseRecSys_CLIRS/Results/JCRec/steps_3000000/data_42/courses_100/k_2/raw/jcrec_dqn_data42_rl43_k2_eval.json
Raw training log: /home/alesage/arno_data/CourseRecSys_CLIRS/Results/JCRec/steps_3000000/data_42/courses_100/k_2/raw/jcrec_dqn_data42_rl43_k2_training.txt

--- Trial 3/12 (trial_id=2, rl_seed=44) ---
Iteration 50000. Average jobs: 0.11538461538461539 Time: 0.09008504899975378
Iteration 100000. Average jobs: 1.0384615384615385 Time: 0.11123317999954452
Iteration 150000. Average jobs: 0.8653846153846154 Time: 0.11188629400021455
Iteration 200000. Average jobs: 1.1346153846153846 Time: 0.11033156799931021
Iteration 250000. Average jobs: 1.0384615384615385 Time: 0.11132867800006352
Iteration 300000. Average jobs: 1.0576923076923077 Time: 0.11076472900094814
Iteration 350000. Average jobs: 1.0384615384615385 Time: 0.11128160999942338
Iteration 400000. Average jobs: 1.1346153846153846 Time: 0.1109711180015438
Iteration 450000. Average jobs: 1.2884615384615385 Time: 0.11109367800054315
Iteration 500000. Average jobs: 1.3076923076923077 Time: 0.11103726200053643
Iteration 550000. Average jobs: 1.3269230769230769 Time: 0.11189408999962325
Iteration 600000. Average jobs: 1.3653846153846154 Time: 0.11137717900055577
Iteration 650000. Average jobs: 1.4423076923076923 Time: 0.11160080900117464
Iteration 700000. Average jobs: 1.5769230769230769 Time: 0.11177303099975688
Iteration 750000. Average jobs: 1.6538461538461537 Time: 0.11178455399931408
Iteration 800000. Average jobs: 1.6538461538461537 Time: 0.11132733600061329
Iteration 850000. Average jobs: 1.6923076923076923 Time: 0.11079963600059273
Iteration 900000. Average jobs: 1.7115384615384615 Time: 0.11103488699882291
Iteration 950000. Average jobs: 1.6923076923076923 Time: 0.1116612730002089
Iteration 1000000. Average jobs: 1.7692307692307692 Time: 0.1114654339999106
Iteration 1050000. Average jobs: 1.7115384615384615 Time: 0.11066085700076655
Iteration 1100000. Average jobs: 1.6923076923076923 Time: 0.10973050299980969
Iteration 1150000. Average jobs: 1.7692307692307692 Time: 0.10986546399908548
Iteration 1200000. Average jobs: 1.75 Time: 0.11105499600125768
Iteration 1250000. Average jobs: 1.7692307692307692 Time: 0.10995306899894786
Iteration 1300000. Average jobs: 1.6730769230769231 Time: 0.11083575299926451
Iteration 1350000. Average jobs: 1.8461538461538463 Time: 0.11117143299998133
Iteration 1400000. Average jobs: 1.9230769230769231 Time: 0.11147217799953069
Iteration 1450000. Average jobs: 1.8076923076923077 Time: 0.11132241700033774
Iteration 1500000. Average jobs: 1.9423076923076923 Time: 0.11170446300093317
Iteration 1550000. Average jobs: 1.9423076923076923 Time: 0.11107225799969456
Iteration 1600000. Average jobs: 1.8269230769230769 Time: 0.11150504900069791
Iteration 1650000. Average jobs: 1.9615384615384615 Time: 0.11127769099948637
Iteration 1700000. Average jobs: 1.9615384615384615 Time: 0.11131974199997785
Iteration 1750000. Average jobs: 1.9423076923076923 Time: 0.11117010000089067
Iteration 1800000. Average jobs: 2.0 Time: 0.11049311200076772
Iteration 1850000. Average jobs: 2.0576923076923075 Time: 0.11189523000030022
Iteration 1900000. Average jobs: 2.0 Time: 0.11152783199941041
Iteration 1950000. Average jobs: 1.9807692307692308 Time: 0.11138288000074681
Iteration 2000000. Average jobs: 1.9615384615384615 Time: 0.11129292099940358
Iteration 2050000. Average jobs: 1.9423076923076923 Time: 0.11180275799961237
Iteration 2100000. Average jobs: 1.8846153846153846 Time: 0.1107352049984911
Iteration 2150000. Average jobs: 1.9615384615384615 Time: 0.11080862199924013
Iteration 2200000. Average jobs: 2.0 Time: 0.11153238899896678
Iteration 2250000. Average jobs: 1.9615384615384615 Time: 0.111636384999656
Iteration 2300000. Average jobs: 1.9615384615384615 Time: 0.11086560100011411
Iteration 2350000. Average jobs: 1.9807692307692308 Time: 0.11148467100065318
Iteration 2400000. Average jobs: 1.9807692307692308 Time: 0.11122703699948033
Iteration 2450000. Average jobs: 2.0 Time: 0.11086092100049427
Iteration 2500000. Average jobs: 1.9807692307692308 Time: 0.11115823700129113
Iteration 2550000. Average jobs: 1.9807692307692308 Time: 0.11110358599944448
Iteration 2600000. Average jobs: 2.0 Time: 0.11106650799956697
Iteration 2650000. Average jobs: 2.0 Time: 0.11152053800105932
Iteration 2700000. Average jobs: 2.0576923076923075 Time: 0.11150090099908994
Iteration 2750000. Average jobs: 2.0384615384615383 Time: 0.11122124600115058
Iteration 2800000. Average jobs: 1.9615384615384615 Time: 0.11146290199940267
Iteration 2850000. Average jobs: 1.9423076923076923 Time: 0.1111581990007835
Iteration 2900000. Average jobs: 1.9038461538461537 Time: 0.1117812579996098
Iteration 2950000. Average jobs: 2.019230769230769 Time: 0.11136387400074454
Iteration 3000000. Average jobs: 1.9807692307692308 Time: 0.11108709499967517
Trial 2 wall time: 70.41704 min
Trial 2 logged to sweep CSV: /home/alesage/arno_data/CourseRecSys_CLIRS/Results/JCRec/steps_3000000/data_42/courses_100/k_2/sweeps/jcrec_dqn_data42.csv
Raw eval JSON: /home/alesage/arno_data/CourseRecSys_CLIRS/Results/JCRec/steps_3000000/data_42/courses_100/k_2/raw/jcrec_dqn_data42_rl44_k2_eval.json
Raw training log: /home/alesage/arno_data/CourseRecSys_CLIRS/Results/JCRec/steps_3000000/data_42/courses_100/k_2/raw/jcrec_dqn_data42_rl44_k2_training.txt

--- Trial 4/12 (trial_id=3, rl_seed=45) ---
Iteration 50000. Average jobs: 0.11538461538461539 Time: 0.07859755699973903
Iteration 100000. Average jobs: 1.0576923076923077 Time: 0.10953775999951176
Iteration 150000. Average jobs: 1.3076923076923077 Time: 0.11052994199962995
Iteration 200000. Average jobs: 1.1923076923076923 Time: 0.11057910199997423
Iteration 250000. Average jobs: 1.1538461538461537 Time: 0.11086750299909909
Iteration 300000. Average jobs: 1.0961538461538463 Time: 0.11050642600093852
Iteration 350000. Average jobs: 1.25 Time: 0.11037236499942082
Iteration 400000. Average jobs: 1.2692307692307692 Time: 0.11065231900101935
Iteration 450000. Average jobs: 1.25 Time: 0.11056137900050089
Iteration 500000. Average jobs: 1.2692307692307692 Time: 0.11048499699973036
Iteration 550000. Average jobs: 1.4423076923076923 Time: 0.11103095100042992
Iteration 600000. Average jobs: 1.5961538461538463 Time: 0.11127934500109404
Iteration 650000. Average jobs: 1.5576923076923077 Time: 0.11150697199991555
Iteration 700000. Average jobs: 1.6346153846153846 Time: 0.11090670700104965
Iteration 750000. Average jobs: 1.6730769230769231 Time: 0.11114040599932196
Iteration 800000. Average jobs: 1.6346153846153846 Time: 0.1107917509998515
Iteration 850000. Average jobs: 1.6923076923076923 Time: 0.11085628299952077
Iteration 900000. Average jobs: 1.6730769230769231 Time: 0.1107207990007737
Iteration 950000. Average jobs: 1.7115384615384615 Time: 0.1108517140000913
Iteration 1000000. Average jobs: 1.6923076923076923 Time: 0.11107334999906016
Iteration 1050000. Average jobs: 1.6923076923076923 Time: 0.1108854270005395
Iteration 1100000. Average jobs: 1.7307692307692308 Time: 0.11062338599913346
Iteration 1150000. Average jobs: 1.7884615384615385 Time: 0.11071936699954676
Iteration 1200000. Average jobs: 1.8461538461538463 Time: 0.11069868699996732
Iteration 1250000. Average jobs: 1.8653846153846154 Time: 0.11104787200019928
Iteration 1300000. Average jobs: 1.8846153846153846 Time: 0.11063893499886035
Iteration 1350000. Average jobs: 2.019230769230769 Time: 0.11082835999877716
Iteration 1400000. Average jobs: 1.9807692307692308 Time: 0.11085692400047265
Iteration 1450000. Average jobs: 1.9807692307692308 Time: 0.11106549500073015
Iteration 1500000. Average jobs: 1.9423076923076923 Time: 0.11086102100125572
Iteration 1550000. Average jobs: 1.9423076923076923 Time: 0.11083323000093515
Iteration 1600000. Average jobs: 2.0 Time: 0.11119478699947649
Iteration 1650000. Average jobs: 1.9423076923076923 Time: 0.11135788400133606
Iteration 1700000. Average jobs: 1.9807692307692308 Time: 0.11121722999996564
Iteration 1750000. Average jobs: 1.9423076923076923 Time: 0.11103152200121258
Iteration 1800000. Average jobs: 1.8846153846153846 Time: 0.11075315000016417
Iteration 1850000. Average jobs: 1.9038461538461537 Time: 0.11110464800003683
Iteration 1900000. Average jobs: 2.0 Time: 0.11099930999989738
Iteration 1950000. Average jobs: 1.9807692307692308 Time: 0.11104963300022064
Iteration 2000000. Average jobs: 1.8846153846153846 Time: 0.11066518499865197
Iteration 2050000. Average jobs: 2.0 Time: 0.11095074900003965
Iteration 2100000. Average jobs: 1.9615384615384615 Time: 0.11124876899884839
Iteration 2150000. Average jobs: 2.0 Time: 0.1111748199982685
Iteration 2200000. Average jobs: 2.019230769230769 Time: 0.11121600700062118
Iteration 2250000. Average jobs: 2.076923076923077 Time: 0.1111693290004041
Iteration 2300000. Average jobs: 1.9807692307692308 Time: 0.11097876300118514
Iteration 2350000. Average jobs: 2.1153846153846154 Time: 0.1109085000007326
Iteration 2400000. Average jobs: 2.0 Time: 0.11105571599910036
Iteration 2450000. Average jobs: 1.9807692307692308 Time: 0.11127564899834397
Iteration 2500000. Average jobs: 2.0384615384615383 Time: 0.11163989099986793
Iteration 2550000. Average jobs: 1.9807692307692308 Time: 0.11141804500039143
Iteration 2600000. Average jobs: 2.019230769230769 Time: 0.11120239999945625
Iteration 2650000. Average jobs: 1.9807692307692308 Time: 0.1113925770005153
Iteration 2700000. Average jobs: 1.9038461538461537 Time: 0.111383391000345
Iteration 2750000. Average jobs: 1.8846153846153846 Time: 0.11101262500233133
Iteration 2800000. Average jobs: 1.8846153846153846 Time: 0.1114434440023615
Iteration 2850000. Average jobs: 1.9807692307692308 Time: 0.11151698300091084
Iteration 2900000. Average jobs: 2.019230769230769 Time: 0.11147592399720452
Iteration 2950000. Average jobs: 1.8846153846153846 Time: 0.1117176070001733
Iteration 3000000. Average jobs: 1.9615384615384615 Time: 0.11129073700067238
Trial 3 wall time: 70.28245 min
Trial 3 logged to sweep CSV: /home/alesage/arno_data/CourseRecSys_CLIRS/Results/JCRec/steps_3000000/data_42/courses_100/k_2/sweeps/jcrec_dqn_data42.csv
Raw eval JSON: /home/alesage/arno_data/CourseRecSys_CLIRS/Results/JCRec/steps_3000000/data_42/courses_100/k_2/raw/jcrec_dqn_data42_rl45_k2_eval.json
Raw training log: /home/alesage/arno_data/CourseRecSys_CLIRS/Results/JCRec/steps_3000000/data_42/courses_100/k_2/raw/jcrec_dqn_data42_rl45_k2_training.txt

--- Trial 5/12 (trial_id=4, rl_seed=46) ---
Iteration 50000. Average jobs: 0.19230769230769232 Time: 0.08344079000016791
Iteration 100000. Average jobs: 0.9807692307692307 Time: 0.11075686600088375
Iteration 150000. Average jobs: 0.9038461538461539 Time: 0.11140456000066479
Iteration 200000. Average jobs: 0.9038461538461539 Time: 0.11128170099982526
Iteration 250000. Average jobs: 1.1538461538461537 Time: 0.11216035699908389
Iteration 300000. Average jobs: 1.0384615384615385 Time: 0.11142032100178767
Iteration 350000. Average jobs: 1.1923076923076923 Time: 0.11146925200227997
Iteration 400000. Average jobs: 1.2692307692307692 Time: 0.11152169200067874
Iteration 450000. Average jobs: 1.3846153846153846 Time: 0.1107670750025136
Iteration 500000. Average jobs: 1.4038461538461537 Time: 0.11049442299918155
Iteration 550000. Average jobs: 1.4807692307692308 Time: 0.11124506100168219
Iteration 600000. Average jobs: 1.6346153846153846 Time: 0.11103574899971136
Iteration 650000. Average jobs: 1.6346153846153846 Time: 0.11112312299883342
Iteration 700000. Average jobs: 1.75 Time: 0.11124469100104761
Iteration 750000. Average jobs: 1.8461538461538463 Time: 0.11138952200053609
Iteration 800000. Average jobs: 1.7307692307692308 Time: 0.1113568610016955
Iteration 850000. Average jobs: 1.75 Time: 0.11118701300074463
Iteration 900000. Average jobs: 1.6538461538461537 Time: 0.11141975999998976
Iteration 950000. Average jobs: 1.8461538461538463 Time: 0.11083972099731909
Iteration 1000000. Average jobs: 1.8269230769230769 Time: 0.1106416309994529
Iteration 1050000. Average jobs: 1.8461538461538463 Time: 0.11093372699906467
Iteration 1100000. Average jobs: 1.8653846153846154 Time: 0.11082977399928495
Iteration 1150000. Average jobs: 1.8846153846153846 Time: 0.11118297500070184
Iteration 1200000. Average jobs: 1.8461538461538463 Time: 0.11173918699932983
Iteration 1250000. Average jobs: 1.8653846153846154 Time: 0.11120307199962554
Iteration 1300000. Average jobs: 1.8076923076923077 Time: 0.1113129889999982
Iteration 1350000. Average jobs: 1.7692307692307692 Time: 0.11142894600197906
Iteration 1400000. Average jobs: 1.8846153846153846 Time: 0.11122361099842237
Iteration 1450000. Average jobs: 1.8269230769230769 Time: 0.1121281089981494
Iteration 1500000. Average jobs: 1.9230769230769231 Time: 0.11118071999953827
Iteration 1550000. Average jobs: 1.8846153846153846 Time: 0.11111816400079988
Iteration 1600000. Average jobs: 1.8653846153846154 Time: 0.11132337000162806
Iteration 1650000. Average jobs: 1.8846153846153846 Time: 0.11144152999986545
Iteration 1700000. Average jobs: 1.9615384615384615 Time: 0.11156541200034553
Iteration 1750000. Average jobs: 1.9423076923076923 Time: 0.11138116700021783
Iteration 1800000. Average jobs: 1.8461538461538463 Time: 0.11105069599943818
Iteration 1850000. Average jobs: 1.9038461538461537 Time: 0.11131958099940675
Iteration 1900000. Average jobs: 1.8461538461538463 Time: 0.11170295099873329
Iteration 1950000. Average jobs: 1.9230769230769231 Time: 0.11142898699836223
Iteration 2000000. Average jobs: 1.9038461538461537 Time: 0.11103864399774466
Iteration 2050000. Average jobs: 1.8461538461538463 Time: 0.11138147699966794
Iteration 2100000. Average jobs: 1.9423076923076923 Time: 0.11154490400076611
Iteration 2150000. Average jobs: 1.9615384615384615 Time: 0.11211643500064383
Iteration 2200000. Average jobs: 1.8653846153846154 Time: 0.11179902900039451
Iteration 2250000. Average jobs: 1.9423076923076923 Time: 0.11146910100069363
Iteration 2300000. Average jobs: 1.9423076923076923 Time: 0.11131912999917404
Iteration 2350000. Average jobs: 1.8846153846153846 Time: 0.11176413500288618
Iteration 2400000. Average jobs: 1.9615384615384615 Time: 0.11078098999860231
Iteration 2450000. Average jobs: 1.9423076923076923 Time: 0.1118839000009757
Iteration 2500000. Average jobs: 1.9038461538461537 Time: 0.11161612700016121
Iteration 2550000. Average jobs: 1.9038461538461537 Time: 0.1110106510022888
Iteration 2600000. Average jobs: 1.8846153846153846 Time: 0.11128011700202478
Iteration 2650000. Average jobs: 1.8269230769230769 Time: 0.11067174699928728
Iteration 2700000. Average jobs: 1.7692307692307692 Time: 0.11102471800040803
Iteration 2750000. Average jobs: 1.8076923076923077 Time: 0.11127421600031084
Iteration 2800000. Average jobs: 1.7692307692307692 Time: 0.11000327299916535
Iteration 2850000. Average jobs: 1.9230769230769231 Time: 0.11178090600151336
Iteration 2900000. Average jobs: 1.9038461538461537 Time: 0.1114913740020711
Iteration 2950000. Average jobs: 1.8653846153846154 Time: 0.11117419999936828
Iteration 3000000. Average jobs: 1.8846153846153846 Time: 0.11131908999959705
Trial 4 wall time: 70.46499 min
Trial 4 logged to sweep CSV: /home/alesage/arno_data/CourseRecSys_CLIRS/Results/JCRec/steps_3000000/data_42/courses_100/k_2/sweeps/jcrec_dqn_data42.csv
Raw eval JSON: /home/alesage/arno_data/CourseRecSys_CLIRS/Results/JCRec/steps_3000000/data_42/courses_100/k_2/raw/jcrec_dqn_data42_rl46_k2_eval.json
Raw training log: /home/alesage/arno_data/CourseRecSys_CLIRS/Results/JCRec/steps_3000000/data_42/courses_100/k_2/raw/jcrec_dqn_data42_rl46_k2_training.txt

--- Trial 6/12 (trial_id=5, rl_seed=47) ---
Iteration 50000. Average jobs: 0.17307692307692307 Time: 0.08338686800198047
Iteration 100000. Average jobs: 1.0961538461538463 Time: 0.11046987699955935
Iteration 150000. Average jobs: 1.1153846153846154 Time: 0.11104485599935288
Iteration 200000. Average jobs: 1.0 Time: 0.11092513200128451
Iteration 250000. Average jobs: 0.9807692307692307 Time: 0.11066611699789064
Iteration 300000. Average jobs: 1.1538461538461537 Time: 0.11211950099823298
Iteration 350000. Average jobs: 1.4615384615384615 Time: 0.11163905099965632
Iteration 400000. Average jobs: 1.4807692307692308 Time: 0.11126952799895662
Iteration 450000. Average jobs: 1.4807692307692308 Time: 0.11135618999833241
Iteration 500000. Average jobs: 1.4038461538461537 Time: 0.11114140800054884
Iteration 550000. Average jobs: 1.4615384615384615 Time: 0.11108313699878636
Iteration 600000. Average jobs: 1.5 Time: 0.11134229299932485
Iteration 650000. Average jobs: 1.5192307692307692 Time: 0.1109153539982799
Iteration 700000. Average jobs: 1.5384615384615385 Time: 0.1113327359998948
Iteration 750000. Average jobs: 1.4807692307692308 Time: 0.11048169100104133
Iteration 800000. Average jobs: 1.5 Time: 0.11118530900057522
Iteration 850000. Average jobs: 1.5 Time: 0.11142539900174597
Iteration 900000. Average jobs: 1.4038461538461537 Time: 0.11036352899827762
Iteration 950000. Average jobs: 1.4807692307692308 Time: 0.11039167100170744
Iteration 1000000. Average jobs: 1.4807692307692308 Time: 0.11065523400247912
Iteration 1050000. Average jobs: 1.5769230769230769 Time: 0.110360953000054
Iteration 1100000. Average jobs: 1.6730769230769231 Time: 0.11151929499828839
Iteration 1150000. Average jobs: 1.6923076923076923 Time: 0.11192042799666524
Iteration 1200000. Average jobs: 1.7884615384615385 Time: 0.11130355099885492
Iteration 1250000. Average jobs: 1.6153846153846154 Time: 0.11034835000100429
Iteration 1300000. Average jobs: 1.8269230769230769 Time: 0.11123987199971452
Iteration 1350000. Average jobs: 1.7884615384615385 Time: 0.11040823200164596
Iteration 1400000. Average jobs: 1.6730769230769231 Time: 0.11079762100052903
Iteration 1450000. Average jobs: 1.6153846153846154 Time: 0.11055365500214975
Iteration 1500000. Average jobs: 1.6923076923076923 Time: 0.1103276609974273
Iteration 1550000. Average jobs: 1.7884615384615385 Time: 0.11128635900240624
Iteration 1600000. Average jobs: 1.7884615384615385 Time: 0.11141324799973518
Iteration 1650000. Average jobs: 1.5961538461538463 Time: 0.11125483999785502
Iteration 1700000. Average jobs: 1.6923076923076923 Time: 0.11038365599961253
Iteration 1750000. Average jobs: 1.7307692307692308 Time: 0.11092044199904194
Iteration 1800000. Average jobs: 1.7115384615384615 Time: 0.11078696200274862
Iteration 1850000. Average jobs: 1.7115384615384615 Time: 0.11106709700106876
Iteration 1900000. Average jobs: 1.8653846153846154 Time: 0.11101757399956114
Iteration 1950000. Average jobs: 1.7884615384615385 Time: 0.11078360499959672
Iteration 2000000. Average jobs: 1.7692307692307692 Time: 0.11006492900196463
Iteration 2050000. Average jobs: 1.8269230769230769 Time: 0.11089389200060396
Iteration 2100000. Average jobs: 1.7692307692307692 Time: 0.11036359900026582
Iteration 2150000. Average jobs: 1.8269230769230769 Time: 0.11107611500119674
Iteration 2200000. Average jobs: 1.9038461538461537 Time: 0.11119285399763612
Iteration 2250000. Average jobs: 1.8269230769230769 Time: 0.11093187499864143
Iteration 2300000. Average jobs: 1.8461538461538463 Time: 0.1115728470031172
Iteration 2350000. Average jobs: 1.8653846153846154 Time: 0.11164538199955132
Iteration 2400000. Average jobs: 1.8076923076923077 Time: 0.11102233400015393
Iteration 2450000. Average jobs: 1.8653846153846154 Time: 0.11147532399991178
Iteration 2500000. Average jobs: 1.8269230769230769 Time: 0.11168024799917475
Iteration 2550000. Average jobs: 1.8461538461538463 Time: 0.11136192999765626
Iteration 2600000. Average jobs: 1.8076923076923077 Time: 0.11124491100054001
Iteration 2650000. Average jobs: 1.8461538461538463 Time: 0.11175992700009374
Iteration 2700000. Average jobs: 1.7884615384615385 Time: 0.1112807099998463
Iteration 2750000. Average jobs: 1.8461538461538463 Time: 0.11126477799916756
Iteration 2800000. Average jobs: 1.8461538461538463 Time: 0.11191176300053485
Iteration 2850000. Average jobs: 1.9230769230769231 Time: 0.11200933500003885
Iteration 2900000. Average jobs: 1.8461538461538463 Time: 0.11122915200030548
Iteration 2950000. Average jobs: 1.8846153846153846 Time: 0.11157634200208122
Iteration 3000000. Average jobs: 1.8846153846153846 Time: 0.1106826169998385
Trial 5 wall time: 70.59596 min
Trial 5 logged to sweep CSV: /home/alesage/arno_data/CourseRecSys_CLIRS/Results/JCRec/steps_3000000/data_42/courses_100/k_2/sweeps/jcrec_dqn_data42.csv
Raw eval JSON: /home/alesage/arno_data/CourseRecSys_CLIRS/Results/JCRec/steps_3000000/data_42/courses_100/k_2/raw/jcrec_dqn_data42_rl47_k2_eval.json
Raw training log: /home/alesage/arno_data/CourseRecSys_CLIRS/Results/JCRec/steps_3000000/data_42/courses_100/k_2/raw/jcrec_dqn_data42_rl47_k2_training.txt

--- Trial 7/12 (trial_id=6, rl_seed=48) ---
Iteration 50000. Average jobs: 0.15384615384615385 Time: 0.08231473799969535
Iteration 100000. Average jobs: 0.9230769230769231 Time: 0.1116442009988532
Iteration 150000. Average jobs: 0.8846153846153846 Time: 0.11144995500217192
Iteration 200000. Average jobs: 0.9230769230769231 Time: 0.11161289099982241
Iteration 250000. Average jobs: 0.8653846153846154 Time: 0.11136187200099812
Iteration 300000. Average jobs: 1.1346153846153846 Time: 0.11188564300027792
Iteration 350000. Average jobs: 1.2884615384615385 Time: 0.11160400600056164
Iteration 400000. Average jobs: 1.4038461538461537 Time: 0.11161426400212804
Iteration 450000. Average jobs: 1.3461538461538463 Time: 0.11107584399724146
Iteration 500000. Average jobs: 1.4615384615384615 Time: 0.11132532299961895
Iteration 550000. Average jobs: 1.4423076923076923 Time: 0.11129133599752095
Iteration 600000. Average jobs: 1.3269230769230769 Time: 0.11141001199939637
Iteration 650000. Average jobs: 1.4423076923076923 Time: 0.11162147699724301
Iteration 700000. Average jobs: 1.4615384615384615 Time: 0.11108238599990727
Iteration 750000. Average jobs: 1.4423076923076923 Time: 0.11203296899839188
Iteration 800000. Average jobs: 1.4807692307692308 Time: 0.11139117700076895
Iteration 850000. Average jobs: 1.4038461538461537 Time: 0.11111831399830407
Iteration 900000. Average jobs: 1.4807692307692308 Time: 0.11177725000015926
Iteration 950000. Average jobs: 1.3461538461538463 Time: 0.11142244399889023
Iteration 1000000. Average jobs: 1.3653846153846154 Time: 0.11161885299952701
Iteration 1050000. Average jobs: 1.4230769230769231 Time: 0.11066712799947709
Iteration 1100000. Average jobs: 1.4615384615384615 Time: 0.11130465300084325
Iteration 1150000. Average jobs: 1.4423076923076923 Time: 0.11170984399723238
Iteration 1200000. Average jobs: 1.5384615384615385 Time: 0.11134654199850047
Iteration 1250000. Average jobs: 1.5576923076923077 Time: 0.11128597900096793
Iteration 1300000. Average jobs: 1.6153846153846154 Time: 0.11081985400232952
Iteration 1350000. Average jobs: 1.6153846153846154 Time: 0.11125232599806623
Iteration 1400000. Average jobs: 1.5384615384615385 Time: 0.11122775900003035
Iteration 1450000. Average jobs: 1.5576923076923077 Time: 0.11114220900344662
Iteration 1500000. Average jobs: 1.6730769230769231 Time: 0.11112052900352865
Iteration 1550000. Average jobs: 1.6923076923076923 Time: 0.1114852909995534
Iteration 1600000. Average jobs: 1.7884615384615385 Time: 0.11146945200016489
Iteration 1650000. Average jobs: 1.6538461538461537 Time: 0.11197152500244556
Iteration 1700000. Average jobs: 1.6730769230769231 Time: 0.1119655820002663
Iteration 1750000. Average jobs: 1.7692307692307692 Time: 0.11113750999720651
Iteration 1800000. Average jobs: 1.7692307692307692 Time: 0.11123772700011614
Iteration 1850000. Average jobs: 1.8653846153846154 Time: 0.11093643300046097
Iteration 1900000. Average jobs: 1.8846153846153846 Time: 0.11150161299883621
Iteration 1950000. Average jobs: 1.8461538461538463 Time: 0.11122990399962873
Iteration 2000000. Average jobs: 1.8653846153846154 Time: 0.11161012599768583
Iteration 2050000. Average jobs: 1.8653846153846154 Time: 0.11121481599911931
Iteration 2100000. Average jobs: 1.8461538461538463 Time: 0.11094862599929911
Iteration 2150000. Average jobs: 1.9038461538461537 Time: 0.11105259999749251
Iteration 2200000. Average jobs: 1.7884615384615385 Time: 0.11056521800128394
Iteration 2250000. Average jobs: 1.9230769230769231 Time: 0.11144587800299632
Iteration 2300000. Average jobs: 1.8461538461538463 Time: 0.11135131099945283
Iteration 2350000. Average jobs: 1.8076923076923077 Time: 0.1112102959996264
Iteration 2400000. Average jobs: 1.7884615384615385 Time: 0.1112424769999052
Iteration 2450000. Average jobs: 1.8269230769230769 Time: 0.11113102899980731
Iteration 2500000. Average jobs: 1.75 Time: 0.11089703900142922
Iteration 2550000. Average jobs: 1.8653846153846154 Time: 0.11056166000344092
Iteration 2600000. Average jobs: 1.8076923076923077 Time: 0.11100071400142042
Iteration 2650000. Average jobs: 1.7692307692307692 Time: 0.11068210500161513
Iteration 2700000. Average jobs: 1.75 Time: 0.1117571129980206
Iteration 2750000. Average jobs: 1.6923076923076923 Time: 0.1104354039998725
Iteration 2800000. Average jobs: 1.6538461538461537 Time: 0.11127274200043757
Iteration 2850000. Average jobs: 1.7307692307692308 Time: 0.11119603000042844
Iteration 2900000. Average jobs: 1.7115384615384615 Time: 0.11076897000020836
Iteration 2950000. Average jobs: 1.7307692307692308 Time: 0.11097268099911162
Iteration 3000000. Average jobs: 1.75 Time: 0.11054293499910273
Trial 6 wall time: 70.60494 min
Trial 6 logged to sweep CSV: /home/alesage/arno_data/CourseRecSys_CLIRS/Results/JCRec/steps_3000000/data_42/courses_100/k_2/sweeps/jcrec_dqn_data42.csv
Raw eval JSON: /home/alesage/arno_data/CourseRecSys_CLIRS/Results/JCRec/steps_3000000/data_42/courses_100/k_2/raw/jcrec_dqn_data42_rl48_k2_eval.json
Raw training log: /home/alesage/arno_data/CourseRecSys_CLIRS/Results/JCRec/steps_3000000/data_42/courses_100/k_2/raw/jcrec_dqn_data42_rl48_k2_training.txt

--- Trial 8/12 (trial_id=7, rl_seed=49) ---
Iteration 50000. Average jobs: 0.25 Time: 0.08812465200026054
Iteration 100000. Average jobs: 0.8846153846153846 Time: 0.11139252700013458
Iteration 150000. Average jobs: 1.1346153846153846 Time: 0.11142040000049747
Iteration 200000. Average jobs: 1.3269230769230769 Time: 0.11104613800125662
Iteration 250000. Average jobs: 1.3653846153846154 Time: 0.11141285799749312
Iteration 300000. Average jobs: 1.3461538461538463 Time: 0.11213532100009616
Iteration 350000. Average jobs: 1.4423076923076923 Time: 0.11145935300010024
Iteration 400000. Average jobs: 1.2692307692307692 Time: 0.11170240900173667
Iteration 450000. Average jobs: 1.5 Time: 0.11166693300037878
Iteration 500000. Average jobs: 1.5769230769230769 Time: 0.11123996199967223
Iteration 550000. Average jobs: 1.4230769230769231 Time: 0.1112867690026178
Iteration 600000. Average jobs: 1.4230769230769231 Time: 0.1106140170013532
Iteration 650000. Average jobs: 1.5 Time: 0.11126246400090167
Iteration 700000. Average jobs: 1.4038461538461537 Time: 0.11062093100190395
Iteration 750000. Average jobs: 1.6153846153846154 Time: 0.11122760899888817
Iteration 800000. Average jobs: 1.4807692307692308 Time: 0.11119122099989909
Iteration 850000. Average jobs: 1.6346153846153846 Time: 0.11148981999940588
Iteration 900000. Average jobs: 1.5961538461538463 Time: 0.11102382700119051
Iteration 950000. Average jobs: 1.6346153846153846 Time: 0.11194732899821247
Iteration 1000000. Average jobs: 1.6538461538461537 Time: 0.11066579599719262
Iteration 1050000. Average jobs: 1.6923076923076923 Time: 0.1116416750010103
Iteration 1100000. Average jobs: 1.6923076923076923 Time: 0.11065616799896816
Iteration 1150000. Average jobs: 1.6923076923076923 Time: 0.11097521600095206
Iteration 1200000. Average jobs: 1.7307692307692308 Time: 0.1108721329983382
Iteration 1250000. Average jobs: 1.7115384615384615 Time: 0.11131774800014682
Iteration 1300000. Average jobs: 1.7115384615384615 Time: 0.1110086369990313
Iteration 1350000. Average jobs: 1.75 Time: 0.11029341800167458
Iteration 1400000. Average jobs: 1.6923076923076923 Time: 0.1115399839982274
Iteration 1450000. Average jobs: 1.7115384615384615 Time: 0.11110328500217292
Iteration 1500000. Average jobs: 1.75 Time: 0.11124271800144925
Iteration 1550000. Average jobs: 1.7884615384615385 Time: 0.11157212599937338
Iteration 1600000. Average jobs: 1.8653846153846154 Time: 0.11138498399668606
Iteration 1650000. Average jobs: 1.8269230769230769 Time: 0.11025353099830681
Iteration 1700000. Average jobs: 1.8653846153846154 Time: 0.11120596699765883
Iteration 1750000. Average jobs: 1.7692307692307692 Time: 0.10988687500139349
Iteration 1800000. Average jobs: 1.7307692307692308 Time: 0.11114035599894123
Iteration 1850000. Average jobs: 1.7115384615384615 Time: 0.11030379699877813
Iteration 1900000. Average jobs: 1.5769230769230769 Time: 0.10996389999854728
Iteration 1950000. Average jobs: 1.7115384615384615 Time: 0.11112508600126603
Iteration 2000000. Average jobs: 1.7692307692307692 Time: 0.1102302889994462
Iteration 2050000. Average jobs: 1.75 Time: 0.1104814290010836
Iteration 2100000. Average jobs: 1.7307692307692308 Time: 0.11052877900146996
Iteration 2150000. Average jobs: 1.8846153846153846 Time: 0.1108334400014428
Iteration 2200000. Average jobs: 1.7307692307692308 Time: 0.11063067899885937
Iteration 2250000. Average jobs: 1.8653846153846154 Time: 0.1105771199981973
Iteration 2300000. Average jobs: 1.8846153846153846 Time: 0.11084356799983652
Iteration 2350000. Average jobs: 1.8653846153846154 Time: 0.11083433900057571
Iteration 2400000. Average jobs: 1.9423076923076923 Time: 0.11100289799651364
Iteration 2450000. Average jobs: 1.9807692307692308 Time: 0.11108390899607912
Iteration 2500000. Average jobs: 1.9038461538461537 Time: 0.11088667900185101
Iteration 2550000. Average jobs: 1.9423076923076923 Time: 0.11060733599879313
Iteration 2600000. Average jobs: 1.9807692307692308 Time: 0.11146737899980508
Iteration 2650000. Average jobs: 1.9423076923076923 Time: 0.11132922899560072
Iteration 2700000. Average jobs: 2.0 Time: 0.11071851499582408
Iteration 2750000. Average jobs: 1.9615384615384615 Time: 0.11062527999456506
Iteration 2800000. Average jobs: 1.9423076923076923 Time: 0.11141671399673214
Iteration 2850000. Average jobs: 1.9230769230769231 Time: 0.11027186699357117
Iteration 2900000. Average jobs: 1.9615384615384615 Time: 0.11139785900013521
Iteration 2950000. Average jobs: 2.0 Time: 0.11114466399885714
Iteration 3000000. Average jobs: 2.0 Time: 0.11171896100131562
Trial 7 wall time: 69.74557 min
Trial 7 logged to sweep CSV: /home/alesage/arno_data/CourseRecSys_CLIRS/Results/JCRec/steps_3000000/data_42/courses_100/k_2/sweeps/jcrec_dqn_data42.csv
Raw eval JSON: /home/alesage/arno_data/CourseRecSys_CLIRS/Results/JCRec/steps_3000000/data_42/courses_100/k_2/raw/jcrec_dqn_data42_rl49_k2_eval.json
Raw training log: /home/alesage/arno_data/CourseRecSys_CLIRS/Results/JCRec/steps_3000000/data_42/courses_100/k_2/raw/jcrec_dqn_data42_rl49_k2_training.txt

--- Trial 9/12 (trial_id=8, rl_seed=50) ---
Iteration 50000. Average jobs: 0.09615384615384616 Time: 0.08704826400207821
Iteration 100000. Average jobs: 1.1538461538461537 Time: 0.11111650100065162
Iteration 150000. Average jobs: 1.1730769230769231 Time: 0.11093428900494473
Iteration 200000. Average jobs: 1.1730769230769231 Time: 0.11062178300198866
Iteration 250000. Average jobs: 1.3269230769230769 Time: 0.11193295200064313
Iteration 300000. Average jobs: 1.2692307692307692 Time: 0.1117807670016191
Iteration 350000. Average jobs: 1.3076923076923077 Time: 0.11008862300514011
Iteration 400000. Average jobs: 1.3653846153846154 Time: 0.11106262999965111
Iteration 450000. Average jobs: 1.2884615384615385 Time: 0.11222613199788611
Iteration 500000. Average jobs: 1.2884615384615385 Time: 0.11089151899795979
Iteration 550000. Average jobs: 1.2115384615384615 Time: 0.11024396400171099
Iteration 600000. Average jobs: 1.3269230769230769 Time: 0.10978322000300977
Iteration 650000. Average jobs: 1.3269230769230769 Time: 0.11077991899946937
Iteration 700000. Average jobs: 1.25 Time: 0.11065379299543565
Iteration 750000. Average jobs: 1.5 Time: 0.10983577000297373
Iteration 800000. Average jobs: 1.4807692307692308 Time: 0.11064209199685138
Iteration 850000. Average jobs: 1.5769230769230769 Time: 0.11138710899831494
Iteration 900000. Average jobs: 1.5 Time: 0.11106138800096232
Iteration 950000. Average jobs: 1.6153846153846154 Time: 0.11088802300218958
Iteration 1000000. Average jobs: 1.6923076923076923 Time: 0.11101236600370612
Iteration 1050000. Average jobs: 1.6538461538461537 Time: 0.11076314700039802
Iteration 1100000. Average jobs: 1.6538461538461537 Time: 0.11146656700293534
Iteration 1150000. Average jobs: 1.6923076923076923 Time: 0.11134857599972747
Iteration 1200000. Average jobs: 1.7884615384615385 Time: 0.1117913759953808
Iteration 1250000. Average jobs: 1.7115384615384615 Time: 0.11101247499755118
Iteration 1300000. Average jobs: 1.6923076923076923 Time: 0.11196560200187378
Iteration 1350000. Average jobs: 1.6923076923076923 Time: 0.11220478100585751
Iteration 1400000. Average jobs: 1.5576923076923077 Time: 0.11162424199574161
Iteration 1450000. Average jobs: 1.5961538461538463 Time: 0.11136937500123167
Iteration 1500000. Average jobs: 1.6923076923076923 Time: 0.11106854100216879
Iteration 1550000. Average jobs: 1.75 Time: 0.11125846700451802
Iteration 1600000. Average jobs: 1.75 Time: 0.11086590100603644
Iteration 1650000. Average jobs: 1.6730769230769231 Time: 0.11124560399912298
Iteration 1700000. Average jobs: 1.7307692307692308 Time: 0.11148882799898274
Iteration 1750000. Average jobs: 1.75 Time: 0.11144503700052155
Iteration 1800000. Average jobs: 1.75 Time: 0.1107652699938626
Iteration 1850000. Average jobs: 1.7884615384615385 Time: 0.11208687900216319
Iteration 1900000. Average jobs: 1.7884615384615385 Time: 0.11104435699962778
Iteration 1950000. Average jobs: 1.7692307692307692 Time: 0.11112882399902446
Iteration 2000000. Average jobs: 1.6730769230769231 Time: 0.11228365899296477
Iteration 2050000. Average jobs: 1.8461538461538463 Time: 0.11179228800028795
Iteration 2100000. Average jobs: 1.7884615384615385 Time: 0.11162863099889364
Iteration 2150000. Average jobs: 1.6153846153846154 Time: 0.11125267600436928
Iteration 2200000. Average jobs: 1.7307692307692308 Time: 0.111936657995102
Iteration 2250000. Average jobs: 1.6538461538461537 Time: 0.11121956399438204
Iteration 2300000. Average jobs: 1.6153846153846154 Time: 0.11172361000353703
Iteration 2350000. Average jobs: 1.7884615384615385 Time: 0.11056098999688402
Iteration 2400000. Average jobs: 1.7884615384615385 Time: 0.11025168799824314
Iteration 2450000. Average jobs: 1.7307692307692308 Time: 0.11133341799722984
Iteration 2500000. Average jobs: 1.9230769230769231 Time: 0.11094541000056779
Iteration 2550000. Average jobs: 1.6923076923076923 Time: 0.11044368900184054
Iteration 2600000. Average jobs: 1.8269230769230769 Time: 0.11045196399936685
Iteration 2650000. Average jobs: 1.6923076923076923 Time: 0.11130197799502639
Iteration 2700000. Average jobs: 1.8269230769230769 Time: 0.11193737899884582
Iteration 2750000. Average jobs: 1.8653846153846154 Time: 0.11091848000069149
Iteration 2800000. Average jobs: 1.8846153846153846 Time: 0.11152233299799263
Iteration 2850000. Average jobs: 1.75 Time: 0.11141148500610143
Iteration 2900000. Average jobs: 1.8461538461538463 Time: 0.11122369200165849
Iteration 2950000. Average jobs: 1.7884615384615385 Time: 0.11165595999773359
Iteration 3000000. Average jobs: 1.8076923076923077 Time: 0.11136298299970804
Trial 8 wall time: 70.64067 min
Trial 8 logged to sweep CSV: /home/alesage/arno_data/CourseRecSys_CLIRS/Results/JCRec/steps_3000000/data_42/courses_100/k_2/sweeps/jcrec_dqn_data42.csv
Raw eval JSON: /home/alesage/arno_data/CourseRecSys_CLIRS/Results/JCRec/steps_3000000/data_42/courses_100/k_2/raw/jcrec_dqn_data42_rl50_k2_eval.json
Raw training log: /home/alesage/arno_data/CourseRecSys_CLIRS/Results/JCRec/steps_3000000/data_42/courses_100/k_2/raw/jcrec_dqn_data42_rl50_k2_training.txt

--- Trial 10/12 (trial_id=9, rl_seed=51) ---
Iteration 50000. Average jobs: 0.11538461538461539 Time: 0.0779358050058363
Iteration 100000. Average jobs: 0.9423076923076923 Time: 0.10954170799959684
Iteration 150000. Average jobs: 1.2115384615384615 Time: 0.111626496000099
Iteration 200000. Average jobs: 1.1346153846153846 Time: 0.11178902100073174
Iteration 250000. Average jobs: 1.1153846153846154 Time: 0.11096047799946973
Iteration 300000. Average jobs: 1.2692307692307692 Time: 0.11174939700140385
Iteration 350000. Average jobs: 1.3653846153846154 Time: 0.11120749099791283
Iteration 400000. Average jobs: 1.3076923076923077 Time: 0.110737078000966
Iteration 450000. Average jobs: 1.4423076923076923 Time: 0.1108993140005623
Iteration 500000. Average jobs: 1.3076923076923077 Time: 0.11073613799817394
Iteration 550000. Average jobs: 1.3653846153846154 Time: 0.11103676199854817
Iteration 600000. Average jobs: 1.3846153846153846 Time: 0.11016400499647716
Iteration 650000. Average jobs: 1.5769230769230769 Time: 0.11097020500164945
Iteration 700000. Average jobs: 1.6538461538461537 Time: 0.11031426500267116
Iteration 750000. Average jobs: 1.8846153846153846 Time: 0.11068726500525372
Iteration 800000. Average jobs: 1.8076923076923077 Time: 0.11163244899944402
Iteration 850000. Average jobs: 1.7884615384615385 Time: 0.11100055299903033
Iteration 900000. Average jobs: 1.8076923076923077 Time: 0.11114403200190281
Iteration 950000. Average jobs: 1.75 Time: 0.11125223599810852
Iteration 1000000. Average jobs: 1.75 Time: 0.11161607700341847
Iteration 1050000. Average jobs: 1.6923076923076923 Time: 0.11155919099837774
Iteration 1100000. Average jobs: 1.8461538461538463 Time: 0.11178114700305741
Iteration 1150000. Average jobs: 1.7884615384615385 Time: 0.1113567200009129
Iteration 1200000. Average jobs: 1.8269230769230769 Time: 0.11086100100510521
Iteration 1250000. Average jobs: 1.7884615384615385 Time: 0.11115795700607123
Iteration 1300000. Average jobs: 1.9038461538461537 Time: 0.11085822700260906
Iteration 1350000. Average jobs: 1.8076923076923077 Time: 0.11105031699844403
Iteration 1400000. Average jobs: 1.9038461538461537 Time: 0.11119532900193008
Iteration 1450000. Average jobs: 1.8653846153846154 Time: 0.1110322719978285
Iteration 1500000. Average jobs: 1.7884615384615385 Time: 0.11150707200431498
Iteration 1550000. Average jobs: 1.9230769230769231 Time: 0.11174468800163595
Iteration 1600000. Average jobs: 1.9615384615384615 Time: 0.1116669830007595
Iteration 1650000. Average jobs: 1.9423076923076923 Time: 0.11142676199960988
Iteration 1700000. Average jobs: 1.8269230769230769 Time: 0.11123927000153344
Iteration 1750000. Average jobs: 1.9615384615384615 Time: 0.11145779200160177
Iteration 1800000. Average jobs: 1.9230769230769231 Time: 0.11167750300228363
Iteration 1850000. Average jobs: 1.8653846153846154 Time: 0.11127266399853397
Iteration 1900000. Average jobs: 1.9807692307692308 Time: 0.11138298099831445
Iteration 1950000. Average jobs: 1.9038461538461537 Time: 0.11199608999595512
Iteration 2000000. Average jobs: 1.9230769230769231 Time: 0.11111313400033396
Iteration 2050000. Average jobs: 1.8846153846153846 Time: 0.1111123420050717
Iteration 2100000. Average jobs: 1.8846153846153846 Time: 0.11078414700023131
Iteration 2150000. Average jobs: 1.9230769230769231 Time: 0.11111094000079902
Iteration 2200000. Average jobs: 1.8076923076923077 Time: 0.11114099599944893
Iteration 2250000. Average jobs: 1.9038461538461537 Time: 0.11212044300191337
Iteration 2300000. Average jobs: 1.9230769230769231 Time: 0.11053325600369135
Iteration 2350000. Average jobs: 1.8653846153846154 Time: 0.11077113400097005
Iteration 2400000. Average jobs: 1.8269230769230769 Time: 0.11101901800429914
Iteration 2450000. Average jobs: 1.8846153846153846 Time: 0.11158512800466269
Iteration 2500000. Average jobs: 1.8269230769230769 Time: 0.11177754100208404
Iteration 2550000. Average jobs: 1.9230769230769231 Time: 0.1107850199987297
Iteration 2600000. Average jobs: 1.9038461538461537 Time: 0.1115023839956848
Iteration 2650000. Average jobs: 1.9423076923076923 Time: 0.1117034320050152
Iteration 2700000. Average jobs: 1.9230769230769231 Time: 0.11183886400249321
Iteration 2750000. Average jobs: 1.9423076923076923 Time: 0.1115914710026118
Iteration 2800000. Average jobs: 1.9423076923076923 Time: 0.11120586899778573
Iteration 2850000. Average jobs: 1.8846153846153846 Time: 0.11158293500193395
Iteration 2900000. Average jobs: 1.9423076923076923 Time: 0.11148801800300134
Iteration 2950000. Average jobs: 1.9038461538461537 Time: 0.11167278399807401
Iteration 3000000. Average jobs: 1.9423076923076923 Time: 0.11198150299605913
Trial 9 wall time: 70.46498 min
Trial 9 logged to sweep CSV: /home/alesage/arno_data/CourseRecSys_CLIRS/Results/JCRec/steps_3000000/data_42/courses_100/k_2/sweeps/jcrec_dqn_data42.csv
Raw eval JSON: /home/alesage/arno_data/CourseRecSys_CLIRS/Results/JCRec/steps_3000000/data_42/courses_100/k_2/raw/jcrec_dqn_data42_rl51_k2_eval.json
Raw training log: /home/alesage/arno_data/CourseRecSys_CLIRS/Results/JCRec/steps_3000000/data_42/courses_100/k_2/raw/jcrec_dqn_data42_rl51_k2_training.txt

--- Trial 11/12 (trial_id=10, rl_seed=52) ---
Iteration 50000. Average jobs: 0.09615384615384616 Time: 0.07850111599691445
Iteration 100000. Average jobs: 0.7692307692307693 Time: 0.11079410499951337
Iteration 150000. Average jobs: 0.8461538461538461 Time: 0.11111676099972101
Iteration 200000. Average jobs: 1.2307692307692308 Time: 0.11144175899971742
Iteration 250000. Average jobs: 1.1346153846153846 Time: 0.111599475996627
Iteration 300000. Average jobs: 1.1153846153846154 Time: 0.11117958900285885
Iteration 350000. Average jobs: 1.2307692307692308 Time: 0.11153134900087025
Iteration 400000. Average jobs: 1.3461538461538463 Time: 0.1110302689994569
Iteration 450000. Average jobs: 1.2884615384615385 Time: 0.11100403899763478
Iteration 500000. Average jobs: 1.4038461538461537 Time: 0.1113923979937681
Iteration 550000. Average jobs: 1.5384615384615385 Time: 0.11166220400627935
Iteration 600000. Average jobs: 1.5192307692307692 Time: 0.11161466599878622
Iteration 650000. Average jobs: 1.5 Time: 0.11144900399813196
Iteration 700000. Average jobs: 1.5 Time: 0.11134702200070024
Iteration 750000. Average jobs: 1.5576923076923077 Time: 0.11137807100021746
Iteration 800000. Average jobs: 1.6346153846153846 Time: 0.11122763900493737
Iteration 850000. Average jobs: 1.8076923076923077 Time: 0.11130279899953166
Iteration 900000. Average jobs: 1.7692307692307692 Time: 0.11118872599763563
Iteration 950000. Average jobs: 1.6923076923076923 Time: 0.11095156100054737
Iteration 1000000. Average jobs: 1.7884615384615385 Time: 0.11077980999834836
Iteration 1050000. Average jobs: 1.7307692307692308 Time: 0.11105134800163796
Iteration 1100000. Average jobs: 1.6346153846153846 Time: 0.11105552699882537
Iteration 1150000. Average jobs: 1.7115384615384615 Time: 0.1111379610010772
Iteration 1200000. Average jobs: 1.8461538461538463 Time: 0.11103505799837876
Iteration 1250000. Average jobs: 1.75 Time: 0.1106872249947628
Iteration 1300000. Average jobs: 1.7884615384615385 Time: 0.11068926999723772
Iteration 1350000. Average jobs: 1.8461538461538463 Time: 0.11082212900510058
Iteration 1400000. Average jobs: 1.8461538461538463 Time: 0.11113541400118265
Iteration 1450000. Average jobs: 1.9615384615384615 Time: 0.11124246600229526
Iteration 1500000. Average jobs: 1.9038461538461537 Time: 0.11152003800089005
Iteration 1550000. Average jobs: 1.8846153846153846 Time: 0.11107635500229662
Iteration 1600000. Average jobs: 1.8461538461538463 Time: 0.11162085699470481
Iteration 1650000. Average jobs: 1.8653846153846154 Time: 0.11143447700305842
Iteration 1700000. Average jobs: 1.9038461538461537 Time: 0.11094687299919315
Iteration 1750000. Average jobs: 1.8653846153846154 Time: 0.1108927000022959
Iteration 1800000. Average jobs: 1.8461538461538463 Time: 0.11142261500208406
Iteration 1850000. Average jobs: 1.8653846153846154 Time: 0.11175183199520689
Iteration 1900000. Average jobs: 1.8653846153846154 Time: 0.11092397999891546
Iteration 1950000. Average jobs: 1.8846153846153846 Time: 0.11082794999674661
Iteration 2000000. Average jobs: 1.8653846153846154 Time: 0.11120323299837764
Iteration 2050000. Average jobs: 1.8846153846153846 Time: 0.11197529099445092
Iteration 2100000. Average jobs: 1.8269230769230769 Time: 0.11101452999719186
Iteration 2150000. Average jobs: 1.6923076923076923 Time: 0.11036291899654316
Iteration 2200000. Average jobs: 1.8269230769230769 Time: 0.11193277200072771
Iteration 2250000. Average jobs: 1.8653846153846154 Time: 0.1118117349979002
Iteration 2300000. Average jobs: 1.8269230769230769 Time: 0.11119875400618184
Iteration 2350000. Average jobs: 1.8846153846153846 Time: 0.11100062399782473
Iteration 2400000. Average jobs: 1.8653846153846154 Time: 0.11153898300108267
Iteration 2450000. Average jobs: 1.7884615384615385 Time: 0.11151387700374471
Iteration 2500000. Average jobs: 1.8461538461538463 Time: 0.11135731200192822
Iteration 2550000. Average jobs: 1.7692307692307692 Time: 0.11202487300033681
Iteration 2600000. Average jobs: 1.8461538461538463 Time: 0.11096050699416082
Iteration 2650000. Average jobs: 1.8653846153846154 Time: 0.11125311600335408
Iteration 2700000. Average jobs: 1.8269230769230769 Time: 0.11131760699936422
Iteration 2750000. Average jobs: 1.8846153846153846 Time: 0.11083289800444618
Iteration 2800000. Average jobs: 1.8461538461538463 Time: 0.11177430499810725
Iteration 2850000. Average jobs: 1.8076923076923077 Time: 0.11115997199522099
Iteration 2900000. Average jobs: 1.8269230769230769 Time: 0.11112753199995495
Iteration 2950000. Average jobs: 1.8269230769230769 Time: 0.1110333239994361
Iteration 3000000. Average jobs: 1.8461538461538463 Time: 0.11150802500196733
Trial 10 wall time: 70.50566 min
Trial 10 logged to sweep CSV: /home/alesage/arno_data/CourseRecSys_CLIRS/Results/JCRec/steps_3000000/data_42/courses_100/k_2/sweeps/jcrec_dqn_data42.csv
Raw eval JSON: /home/alesage/arno_data/CourseRecSys_CLIRS/Results/JCRec/steps_3000000/data_42/courses_100/k_2/raw/jcrec_dqn_data42_rl52_k2_eval.json
Raw training log: /home/alesage/arno_data/CourseRecSys_CLIRS/Results/JCRec/steps_3000000/data_42/courses_100/k_2/raw/jcrec_dqn_data42_rl52_k2_training.txt

--- Trial 12/12 (trial_id=11, rl_seed=53) ---
Iteration 50000. Average jobs: 0.09615384615384616 Time: 0.08000821099994937
Iteration 100000. Average jobs: 0.8846153846153846 Time: 0.1111948379984824
Iteration 150000. Average jobs: 1.4038461538461537 Time: 0.11091321099956986
Iteration 200000. Average jobs: 1.2115384615384615 Time: 0.11080703900370281
Iteration 250000. Average jobs: 1.1923076923076923 Time: 0.11116274700179929
Iteration 300000. Average jobs: 1.25 Time: 0.11107962299865903
Iteration 350000. Average jobs: 1.5769230769230769 Time: 0.11174316599499434
Iteration 400000. Average jobs: 1.4807692307692308 Time: 0.11099434299831046
Iteration 450000. Average jobs: 1.4038461538461537 Time: 0.11173211500135949
Iteration 500000. Average jobs: 1.4615384615384615 Time: 0.11051478199806297
Iteration 550000. Average jobs: 1.3461538461538463 Time: 0.11083503400004702
Iteration 600000. Average jobs: 1.5 Time: 0.11089975300274091
Iteration 650000. Average jobs: 1.5961538461538463 Time: 0.11103553799330257
Iteration 700000. Average jobs: 1.7307692307692308 Time: 0.11137456399592338
Iteration 750000. Average jobs: 1.7307692307692308 Time: 0.11070141100208275
Iteration 800000. Average jobs: 1.6346153846153846 Time: 0.11081376299989643
Iteration 850000. Average jobs: 1.75 Time: 0.11146555600134889
Iteration 900000. Average jobs: 1.75 Time: 0.11109849700005725
Iteration 950000. Average jobs: 1.7692307692307692 Time: 0.11138851899886504
Iteration 1000000. Average jobs: 1.7884615384615385 Time: 0.11157271599950036
Iteration 1050000. Average jobs: 1.7307692307692308 Time: 0.11161846199684078
Iteration 1100000. Average jobs: 1.9038461538461537 Time: 0.11159254299855093
Iteration 1150000. Average jobs: 1.9038461538461537 Time: 0.1122397670042119
Iteration 1200000. Average jobs: 1.7692307692307692 Time: 0.11179180800536415
Iteration 1250000. Average jobs: 1.7692307692307692 Time: 0.11167353599739727
Iteration 1300000. Average jobs: 1.5769230769230769 Time: 0.11237729500135174
Iteration 1350000. Average jobs: 1.6153846153846154 Time: 0.11115818899997976
Iteration 1400000. Average jobs: 1.7307692307692308 Time: 0.11129926299327053
Iteration 1450000. Average jobs: 1.8269230769230769 Time: 0.1118159920006292
Iteration 1500000. Average jobs: 1.6923076923076923 Time: 0.11245698400307447
Iteration 1550000. Average jobs: 1.7692307692307692 Time: 0.11149691500031622
Iteration 1600000. Average jobs: 1.75 Time: 0.11151838299701922
Iteration 1650000. Average jobs: 1.8846153846153846 Time: 0.11244515199359739
Iteration 1700000. Average jobs: 1.9423076923076923 Time: 0.11050135700497776
Iteration 1750000. Average jobs: 1.9615384615384615 Time: 0.11106979200121714
Iteration 1800000. Average jobs: 1.8846153846153846 Time: 0.11192755099909846
Iteration 1850000. Average jobs: 1.8269230769230769 Time: 0.11200182000175118
Iteration 1900000. Average jobs: 1.8461538461538463 Time: 0.11154218700539786
Iteration 1950000. Average jobs: 1.8653846153846154 Time: 0.1115970019964152
Iteration 2000000. Average jobs: 1.8461538461538463 Time: 0.1119158299989067
Iteration 2050000. Average jobs: 1.7692307692307692 Time: 0.1112770809995709
Iteration 2100000. Average jobs: 1.75 Time: 0.11114305099908961
Iteration 2150000. Average jobs: 1.6923076923076923 Time: 0.11119626000436256
Iteration 2200000. Average jobs: 1.75 Time: 0.11176753199833911
Iteration 2250000. Average jobs: 1.6538461538461537 Time: 0.1107270319989766
Iteration 2300000. Average jobs: 1.7115384615384615 Time: 0.11164808800094761
Iteration 2350000. Average jobs: 1.7692307692307692 Time: 0.11099407100118697
Iteration 2400000. Average jobs: 1.7307692307692308 Time: 0.11130335999769159
Iteration 2450000. Average jobs: 1.7692307692307692 Time: 0.11150217399699613
Iteration 2500000. Average jobs: 1.7115384615384615 Time: 0.1100830630020937
Iteration 2550000. Average jobs: 1.7307692307692308 Time: 0.11112737099756487
Iteration 2600000. Average jobs: 1.8461538461538463 Time: 0.11080340499756858
Iteration 2650000. Average jobs: 1.8269230769230769 Time: 0.11116629499883857
Iteration 2700000. Average jobs: 1.7692307692307692 Time: 0.11064510600408539
Iteration 2750000. Average jobs: 1.8076923076923077 Time: 0.11066296900389716
Iteration 2800000. Average jobs: 1.8076923076923077 Time: 0.1119623069971567
Iteration 2850000. Average jobs: 1.9230769230769231 Time: 0.11112314300407888
Iteration 2900000. Average jobs: 1.9230769230769231 Time: 0.11115566499938723
Iteration 2950000. Average jobs: 1.9807692307692308 Time: 0.1112648190028267
Iteration 3000000. Average jobs: 1.8461538461538463 Time: 0.11117056100192713
Trial 11 wall time: 70.57692 min
Trial 11 logged to sweep CSV: /home/alesage/arno_data/CourseRecSys_CLIRS/Results/JCRec/steps_3000000/data_42/courses_100/k_2/sweeps/jcrec_dqn_data42.csv
Raw eval JSON: /home/alesage/arno_data/CourseRecSys_CLIRS/Results/JCRec/steps_3000000/data_42/courses_100/k_2/raw/jcrec_dqn_data42_rl53_k2_eval.json
Raw training log: /home/alesage/arno_data/CourseRecSys_CLIRS/Results/JCRec/steps_3000000/data_42/courses_100/k_2/raw/jcrec_dqn_data42_rl53_k2_training.txt

--- Sweep summary ---
Trials in CSV: 12/12
  end mean: 1.871795 95% CI [1.822115, 1.919872]
  end median: 1.865385 95% CI [1.826923, 1.951923]
  life mean: 1.871795 95% CI [1.822115, 1.919872]
  life median: 1.865385 95% CI [1.826923, 1.951923]

--- Trial metrics (long) ---
Methods: 1 — ['jcrec_dqn']
Bootstrap summary: /home/alesage/arno_data/CourseRecSys_CLIRS/Results/JCRec/steps_3000000/data_42/courses_100/k_2/reports/bootstrap_end_mean.csv
Bootstrap summary: /home/alesage/arno_data/CourseRecSys_CLIRS/Results/JCRec/steps_3000000/data_42/courses_100/k_2/reports/bootstrap_end_median.csv
Bootstrap summary: /home/alesage/arno_data/CourseRecSys_CLIRS/Results/JCRec/steps_3000000/data_42/courses_100/k_2/reports/bootstrap_life_mean.csv
Bootstrap summary: /home/alesage/arno_data/CourseRecSys_CLIRS/Results/JCRec/steps_3000000/data_42/courses_100/k_2/reports/bootstrap_life_median.csv
Performance analysis: /home/alesage/arno_data/CourseRecSys_CLIRS/Results/JCRec/steps_3000000/data_42/courses_100/k_2/reports/performance_analysis.json
Trial metrics: /home/alesage/arno_data/CourseRecSys_CLIRS/Results/JCRec/steps_3000000/data_42/courses_100/k_2/reports/trial_metrics_long.csv

Done. Results under: /home/alesage/arno_data/CourseRecSys_CLIRS/Results/JCRec/steps_3000000/data_42/courses_100/k_2
Orchestration: ['jcrec']

========== Pipeline 1/1: jcrec ==========

Orchestration complete.
