Experiment cell: /home/alesage/arno_data/CourseRecSys_CLIRS/Results/JCRec/steps_3000000/data_42/courses_100/k_3
JCRec model=dqn, nb_runs=12
Trial plan: 12/12 to run (resume=on)
RL seed policy: rl_base(42) + trial_id
Next rl_seeds: 42, 43, 44, 45, 46, ...
Dataset with 52 learners, 100 jobs, 100 courses and 46 skills.

--- Trial 1/12 (trial_id=0, rl_seed=42) ---
Iteration 50000. Average jobs: 0.11538461538461539 Time: 0.15915361600000466
Iteration 100000. Average jobs: 1.0192307692307692 Time: 0.14157053300000655
Iteration 150000. Average jobs: 1.0769230769230769 Time: 0.14183328499998993
Iteration 200000. Average jobs: 1.3846153846153846 Time: 0.14641390400001342
Iteration 250000. Average jobs: 1.4615384615384615 Time: 0.1476281829999948
Iteration 300000. Average jobs: 1.6923076923076923 Time: 0.14790931799996088
Iteration 350000. Average jobs: 2.0576923076923075 Time: 0.14466144900001154
Iteration 400000. Average jobs: 2.0 Time: 0.14545181099998672
Iteration 450000. Average jobs: 2.173076923076923 Time: 0.14653470200005358
Iteration 500000. Average jobs: 2.2884615384615383 Time: 0.14854128399997535
Iteration 550000. Average jobs: 2.5 Time: 0.14890235099994698
Iteration 600000. Average jobs: 2.4615384615384617 Time: 0.14939014599997336
Iteration 650000. Average jobs: 2.3653846153846154 Time: 0.14963816199997382
Iteration 700000. Average jobs: 2.3461538461538463 Time: 0.14850998600002185
Iteration 750000. Average jobs: 2.5 Time: 0.1494725610000387
Iteration 800000. Average jobs: 2.4615384615384617 Time: 0.14816645099995185
Iteration 850000. Average jobs: 2.6153846153846154 Time: 0.1476821240000845
Iteration 900000. Average jobs: 2.423076923076923 Time: 0.14661581299992577
Iteration 950000. Average jobs: 2.576923076923077 Time: 0.14662751599985313
Iteration 1000000. Average jobs: 2.75 Time: 0.14771108700006153
Iteration 1050000. Average jobs: 2.9423076923076925 Time: 0.14836977200002366
Iteration 1100000. Average jobs: 3.8846153846153846 Time: 0.14966681500004597
Iteration 1150000. Average jobs: 4.019230769230769 Time: 0.14959817700014355
Iteration 1200000. Average jobs: 4.173076923076923 Time: 0.1495451570001478
Iteration 1250000. Average jobs: 3.9615384615384617 Time: 0.14976066199983507
Iteration 1300000. Average jobs: 3.7884615384615383 Time: 0.14908394200006114
Iteration 1350000. Average jobs: 3.9615384615384617 Time: 0.14902530199992725
Iteration 1400000. Average jobs: 4.134615384615385 Time: 0.14815601300006165
Iteration 1450000. Average jobs: 3.980769230769231 Time: 0.14909062500009895
Iteration 1500000. Average jobs: 3.923076923076923 Time: 0.14951211500010686
Iteration 1550000. Average jobs: 3.9615384615384617 Time: 0.14804984299985335
Iteration 1600000. Average jobs: 4.0 Time: 0.1484853000001749
Iteration 1650000. Average jobs: 3.8846153846153846 Time: 0.1484561339998436
Iteration 1700000. Average jobs: 4.096153846153846 Time: 0.1505295639999531
Iteration 1750000. Average jobs: 4.153846153846154 Time: 0.14961891599978117
Iteration 1800000. Average jobs: 4.0 Time: 0.15027047800003857
Iteration 1850000. Average jobs: 4.076923076923077 Time: 0.14895836799996687
Iteration 1900000. Average jobs: 4.153846153846154 Time: 0.14886147500010338
Iteration 1950000. Average jobs: 3.923076923076923 Time: 0.14860481300001993
Iteration 2000000. Average jobs: 4.019230769230769 Time: 0.14756067600001188
Iteration 2050000. Average jobs: 4.173076923076923 Time: 0.14952007900001263
Iteration 2100000. Average jobs: 4.0576923076923075 Time: 0.14941489200009528
Iteration 2150000. Average jobs: 3.980769230769231 Time: 0.14898386400000163
Iteration 2200000. Average jobs: 3.9615384615384617 Time: 0.15015285699973902
Iteration 2250000. Average jobs: 4.0576923076923075 Time: 0.1490012970002681
Iteration 2300000. Average jobs: 4.0 Time: 0.14996486499967432
Iteration 2350000. Average jobs: 3.9038461538461537 Time: 0.14810801300018284
Iteration 2400000. Average jobs: 3.9615384615384617 Time: 0.1487808159999986
Iteration 2450000. Average jobs: 4.211538461538462 Time: 0.14971206900008838
Iteration 2500000. Average jobs: 4.038461538461538 Time: 0.1491468200001691
Iteration 2550000. Average jobs: 3.923076923076923 Time: 0.14945962699994197
Iteration 2600000. Average jobs: 3.9615384615384617 Time: 0.14907866199973796
Iteration 2650000. Average jobs: 4.0 Time: 0.14909552400013126
Iteration 2700000. Average jobs: 3.980769230769231 Time: 0.14893993199984834
Iteration 2750000. Average jobs: 4.019230769230769 Time: 0.149674309999682
Iteration 2800000. Average jobs: 4.115384615384615 Time: 0.1499895000001743
Iteration 2850000. Average jobs: 3.980769230769231 Time: 0.1485443500000656
Iteration 2900000. Average jobs: 4.096153846153846 Time: 0.14978598900006546
Iteration 2950000. Average jobs: 4.0 Time: 0.1502350910000132
Iteration 3000000. Average jobs: 3.9038461538461537 Time: 0.15060686800006806
Trial 0 wall time: 66.12187 min
Trial 0 logged to sweep CSV: /home/alesage/arno_data/CourseRecSys_CLIRS/Results/JCRec/steps_3000000/data_42/courses_100/k_3/sweeps/jcrec_dqn_data42.csv
Raw eval JSON: /home/alesage/arno_data/CourseRecSys_CLIRS/Results/JCRec/steps_3000000/data_42/courses_100/k_3/raw/jcrec_dqn_data42_rl42_k3_eval.json
Raw training log: /home/alesage/arno_data/CourseRecSys_CLIRS/Results/JCRec/steps_3000000/data_42/courses_100/k_3/raw/jcrec_dqn_data42_rl42_k3_training.txt

--- Trial 2/12 (trial_id=1, rl_seed=43) ---
Iteration 50000. Average jobs: 0.09615384615384616 Time: 0.07793170900004043
Iteration 100000. Average jobs: 0.8269230769230769 Time: 0.13676471999997375
Iteration 150000. Average jobs: 1.4615384615384615 Time: 0.14613886899951467
Iteration 200000. Average jobs: 1.3846153846153846 Time: 0.1460254249996069
Iteration 250000. Average jobs: 1.2692307692307692 Time: 0.14554833199963468
Iteration 300000. Average jobs: 1.2307692307692308 Time: 0.14617398499922274
Iteration 350000. Average jobs: 2.0384615384615383 Time: 0.14886065300015616
Iteration 400000. Average jobs: 2.9615384615384617 Time: 0.14868726800068544
Iteration 450000. Average jobs: 2.25 Time: 0.1488792589998411
Iteration 500000. Average jobs: 1.9423076923076923 Time: 0.1446364020002875
Iteration 550000. Average jobs: 2.230769230769231 Time: 0.1465546869994796
Iteration 600000. Average jobs: 1.8269230769230769 Time: 0.1457711079992805
Iteration 650000. Average jobs: 1.75 Time: 0.1454829989997961
Iteration 700000. Average jobs: 1.6346153846153846 Time: 0.14609092899991083
Iteration 750000. Average jobs: 1.5 Time: 0.14649721999921894
Iteration 800000. Average jobs: 1.6346153846153846 Time: 0.14630884799953492
Iteration 850000. Average jobs: 1.3076923076923077 Time: 0.14374220599984255
Iteration 900000. Average jobs: 1.9038461538461537 Time: 0.1432711820007171
Iteration 950000. Average jobs: 1.6153846153846154 Time: 0.14576782299991464
Iteration 1000000. Average jobs: 1.5769230769230769 Time: 0.1452943559997948
Iteration 1050000. Average jobs: 1.4615384615384615 Time: 0.143518234000112
Iteration 1100000. Average jobs: 1.5961538461538463 Time: 0.1454917649998606
Iteration 1150000. Average jobs: 1.6730769230769231 Time: 0.14390167300007306
Iteration 1200000. Average jobs: 1.5961538461538463 Time: 0.14305680899997242
Iteration 1250000. Average jobs: 1.7115384615384615 Time: 0.14296300299974973
Iteration 1300000. Average jobs: 1.4807692307692308 Time: 0.14254535000054602
Iteration 1350000. Average jobs: 1.3846153846153846 Time: 0.14094569900044007
Iteration 1400000. Average jobs: 1.5192307692307692 Time: 0.14148790699982783
Iteration 1450000. Average jobs: 1.4615384615384615 Time: 0.13961093799935043
Iteration 1500000. Average jobs: 1.3653846153846154 Time: 0.13574230199992599
Iteration 1550000. Average jobs: 1.2884615384615385 Time: 0.13517010000032315
Iteration 1600000. Average jobs: 1.3653846153846154 Time: 0.13477399600014905
Iteration 1650000. Average jobs: 1.6923076923076923 Time: 0.1339621030001581
Iteration 1700000. Average jobs: 1.8076923076923077 Time: 0.13915644400003657
Iteration 1750000. Average jobs: 1.9423076923076923 Time: 0.13863212300020678
Iteration 1800000. Average jobs: 2.0384615384615383 Time: 0.13878883399956976
Iteration 1850000. Average jobs: 2.230769230769231 Time: 0.13976590800029953
Iteration 1900000. Average jobs: 2.0384615384615383 Time: 0.13954183599980752
Iteration 1950000. Average jobs: 2.0576923076923075 Time: 0.14060192499982804
Iteration 2000000. Average jobs: 2.0961538461538463 Time: 0.14061590100027388
Iteration 2050000. Average jobs: 1.9615384615384615 Time: 0.14043300899993483
Iteration 2100000. Average jobs: 1.9807692307692308 Time: 0.1425872479994723
Iteration 2150000. Average jobs: 2.1923076923076925 Time: 0.14067909900040831
Iteration 2200000. Average jobs: 2.25 Time: 0.1450406190006106
Iteration 2250000. Average jobs: 2.4615384615384617 Time: 0.1434134780001841
Iteration 2300000. Average jobs: 2.6538461538461537 Time: 0.14315039400025853
Iteration 2350000. Average jobs: 2.3846153846153846 Time: 0.14348785800029873
Iteration 2400000. Average jobs: 1.8846153846153846 Time: 0.13914955200016266
Iteration 2450000. Average jobs: 1.9807692307692308 Time: 0.14362585700018826
Iteration 2500000. Average jobs: 1.9615384615384615 Time: 0.1422682389993497
Iteration 2550000. Average jobs: 2.0576923076923075 Time: 0.1406887379998807
Iteration 2600000. Average jobs: 2.1153846153846154 Time: 0.1443646620000436
Iteration 2650000. Average jobs: 2.019230769230769 Time: 0.1391480580005009
Iteration 2700000. Average jobs: 1.8076923076923077 Time: 0.14480895599990617
Iteration 2750000. Average jobs: 1.9615384615384615 Time: 0.1426376720000917
Iteration 2800000. Average jobs: 1.9423076923076923 Time: 0.13929876099973626
Iteration 2850000. Average jobs: 2.1346153846153846 Time: 0.13765597000019625
Iteration 2900000. Average jobs: 1.6730769230769231 Time: 0.1428873120003118
Iteration 2950000. Average jobs: 1.9615384615384615 Time: 0.13819867799975327
Iteration 3000000. Average jobs: 2.3076923076923075 Time: 0.14319818500007386
Trial 1 wall time: 67.35622 min
Trial 1 logged to sweep CSV: /home/alesage/arno_data/CourseRecSys_CLIRS/Results/JCRec/steps_3000000/data_42/courses_100/k_3/sweeps/jcrec_dqn_data42.csv
Raw eval JSON: /home/alesage/arno_data/CourseRecSys_CLIRS/Results/JCRec/steps_3000000/data_42/courses_100/k_3/raw/jcrec_dqn_data42_rl43_k3_eval.json
Raw training log: /home/alesage/arno_data/CourseRecSys_CLIRS/Results/JCRec/steps_3000000/data_42/courses_100/k_3/raw/jcrec_dqn_data42_rl43_k3_training.txt

--- Trial 3/12 (trial_id=2, rl_seed=44) ---
Iteration 50000. Average jobs: 0.11538461538461539 Time: 0.09168955899986031
Iteration 100000. Average jobs: 1.0192307692307692 Time: 0.14061352899989288
Iteration 150000. Average jobs: 1.5384615384615385 Time: 0.14568339499965077
Iteration 200000. Average jobs: 1.3269230769230769 Time: 0.14761366399943654
Iteration 250000. Average jobs: 1.0384615384615385 Time: 0.14431193200107373
Iteration 300000. Average jobs: 1.3846153846153846 Time: 0.14480576799905975
Iteration 350000. Average jobs: 1.1923076923076923 Time: 0.1440122509993671
Iteration 400000. Average jobs: 1.1538461538461537 Time: 0.14250925199849007
Iteration 450000. Average jobs: 2.230769230769231 Time: 0.1470221749987104
Iteration 500000. Average jobs: 2.0 Time: 0.1463315800010605
Iteration 550000. Average jobs: 2.3076923076923075 Time: 0.14843885200025397
Iteration 600000. Average jobs: 2.1538461538461537 Time: 0.14897283400023298
Iteration 650000. Average jobs: 2.4615384615384617 Time: 0.14915732100052992
Iteration 700000. Average jobs: 2.25 Time: 0.14863862600032007
Iteration 750000. Average jobs: 2.8846153846153846 Time: 0.14752247300020827
Iteration 800000. Average jobs: 3.3076923076923075 Time: 0.1494238300001598
Iteration 850000. Average jobs: 3.1923076923076925 Time: 0.1467875649996131
Iteration 900000. Average jobs: 3.4615384615384617 Time: 0.1484279129999777
Iteration 950000. Average jobs: 3.2115384615384617 Time: 0.14644107499952952
Iteration 1000000. Average jobs: 2.8653846153846154 Time: 0.14508313900114445
Iteration 1050000. Average jobs: 2.9615384615384617 Time: 0.1465235619998566
Iteration 1100000. Average jobs: 2.923076923076923 Time: 0.14508071599993855
Iteration 1150000. Average jobs: 3.1923076923076925 Time: 0.1454094829987298
Iteration 1200000. Average jobs: 3.0384615384615383 Time: 0.1437604190014099
Iteration 1250000. Average jobs: 3.0384615384615383 Time: 0.14430994800022745
Iteration 1300000. Average jobs: 3.1923076923076925 Time: 0.14710392800043337
Iteration 1350000. Average jobs: 3.2884615384615383 Time: 0.14537004699923273
Iteration 1400000. Average jobs: 3.2884615384615383 Time: 0.14864864700030012
Iteration 1450000. Average jobs: 3.480769230769231 Time: 0.1467134390004503
Iteration 1500000. Average jobs: 3.5961538461538463 Time: 0.1480368800002907
Iteration 1550000. Average jobs: 3.5961538461538463 Time: 0.14863190600044618
Iteration 1600000. Average jobs: 3.8461538461538463 Time: 0.14932547400167095
Iteration 1650000. Average jobs: 3.6153846153846154 Time: 0.1485796950000804
Iteration 1700000. Average jobs: 3.8461538461538463 Time: 0.14882533700074418
Iteration 1750000. Average jobs: 3.6923076923076925 Time: 0.14888292500108946
Iteration 1800000. Average jobs: 3.6538461538461537 Time: 0.1480394320005871
Iteration 1850000. Average jobs: 3.6923076923076925 Time: 0.14848194399928616
Iteration 1900000. Average jobs: 3.980769230769231 Time: 0.14771016699887696
Iteration 1950000. Average jobs: 3.576923076923077 Time: 0.14829291800015199
Iteration 2000000. Average jobs: 3.5384615384615383 Time: 0.1470531849990948
Iteration 2050000. Average jobs: 3.5576923076923075 Time: 0.14480093999918608
Iteration 2100000. Average jobs: 3.519230769230769 Time: 0.14814802799992322
Iteration 2150000. Average jobs: 3.576923076923077 Time: 0.14323971300109406
Iteration 2200000. Average jobs: 3.4615384615384617 Time: 0.1429750260012952
Iteration 2250000. Average jobs: 3.3461538461538463 Time: 0.14406179599973257
Iteration 2300000. Average jobs: 3.25 Time: 0.14552043799994863
Iteration 2350000. Average jobs: 3.5384615384615383 Time: 0.14517388900094375
Iteration 2400000. Average jobs: 3.75 Time: 0.14553634000003512
Iteration 2450000. Average jobs: 3.5576923076923075 Time: 0.14423128199996427
Iteration 2500000. Average jobs: 3.576923076923077 Time: 0.146754374000011
Iteration 2550000. Average jobs: 3.6346153846153846 Time: 0.14562366300015128
Iteration 2600000. Average jobs: 3.8076923076923075 Time: 0.14595757899951423
Iteration 2650000. Average jobs: 3.5384615384615383 Time: 0.1460843360000581
Iteration 2700000. Average jobs: 3.6538461538461537 Time: 0.14671617100066214
Iteration 2750000. Average jobs: 3.6346153846153846 Time: 0.1467039190010837
Iteration 2800000. Average jobs: 3.6923076923076925 Time: 0.146268714001053
Iteration 2850000. Average jobs: 3.4423076923076925 Time: 0.14848107200123195
Iteration 2900000. Average jobs: 3.269230769230769 Time: 0.1462543249999726
Iteration 2950000. Average jobs: 3.3461538461538463 Time: 0.14433519700105535
Iteration 3000000. Average jobs: 3.576923076923077 Time: 0.14633098900048935
Trial 2 wall time: 67.01060 min
Trial 2 logged to sweep CSV: /home/alesage/arno_data/CourseRecSys_CLIRS/Results/JCRec/steps_3000000/data_42/courses_100/k_3/sweeps/jcrec_dqn_data42.csv
Raw eval JSON: /home/alesage/arno_data/CourseRecSys_CLIRS/Results/JCRec/steps_3000000/data_42/courses_100/k_3/raw/jcrec_dqn_data42_rl44_k3_eval.json
Raw training log: /home/alesage/arno_data/CourseRecSys_CLIRS/Results/JCRec/steps_3000000/data_42/courses_100/k_3/raw/jcrec_dqn_data42_rl44_k3_training.txt

--- Trial 4/12 (trial_id=3, rl_seed=45) ---
Iteration 50000. Average jobs: 0.11538461538461539 Time: 0.07993448299930606
Iteration 100000. Average jobs: 0.9423076923076923 Time: 0.14113679999900341
Iteration 150000. Average jobs: 1.3846153846153846 Time: 0.14863423899987538
Iteration 200000. Average jobs: 1.4615384615384615 Time: 0.1462953739992372
Iteration 250000. Average jobs: 1.1153846153846154 Time: 0.14730830299959052
Iteration 300000. Average jobs: 1.1346153846153846 Time: 0.14713643100003537
Iteration 350000. Average jobs: 1.7307692307692308 Time: 0.14602754000043205
Iteration 400000. Average jobs: 1.75 Time: 0.14936336599930655
Iteration 450000. Average jobs: 2.019230769230769 Time: 0.14772526500019012
Iteration 500000. Average jobs: 2.173076923076923 Time: 0.14918873900023755
Iteration 550000. Average jobs: 2.1538461538461537 Time: 0.14793017900046834
Iteration 600000. Average jobs: 2.25 Time: 0.1474572610004543
Iteration 650000. Average jobs: 1.7884615384615385 Time: 0.14467599599993264
Iteration 700000. Average jobs: 1.9230769230769231 Time: 0.14550359900022158
Iteration 750000. Average jobs: 1.7884615384615385 Time: 0.14837656500094454
Iteration 800000. Average jobs: 1.8461538461538463 Time: 0.1475907219992223
Iteration 850000. Average jobs: 1.8076923076923077 Time: 0.1480319789989153
Iteration 900000. Average jobs: 1.4423076923076923 Time: 0.14635376300066127
Iteration 950000. Average jobs: 1.5769230769230769 Time: 0.14572901999963506
Iteration 1000000. Average jobs: 1.3846153846153846 Time: 0.14605046399992716
Iteration 1050000. Average jobs: 1.4423076923076923 Time: 0.14480492700022296
Iteration 1100000. Average jobs: 1.6923076923076923 Time: 0.14619820100051584
Iteration 1150000. Average jobs: 1.7307692307692308 Time: 0.14290888200048357
Iteration 1200000. Average jobs: 1.2692307692307692 Time: 0.14441217100102222
Iteration 1250000. Average jobs: 1.6923076923076923 Time: 0.14235124600054405
Iteration 1300000. Average jobs: 1.8076923076923077 Time: 0.14713324399963312
Iteration 1350000. Average jobs: 2.3653846153846154 Time: 0.14349772700006724
Iteration 1400000. Average jobs: 1.75 Time: 0.14146186799916904
Iteration 1450000. Average jobs: 2.2115384615384617 Time: 0.1443298269987281
Iteration 1500000. Average jobs: 2.1153846153846154 Time: 0.13981620199956524
Iteration 1550000. Average jobs: 2.25 Time: 0.14109834599912574
Iteration 1600000. Average jobs: 1.7884615384615385 Time: 0.13928051800030516
Iteration 1650000. Average jobs: 2.576923076923077 Time: 0.13913618700098596
Iteration 1700000. Average jobs: 2.5 Time: 0.13855049799894914
Iteration 1750000. Average jobs: 2.2884615384615383 Time: 0.14096911199885653
Iteration 1800000. Average jobs: 2.326923076923077 Time: 0.13985077799952705
Iteration 1850000. Average jobs: 2.9038461538461537 Time: 0.14088751999952365
Iteration 1900000. Average jobs: 2.980769230769231 Time: 0.14137751999987813
Iteration 1950000. Average jobs: 3.3076923076923075 Time: 0.1438350590015034
Iteration 2000000. Average jobs: 3.3076923076923075 Time: 0.14323875000081898
Iteration 2050000. Average jobs: 2.9423076923076925 Time: 0.14382412700069835
Iteration 2100000. Average jobs: 3.0576923076923075 Time: 0.14367808499991952
Iteration 2150000. Average jobs: 3.3653846153846154 Time: 0.14285424000081548
Iteration 2200000. Average jobs: 3.6153846153846154 Time: 0.14521675899959519
Iteration 2250000. Average jobs: 3.4423076923076925 Time: 0.14400959500017052
Iteration 2300000. Average jobs: 3.019230769230769 Time: 0.14456984699972963
Iteration 2350000. Average jobs: 3.3653846153846154 Time: 0.14698809099900245
Iteration 2400000. Average jobs: 3.019230769230769 Time: 0.14486129300166795
Iteration 2450000. Average jobs: 3.230769230769231 Time: 0.14325491999989026
Iteration 2500000. Average jobs: 3.1153846153846154 Time: 0.14168300399978762
Iteration 2550000. Average jobs: 2.8076923076923075 Time: 0.14345775099900493
Iteration 2600000. Average jobs: 3.3846153846153846 Time: 0.14464975699956995
Iteration 2650000. Average jobs: 3.1923076923076925 Time: 0.14428506400145125
Iteration 2700000. Average jobs: 3.230769230769231 Time: 0.14544449700042605
Iteration 2750000. Average jobs: 3.173076923076923 Time: 0.14327758100080246
Iteration 2800000. Average jobs: 3.1153846153846154 Time: 0.14372259599986137
Iteration 2850000. Average jobs: 3.3846153846153846 Time: 0.14535301599971717
Iteration 2900000. Average jobs: 3.6538461538461537 Time: 0.14563681700019515
Iteration 2950000. Average jobs: 3.2884615384615383 Time: 0.14582025200070348
Iteration 3000000. Average jobs: 3.423076923076923 Time: 0.1452422590009519
Trial 3 wall time: 67.18512 min
Trial 3 logged to sweep CSV: /home/alesage/arno_data/CourseRecSys_CLIRS/Results/JCRec/steps_3000000/data_42/courses_100/k_3/sweeps/jcrec_dqn_data42.csv
Raw eval JSON: /home/alesage/arno_data/CourseRecSys_CLIRS/Results/JCRec/steps_3000000/data_42/courses_100/k_3/raw/jcrec_dqn_data42_rl45_k3_eval.json
Raw training log: /home/alesage/arno_data/CourseRecSys_CLIRS/Results/JCRec/steps_3000000/data_42/courses_100/k_3/raw/jcrec_dqn_data42_rl45_k3_training.txt

--- Trial 5/12 (trial_id=4, rl_seed=46) ---
Iteration 50000. Average jobs: 0.19230769230769232 Time: 0.08593602799919609
Iteration 100000. Average jobs: 1.1153846153846154 Time: 0.1459561270003178
Iteration 150000. Average jobs: 1.0961538461538463 Time: 0.14038432900088083
Iteration 200000. Average jobs: 1.1923076923076923 Time: 0.1482353699993837
Iteration 250000. Average jobs: 1.1923076923076923 Time: 0.14768357399952947
Iteration 300000. Average jobs: 0.9423076923076923 Time: 0.14363034599955427
Iteration 350000. Average jobs: 1.3846153846153846 Time: 0.14650137799981167
Iteration 400000. Average jobs: 1.7692307692307692 Time: 0.1467339949995221
Iteration 450000. Average jobs: 1.8076923076923077 Time: 0.145630256000004
Iteration 500000. Average jobs: 1.9807692307692308 Time: 0.1471138270026131
Iteration 550000. Average jobs: 2.1538461538461537 Time: 0.14777143000173965
Iteration 600000. Average jobs: 2.1153846153846154 Time: 0.14894763700067415
Iteration 650000. Average jobs: 2.269230769230769 Time: 0.1488708319993748
Iteration 700000. Average jobs: 2.423076923076923 Time: 0.1490734920007526
Iteration 750000. Average jobs: 2.8461538461538463 Time: 0.14841946600063238
Iteration 800000. Average jobs: 2.826923076923077 Time: 0.14853470099842525
Iteration 850000. Average jobs: 3.0576923076923075 Time: 0.14851193899812642
Iteration 900000. Average jobs: 3.076923076923077 Time: 0.14890111899876501
Iteration 950000. Average jobs: 3.269230769230769 Time: 0.148681688002398
Iteration 1000000. Average jobs: 3.0576923076923075 Time: 0.14735579099942697
Iteration 1050000. Average jobs: 3.25 Time: 0.14683995399900596
Iteration 1100000. Average jobs: 3.4038461538461537 Time: 0.1474920149994432
Iteration 1150000. Average jobs: 3.980769230769231 Time: 0.1480825239996193
Iteration 1200000. Average jobs: 3.730769230769231 Time: 0.1475518090010155
Iteration 1250000. Average jobs: 3.9038461538461537 Time: 0.1487767670005269
Iteration 1300000. Average jobs: 3.6923076923076925 Time: 0.14677544200094417
Iteration 1350000. Average jobs: 3.826923076923077 Time: 0.14718077200086555
Iteration 1400000. Average jobs: 3.673076923076923 Time: 0.14768353500039666
Iteration 1450000. Average jobs: 3.769230769230769 Time: 0.1466911950010399
Iteration 1500000. Average jobs: 3.576923076923077 Time: 0.14760355500038713
Iteration 1550000. Average jobs: 3.6923076923076925 Time: 0.14783944800001336
Iteration 1600000. Average jobs: 4.038461538461538 Time: 0.14751318600247032
Iteration 1650000. Average jobs: 3.6153846153846154 Time: 0.1479088989981392
Iteration 1700000. Average jobs: 3.9423076923076925 Time: 0.14901638499941328
Iteration 1750000. Average jobs: 4.153846153846154 Time: 0.14628758700200706
Iteration 1800000. Average jobs: 4.038461538461538 Time: 0.1477406029989652
Iteration 1850000. Average jobs: 4.0576923076923075 Time: 0.1467694630009646
Iteration 1900000. Average jobs: 3.7115384615384617 Time: 0.14561281300120754
Iteration 1950000. Average jobs: 3.8653846153846154 Time: 0.14802891399813234
Iteration 2000000. Average jobs: 4.134615384615385 Time: 0.14875368299908587
Iteration 2050000. Average jobs: 4.3076923076923075 Time: 0.14768347500285017
Iteration 2100000. Average jobs: 4.0 Time: 0.14780702799907885
Iteration 2150000. Average jobs: 4.115384615384615 Time: 0.1480284240024048
Iteration 2200000. Average jobs: 3.8846153846153846 Time: 0.1496246450005856
Iteration 2250000. Average jobs: 3.730769230769231 Time: 0.14821332000065013
Iteration 2300000. Average jobs: 4.134615384615385 Time: 0.14790950899987365
Iteration 2350000. Average jobs: 3.980769230769231 Time: 0.149861450001481
Iteration 2400000. Average jobs: 3.8846153846153846 Time: 0.14996888200039393
Iteration 2450000. Average jobs: 3.9423076923076925 Time: 0.1489140320009028
Iteration 2500000. Average jobs: 3.923076923076923 Time: 0.14923066700066556
Iteration 2550000. Average jobs: 4.038461538461538 Time: 0.14912802500111866
Iteration 2600000. Average jobs: 4.326923076923077 Time: 0.15048379599829786
Iteration 2650000. Average jobs: 4.0576923076923075 Time: 0.14847289599856595
Iteration 2700000. Average jobs: 4.1923076923076925 Time: 0.15038988100059214
Iteration 2750000. Average jobs: 4.0576923076923075 Time: 0.15002726099919528
Iteration 2800000. Average jobs: 4.038461538461538 Time: 0.14940829100305564
Iteration 2850000. Average jobs: 4.019230769230769 Time: 0.14934339899991755
Iteration 2900000. Average jobs: 4.211538461538462 Time: 0.1493481370016525
Iteration 2950000. Average jobs: 4.038461538461538 Time: 0.14964358100041864
Iteration 3000000. Average jobs: 4.0576923076923075 Time: 0.15007926000180305
Trial 4 wall time: 67.01728 min
Trial 4 logged to sweep CSV: /home/alesage/arno_data/CourseRecSys_CLIRS/Results/JCRec/steps_3000000/data_42/courses_100/k_3/sweeps/jcrec_dqn_data42.csv
Raw eval JSON: /home/alesage/arno_data/CourseRecSys_CLIRS/Results/JCRec/steps_3000000/data_42/courses_100/k_3/raw/jcrec_dqn_data42_rl46_k3_eval.json
Raw training log: /home/alesage/arno_data/CourseRecSys_CLIRS/Results/JCRec/steps_3000000/data_42/courses_100/k_3/raw/jcrec_dqn_data42_rl46_k3_training.txt

--- Trial 6/12 (trial_id=5, rl_seed=47) ---
Iteration 50000. Average jobs: 0.17307692307692307 Time: 0.0857789949986909
Iteration 100000. Average jobs: 1.0769230769230769 Time: 0.14559224399999948
Iteration 150000. Average jobs: 0.9807692307692307 Time: 0.1429552400004468
Iteration 200000. Average jobs: 1.1730769230769231 Time: 0.14487548999750288
Iteration 250000. Average jobs: 1.1153846153846154 Time: 0.14587002600092092
Iteration 300000. Average jobs: 1.2115384615384615 Time: 0.14547690799736301
Iteration 350000. Average jobs: 1.2884615384615385 Time: 0.1484479509999801
Iteration 400000. Average jobs: 1.9423076923076923 Time: 0.1489348120012437
Iteration 450000. Average jobs: 1.8461538461538463 Time: 0.14661920099752024
Iteration 500000. Average jobs: 1.4615384615384615 Time: 0.14719689300181926
Iteration 550000. Average jobs: 1.25 Time: 0.14484424100010074
Iteration 600000. Average jobs: 1.5576923076923077 Time: 0.1473589870001888
Iteration 650000. Average jobs: 2.0961538461538463 Time: 0.14702316699913354
Iteration 700000. Average jobs: 1.8846153846153846 Time: 0.14826070799972513
Iteration 750000. Average jobs: 2.769230769230769 Time: 0.1485730029999104
Iteration 800000. Average jobs: 2.8653846153846154 Time: 0.14758438100034255
Iteration 850000. Average jobs: 2.730769230769231 Time: 0.14769834300022922
Iteration 900000. Average jobs: 2.25 Time: 0.14749526199739194
Iteration 950000. Average jobs: 2.1923076923076925 Time: 0.1454858430006425
Iteration 1000000. Average jobs: 2.326923076923077 Time: 0.1460550619995047
Iteration 1050000. Average jobs: 2.1153846153846154 Time: 0.14744405599776655
Iteration 1100000. Average jobs: 2.4615384615384617 Time: 0.14584889499747078
Iteration 1150000. Average jobs: 2.076923076923077 Time: 0.1434906829999818
Iteration 1200000. Average jobs: 2.076923076923077 Time: 0.1437816789984936
Iteration 1250000. Average jobs: 2.269230769230769 Time: 0.14439938699797494
Iteration 1300000. Average jobs: 1.5961538461538463 Time: 0.14226440299898968
Iteration 1350000. Average jobs: 2.25 Time: 0.14279826399797457
Iteration 1400000. Average jobs: 2.3461538461538463 Time: 0.1419261480004934
Iteration 1450000. Average jobs: 1.9423076923076923 Time: 0.14316458099710871
Iteration 1500000. Average jobs: 1.8076923076923077 Time: 0.14194071599922609
Iteration 1550000. Average jobs: 1.9807692307692308 Time: 0.14204720800262294
Iteration 1600000. Average jobs: 2.0961538461538463 Time: 0.14285563199882745
Iteration 1650000. Average jobs: 2.6538461538461537 Time: 0.14286757400259376
Iteration 1700000. Average jobs: 3.25 Time: 0.14642005499990773
Iteration 1750000. Average jobs: 3.3461538461538463 Time: 0.14784648299973924
Iteration 1800000. Average jobs: 3.5 Time: 0.14794349399744533
Iteration 1850000. Average jobs: 3.480769230769231 Time: 0.14783925800293218
Iteration 1900000. Average jobs: 3.5961538461538463 Time: 0.1457812679982453
Iteration 1950000. Average jobs: 3.8461538461538463 Time: 0.14828092499737977
Iteration 2000000. Average jobs: 3.8461538461538463 Time: 0.14818725000077393
Iteration 2050000. Average jobs: 3.6153846153846154 Time: 0.1486819679994369
Iteration 2100000. Average jobs: 3.7884615384615383 Time: 0.146503791998839
Iteration 2150000. Average jobs: 3.8076923076923075 Time: 0.14727599099933286
Iteration 2200000. Average jobs: 3.826923076923077 Time: 0.14810173099976964
Iteration 2250000. Average jobs: 4.019230769230769 Time: 0.14838099400003557
Iteration 2300000. Average jobs: 3.923076923076923 Time: 0.1486836019976181
Iteration 2350000. Average jobs: 3.6346153846153846 Time: 0.14798623400201905
Iteration 2400000. Average jobs: 3.8076923076923075 Time: 0.14875330200084136
Iteration 2450000. Average jobs: 3.8076923076923075 Time: 0.1480967210009112
Iteration 2500000. Average jobs: 3.730769230769231 Time: 0.1489131409980473
Iteration 2550000. Average jobs: 3.8653846153846154 Time: 0.14760113100055605
Iteration 2600000. Average jobs: 3.3846153846153846 Time: 0.14781119500185014
Iteration 2650000. Average jobs: 3.269230769230769 Time: 0.14721393500076374
Iteration 2700000. Average jobs: 3.4423076923076925 Time: 0.1478023290001147
Iteration 2750000. Average jobs: 3.3076923076923075 Time: 0.1476848769998469
Iteration 2800000. Average jobs: 3.5384615384615383 Time: 0.14770162000058917
Iteration 2850000. Average jobs: 3.3653846153846154 Time: 0.14742143400144414
Iteration 2900000. Average jobs: 3.6538461538461537 Time: 0.14831989999947837
Iteration 2950000. Average jobs: 3.5961538461538463 Time: 0.1483354080010031
Iteration 3000000. Average jobs: 3.0961538461538463 Time: 0.14719745500042336
Trial 5 wall time: 67.68323 min
Trial 5 logged to sweep CSV: /home/alesage/arno_data/CourseRecSys_CLIRS/Results/JCRec/steps_3000000/data_42/courses_100/k_3/sweeps/jcrec_dqn_data42.csv
Raw eval JSON: /home/alesage/arno_data/CourseRecSys_CLIRS/Results/JCRec/steps_3000000/data_42/courses_100/k_3/raw/jcrec_dqn_data42_rl47_k3_eval.json
Raw training log: /home/alesage/arno_data/CourseRecSys_CLIRS/Results/JCRec/steps_3000000/data_42/courses_100/k_3/raw/jcrec_dqn_data42_rl47_k3_training.txt

--- Trial 7/12 (trial_id=6, rl_seed=48) ---
Iteration 50000. Average jobs: 0.15384615384615385 Time: 0.08442331100013689
Iteration 100000. Average jobs: 1.0961538461538463 Time: 0.14550972799770534
Iteration 150000. Average jobs: 1.3269230769230769 Time: 0.14458994400047231
Iteration 200000. Average jobs: 1.2115384615384615 Time: 0.14796032600133913
Iteration 250000. Average jobs: 1.0961538461538463 Time: 0.14728172200193512
Iteration 300000. Average jobs: 1.0384615384615385 Time: 0.1458241079999425
Iteration 350000. Average jobs: 1.3653846153846154 Time: 0.14651566599786747
Iteration 400000. Average jobs: 1.9038461538461537 Time: 0.14890501700210734
Iteration 450000. Average jobs: 1.9230769230769231 Time: 0.14846759700230905
Iteration 500000. Average jobs: 1.6346153846153846 Time: 0.1436520349998318
Iteration 550000. Average jobs: 1.9038461538461537 Time: 0.14556610499857925
Iteration 600000. Average jobs: 2.269230769230769 Time: 0.1482794030016521
Iteration 650000. Average jobs: 2.3846153846153846 Time: 0.1469521450017055
Iteration 700000. Average jobs: 1.9423076923076923 Time: 0.1479801729983592
Iteration 750000. Average jobs: 2.730769230769231 Time: 0.14909106499908376
Iteration 800000. Average jobs: 2.5 Time: 0.14886247800313868
Iteration 850000. Average jobs: 2.3846153846153846 Time: 0.1484353050000209
Iteration 900000. Average jobs: 2.7115384615384617 Time: 0.14833502799956477
Iteration 950000. Average jobs: 3.423076923076923 Time: 0.14933003300029668
Iteration 1000000. Average jobs: 3.5384615384615383 Time: 0.1471265609980037
Iteration 1050000. Average jobs: 3.2115384615384617 Time: 0.14897771200048737
Iteration 1100000. Average jobs: 3.2115384615384617 Time: 0.1477162569972279
Iteration 1150000. Average jobs: 3.5961538461538463 Time: 0.1487240069982363
Iteration 1200000. Average jobs: 3.3461538461538463 Time: 0.14743857699795626
Iteration 1250000. Average jobs: 2.8846153846153846 Time: 0.14811140800156863
Iteration 1300000. Average jobs: 3.076923076923077 Time: 0.1490324149999651
Iteration 1350000. Average jobs: 3.25 Time: 0.14807478900183924
Iteration 1400000. Average jobs: 3.3653846153846154 Time: 0.1505781140003819
Iteration 1450000. Average jobs: 2.7884615384615383 Time: 0.14862393799921847
Iteration 1500000. Average jobs: 3.0961538461538463 Time: 0.14902647499911836
Iteration 1550000. Average jobs: 3.1538461538461537 Time: 0.1479575190023752
Iteration 1600000. Average jobs: 3.4038461538461537 Time: 0.14835286300149164
Iteration 1650000. Average jobs: 3.2884615384615383 Time: 0.14947372200185782
Iteration 1700000. Average jobs: 3.519230769230769 Time: 0.14888841599895386
Iteration 1750000. Average jobs: 3.5 Time: 0.14976192399990396
Iteration 1800000. Average jobs: 3.7884615384615383 Time: 0.14873311499832198
Iteration 1850000. Average jobs: 3.7884615384615383 Time: 0.1486356409986911
Iteration 1900000. Average jobs: 3.6923076923076925 Time: 0.14950543299710262
Iteration 1950000. Average jobs: 4.134615384615385 Time: 0.1486724009992031
Iteration 2000000. Average jobs: 4.076923076923077 Time: 0.14895062299910933
Iteration 2050000. Average jobs: 3.5384615384615383 Time: 0.148170296997705
Iteration 2100000. Average jobs: 3.9615384615384617 Time: 0.14863716300169472
Iteration 2150000. Average jobs: 3.980769230769231 Time: 0.14925680500164162
Iteration 2200000. Average jobs: 3.9615384615384617 Time: 0.1488500039995415
Iteration 2250000. Average jobs: 3.9423076923076925 Time: 0.1485788659992977
Iteration 2300000. Average jobs: 3.923076923076923 Time: 0.15036295100071584
Iteration 2350000. Average jobs: 3.980769230769231 Time: 0.14900403199862922
Iteration 2400000. Average jobs: 4.038461538461538 Time: 0.1487144399980025
Iteration 2450000. Average jobs: 4.115384615384615 Time: 0.14765282799999113
Iteration 2500000. Average jobs: 4.230769230769231 Time: 0.1498638539997046
Iteration 2550000. Average jobs: 3.6923076923076925 Time: 0.14876476399876992
Iteration 2600000. Average jobs: 4.019230769230769 Time: 0.14858864400230232
Iteration 2650000. Average jobs: 4.269230769230769 Time: 0.15005312100038282
Iteration 2700000. Average jobs: 3.980769230769231 Time: 0.14881752400106052
Iteration 2750000. Average jobs: 3.8076923076923075 Time: 0.14812511400305084
Iteration 2800000. Average jobs: 4.1923076923076925 Time: 0.15106769200065173
Iteration 2850000. Average jobs: 4.115384615384615 Time: 0.14906637899912312
Iteration 2900000. Average jobs: 4.153846153846154 Time: 0.14925580399722094
Iteration 2950000. Average jobs: 4.173076923076923 Time: 0.14948513499984983
Iteration 3000000. Average jobs: 4.019230769230769 Time: 0.14984081099828472
Trial 6 wall time: 66.88712 min
Trial 6 logged to sweep CSV: /home/alesage/arno_data/CourseRecSys_CLIRS/Results/JCRec/steps_3000000/data_42/courses_100/k_3/sweeps/jcrec_dqn_data42.csv
Raw eval JSON: /home/alesage/arno_data/CourseRecSys_CLIRS/Results/JCRec/steps_3000000/data_42/courses_100/k_3/raw/jcrec_dqn_data42_rl48_k3_eval.json
Raw training log: /home/alesage/arno_data/CourseRecSys_CLIRS/Results/JCRec/steps_3000000/data_42/courses_100/k_3/raw/jcrec_dqn_data42_rl48_k3_training.txt

--- Trial 8/12 (trial_id=7, rl_seed=49) ---
Iteration 50000. Average jobs: 0.2692307692307692 Time: 0.0915747030012426
Iteration 100000. Average jobs: 1.8269230769230769 Time: 0.1428623459978553
Iteration 150000. Average jobs: 1.5769230769230769 Time: 0.1478777500014985
Iteration 200000. Average jobs: 1.4615384615384615 Time: 0.14662015199792222
Iteration 250000. Average jobs: 1.3076923076923077 Time: 0.14771146699786186
Iteration 300000. Average jobs: 1.2884615384615385 Time: 0.1452954270025657
Iteration 350000. Average jobs: 2.0 Time: 0.14782192499842495
Iteration 400000. Average jobs: 2.5384615384615383 Time: 0.1483449670013215
Iteration 450000. Average jobs: 1.75 Time: 0.14810040700103855
Iteration 500000. Average jobs: 1.5961538461538463 Time: 0.14755505500215804
Iteration 550000. Average jobs: 1.0769230769230769 Time: 0.14570727099999203
Iteration 600000. Average jobs: 0.9038461538461539 Time: 0.1439335229988501
Iteration 650000. Average jobs: 1.6730769230769231 Time: 0.1466099919998669
Iteration 700000. Average jobs: 1.4615384615384615 Time: 0.1478870270002517
Iteration 750000. Average jobs: 1.6730769230769231 Time: 0.14886042299986002
Iteration 800000. Average jobs: 1.6730769230769231 Time: 0.14606448999984423
Iteration 850000. Average jobs: 1.1538461538461537 Time: 0.1427482310027699
Iteration 900000. Average jobs: 1.5192307692307692 Time: 0.14391623999836156
Iteration 950000. Average jobs: 1.5576923076923077 Time: 0.1466787720019056
Iteration 1000000. Average jobs: 1.3076923076923077 Time: 0.14525525299904984
Iteration 1050000. Average jobs: 1.9615384615384615 Time: 0.1443930929999624
Iteration 1100000. Average jobs: 1.5192307692307692 Time: 0.1433437480009161
Iteration 1150000. Average jobs: 2.1538461538461537 Time: 0.14417586699710228
Iteration 1200000. Average jobs: 2.0 Time: 0.14124526999876252
Iteration 1250000. Average jobs: 2.3076923076923075 Time: 0.14259216799837304
Iteration 1300000. Average jobs: 2.5961538461538463 Time: 0.1419943280016014
Iteration 1350000. Average jobs: 2.5576923076923075 Time: 0.1376413229991158
Iteration 1400000. Average jobs: 2.4615384615384617 Time: 0.13687512599790352
Iteration 1450000. Average jobs: 2.480769230769231 Time: 0.1410728300033952
Iteration 1500000. Average jobs: 2.1923076923076925 Time: 0.13365767299910658
Iteration 1550000. Average jobs: 2.6153846153846154 Time: 0.13729410099767847
Iteration 1600000. Average jobs: 2.8461538461538463 Time: 0.13987647499743616
Iteration 1650000. Average jobs: 2.923076923076923 Time: 0.1399167010022211
Iteration 1700000. Average jobs: 3.230769230769231 Time: 0.14063665099820355
Iteration 1750000. Average jobs: 3.5384615384615383 Time: 0.1409433570006513
Iteration 1800000. Average jobs: 3.269230769230769 Time: 0.14075015299749793
Iteration 1850000. Average jobs: 2.923076923076923 Time: 0.13898491399959312
Iteration 1900000. Average jobs: 2.7884615384615383 Time: 0.1385709059977671
Iteration 1950000. Average jobs: 2.7884615384615383 Time: 0.14036171699990518
Iteration 2000000. Average jobs: 2.6923076923076925 Time: 0.13819016399793327
Iteration 2050000. Average jobs: 2.8846153846153846 Time: 0.14028085300014936
Iteration 2100000. Average jobs: 2.5576923076923075 Time: 0.1397536750009749
Iteration 2150000. Average jobs: 2.423076923076923 Time: 0.13915577399893664
Iteration 2200000. Average jobs: 2.7884615384615383 Time: 0.13791640999988886
Iteration 2250000. Average jobs: 2.6153846153846154 Time: 0.14136638000127277
Iteration 2300000. Average jobs: 2.8461538461538463 Time: 0.14083439999740222
Iteration 2350000. Average jobs: 2.9615384615384617 Time: 0.1392135120004241
Iteration 2400000. Average jobs: 2.9423076923076925 Time: 0.14203243700103485
Iteration 2450000. Average jobs: 3.519230769230769 Time: 0.14438324700313387
Iteration 2500000. Average jobs: 3.5384615384615383 Time: 0.1453747250016022
Iteration 2550000. Average jobs: 3.4615384615384617 Time: 0.14636937200339162
Iteration 2600000. Average jobs: 3.4615384615384617 Time: 0.14502184500088333
Iteration 2650000. Average jobs: 3.1538461538461537 Time: 0.14707227799954126
Iteration 2700000. Average jobs: 3.5576923076923075 Time: 0.1465159359977406
Iteration 2750000. Average jobs: 3.1346153846153846 Time: 0.14640520900138654
Iteration 2800000. Average jobs: 3.1923076923076925 Time: 0.14601849199971184
Iteration 2850000. Average jobs: 3.7884615384615383 Time: 0.1489036450002459
Iteration 2900000. Average jobs: 3.576923076923077 Time: 0.1478739720005251
Iteration 2950000. Average jobs: 3.6346153846153846 Time: 0.14878317799957586
Iteration 3000000. Average jobs: 3.5961538461538463 Time: 0.14763231999677373
Trial 7 wall time: 67.52319 min
Trial 7 logged to sweep CSV: /home/alesage/arno_data/CourseRecSys_CLIRS/Results/JCRec/steps_3000000/data_42/courses_100/k_3/sweeps/jcrec_dqn_data42.csv
Raw eval JSON: /home/alesage/arno_data/CourseRecSys_CLIRS/Results/JCRec/steps_3000000/data_42/courses_100/k_3/raw/jcrec_dqn_data42_rl49_k3_eval.json
Raw training log: /home/alesage/arno_data/CourseRecSys_CLIRS/Results/JCRec/steps_3000000/data_42/courses_100/k_3/raw/jcrec_dqn_data42_rl49_k3_training.txt

--- Trial 9/12 (trial_id=8, rl_seed=50) ---
Iteration 50000. Average jobs: 0.09615384615384616 Time: 0.0905330089990457
Iteration 100000. Average jobs: 1.3461538461538463 Time: 0.14300702699983958
Iteration 150000. Average jobs: 1.4230769230769231 Time: 0.1486557689968322
Iteration 200000. Average jobs: 1.2692307692307692 Time: 0.1463129259973357
Iteration 250000. Average jobs: 1.3076923076923077 Time: 0.14620692699827487
Iteration 300000. Average jobs: 1.1346153846153846 Time: 0.1449921479979821
Iteration 350000. Average jobs: 1.8653846153846154 Time: 0.14922926500003086
Iteration 400000. Average jobs: 1.4807692307692308 Time: 0.14915682900027605
Iteration 450000. Average jobs: 1.4038461538461537 Time: 0.14578317099949345
Iteration 500000. Average jobs: 1.75 Time: 0.14321654900049907
Iteration 550000. Average jobs: 1.8461538461538463 Time: 0.1443303289997857
Iteration 600000. Average jobs: 2.076923076923077 Time: 0.14415333500073757
Iteration 650000. Average jobs: 2.1346153846153846 Time: 0.14378727900475496
Iteration 700000. Average jobs: 2.5 Time: 0.14648892400145996
Iteration 750000. Average jobs: 2.8076923076923075 Time: 0.1478966649956419
Iteration 800000. Average jobs: 2.769230769230769 Time: 0.14837263800291112
Iteration 850000. Average jobs: 2.3653846153846154 Time: 0.14788601599866524
Iteration 900000. Average jobs: 2.673076923076923 Time: 0.1479629700043006
Iteration 950000. Average jobs: 2.230769230769231 Time: 0.1472928220027825
Iteration 1000000. Average jobs: 2.3846153846153846 Time: 0.14315902200178243
Iteration 1050000. Average jobs: 2.4038461538461537 Time: 0.14148773600027198
Iteration 1100000. Average jobs: 2.9038461538461537 Time: 0.14408210400142707
Iteration 1150000. Average jobs: 2.576923076923077 Time: 0.14607606100616977
Iteration 1200000. Average jobs: 2.7115384615384617 Time: 0.14405730500584468
Iteration 1250000. Average jobs: 2.5 Time: 0.14014172200404573
Iteration 1300000. Average jobs: 3.1923076923076925 Time: 0.14387608600372914
Iteration 1350000. Average jobs: 3.0 Time: 0.14219487299851608
Iteration 1400000. Average jobs: 3.4038461538461537 Time: 0.14640235299884807
Iteration 1450000. Average jobs: 3.173076923076923 Time: 0.14706756899977336
Iteration 1500000. Average jobs: 3.5576923076923075 Time: 0.14713212099741213
Iteration 1550000. Average jobs: 3.6538461538461537 Time: 0.14906735100521473
Iteration 1600000. Average jobs: 3.5 Time: 0.14894341900071595
Iteration 1650000. Average jobs: 3.8076923076923075 Time: 0.14934892999735894
Iteration 1700000. Average jobs: 3.4615384615384617 Time: 0.14906547799910186
Iteration 1750000. Average jobs: 3.6538461538461537 Time: 0.14900229899649275
Iteration 1800000. Average jobs: 3.7884615384615383 Time: 0.1491995100004715
Iteration 1850000. Average jobs: 4.076923076923077 Time: 0.1478881500006537
Iteration 1900000. Average jobs: 3.8653846153846154 Time: 0.1475291559981997
Iteration 1950000. Average jobs: 3.8461538461538463 Time: 0.1485584670008393
Iteration 2000000. Average jobs: 4.134615384615385 Time: 0.14804693799669622
Iteration 2050000. Average jobs: 4.038461538461538 Time: 0.15033994799887296
Iteration 2100000. Average jobs: 3.9038461538461537 Time: 0.14822210599959362
Iteration 2150000. Average jobs: 4.115384615384615 Time: 0.14896988800319377
Iteration 2200000. Average jobs: 4.096153846153846 Time: 0.14760147200286156
Iteration 2250000. Average jobs: 4.076923076923077 Time: 0.14970062900101766
Iteration 2300000. Average jobs: 3.9615384615384617 Time: 0.1493482980004046
Iteration 2350000. Average jobs: 3.980769230769231 Time: 0.1479718970003887
Iteration 2400000. Average jobs: 4.096153846153846 Time: 0.1473351829990861
Iteration 2450000. Average jobs: 3.9038461538461537 Time: 0.14754613800323568
Iteration 2500000. Average jobs: 3.826923076923077 Time: 0.14800474899675464
Iteration 2550000. Average jobs: 3.7884615384615383 Time: 0.14840941799775464
Iteration 2600000. Average jobs: 3.75 Time: 0.1476772530004382
Iteration 2650000. Average jobs: 3.8076923076923075 Time: 0.14915942399966298
Iteration 2700000. Average jobs: 3.8846153846153846 Time: 0.14815599199937424
Iteration 2750000. Average jobs: 3.7115384615384617 Time: 0.14787942299881252
Iteration 2800000. Average jobs: 3.8076923076923075 Time: 0.14758425999752944
Iteration 2850000. Average jobs: 3.9615384615384617 Time: 0.14756624399888096
Iteration 2900000. Average jobs: 3.6923076923076925 Time: 0.14745154000411276
Iteration 2950000. Average jobs: 4.0 Time: 0.14906950600561686
Iteration 3000000. Average jobs: 3.923076923076923 Time: 0.14862975000141887
Trial 8 wall time: 67.38005 min
Trial 8 logged to sweep CSV: /home/alesage/arno_data/CourseRecSys_CLIRS/Results/JCRec/steps_3000000/data_42/courses_100/k_3/sweeps/jcrec_dqn_data42.csv
Raw eval JSON: /home/alesage/arno_data/CourseRecSys_CLIRS/Results/JCRec/steps_3000000/data_42/courses_100/k_3/raw/jcrec_dqn_data42_rl50_k3_eval.json
Raw training log: /home/alesage/arno_data/CourseRecSys_CLIRS/Results/JCRec/steps_3000000/data_42/courses_100/k_3/raw/jcrec_dqn_data42_rl50_k3_training.txt

--- Trial 10/12 (trial_id=9, rl_seed=51) ---
Iteration 50000. Average jobs: 0.11538461538461539 Time: 0.07888333199662156
Iteration 100000. Average jobs: 0.9423076923076923 Time: 0.13825429399730638
Iteration 150000. Average jobs: 1.3461538461538463 Time: 0.14768274299422046
Iteration 200000. Average jobs: 1.2884615384615385 Time: 0.1457630139993853
Iteration 250000. Average jobs: 1.3076923076923077 Time: 0.14516101500339573
Iteration 300000. Average jobs: 1.4038461538461537 Time: 0.144631601004221
Iteration 350000. Average jobs: 1.9807692307692308 Time: 0.14734400899760658
Iteration 400000. Average jobs: 1.5384615384615385 Time: 0.14530434499465628
Iteration 450000. Average jobs: 2.1538461538461537 Time: 0.1472624839952914
Iteration 500000. Average jobs: 2.019230769230769 Time: 0.14677900799870258
Iteration 550000. Average jobs: 2.1346153846153846 Time: 0.1461744970001746
Iteration 600000. Average jobs: 2.2884615384615383 Time: 0.14433612900029402
Iteration 650000. Average jobs: 2.1346153846153846 Time: 0.14528360500116833
Iteration 700000. Average jobs: 1.7884615384615385 Time: 0.14420993200474186
Iteration 750000. Average jobs: 1.7307692307692308 Time: 0.14605693699559197
Iteration 800000. Average jobs: 1.6538461538461537 Time: 0.1432436089962721
Iteration 850000. Average jobs: 1.6538461538461537 Time: 0.14275146800355287
Iteration 900000. Average jobs: 1.6923076923076923 Time: 0.14323530399997253
Iteration 950000. Average jobs: 1.7692307692307692 Time: 0.14236898999661207
Iteration 1000000. Average jobs: 1.7884615384615385 Time: 0.14205713399860542
Iteration 1050000. Average jobs: 2.3076923076923075 Time: 0.14152930399723118
Iteration 1100000. Average jobs: 2.1538461538461537 Time: 0.1393796639968059
Iteration 1150000. Average jobs: 2.4038461538461537 Time: 0.14037498900142964
Iteration 1200000. Average jobs: 2.5961538461538463 Time: 0.13631620800151723
Iteration 1250000. Average jobs: 2.673076923076923 Time: 0.13244206299714278
Iteration 1300000. Average jobs: 3.0961538461538463 Time: 0.13422927500505466
Iteration 1350000. Average jobs: 3.2115384615384617 Time: 0.13530137699854095
Iteration 1400000. Average jobs: 2.8846153846153846 Time: 0.13665421200130368
Iteration 1450000. Average jobs: 3.2884615384615383 Time: 0.13815748199704103
Iteration 1500000. Average jobs: 3.3846153846153846 Time: 0.1384110459985095
Iteration 1550000. Average jobs: 3.5961538461538463 Time: 0.13729074499860872
Iteration 1600000. Average jobs: 3.6538461538461537 Time: 0.14312416599568678
Iteration 1650000. Average jobs: 3.730769230769231 Time: 0.14535698400140973
Iteration 1700000. Average jobs: 3.826923076923077 Time: 0.1432571050027036
Iteration 1750000. Average jobs: 3.7115384615384617 Time: 0.14418857100099558
Iteration 1800000. Average jobs: 3.730769230769231 Time: 0.1457947939998121
Iteration 1850000. Average jobs: 3.6538461538461537 Time: 0.14497033799852943
Iteration 1900000. Average jobs: 3.5961538461538463 Time: 0.14684533399849897
Iteration 1950000. Average jobs: 3.9423076923076925 Time: 0.14620272900356213
Iteration 2000000. Average jobs: 3.8461538461538463 Time: 0.14597794900328154
Iteration 2050000. Average jobs: 3.7884615384615383 Time: 0.1480083350033965
Iteration 2100000. Average jobs: 3.9423076923076925 Time: 0.14594581599521916
Iteration 2150000. Average jobs: 3.769230769230769 Time: 0.1471272319977288
Iteration 2200000. Average jobs: 3.6538461538461537 Time: 0.14692372299759882
Iteration 2250000. Average jobs: 3.8846153846153846 Time: 0.14812308899854543
Iteration 2300000. Average jobs: 3.6923076923076925 Time: 0.14491709799767705
Iteration 2350000. Average jobs: 3.9423076923076925 Time: 0.14675353199709207
Iteration 2400000. Average jobs: 3.9038461538461537 Time: 0.14565989100083243
Iteration 2450000. Average jobs: 3.980769230769231 Time: 0.1481029220012715
Iteration 2500000. Average jobs: 3.8076923076923075 Time: 0.1501625039963983
Iteration 2550000. Average jobs: 3.9615384615384617 Time: 0.14979114699963247
Iteration 2600000. Average jobs: 3.769230769230769 Time: 0.1496276809994015
Iteration 2650000. Average jobs: 3.8653846153846154 Time: 0.14960926600178936
Iteration 2700000. Average jobs: 3.826923076923077 Time: 0.14970169099979103
Iteration 2750000. Average jobs: 3.7115384615384617 Time: 0.14958007200038992
Iteration 2800000. Average jobs: 3.6153846153846154 Time: 0.1505687559983926
Iteration 2850000. Average jobs: 3.730769230769231 Time: 0.14931220099970233
Iteration 2900000. Average jobs: 3.4615384615384617 Time: 0.14863927899568807
Iteration 2950000. Average jobs: 3.3076923076923075 Time: 0.14959194499533623
Iteration 3000000. Average jobs: 3.5 Time: 0.14906193900242215
Trial 9 wall time: 67.38789 min
Trial 9 logged to sweep CSV: /home/alesage/arno_data/CourseRecSys_CLIRS/Results/JCRec/steps_3000000/data_42/courses_100/k_3/sweeps/jcrec_dqn_data42.csv
Raw eval JSON: /home/alesage/arno_data/CourseRecSys_CLIRS/Results/JCRec/steps_3000000/data_42/courses_100/k_3/raw/jcrec_dqn_data42_rl51_k3_eval.json
Raw training log: /home/alesage/arno_data/CourseRecSys_CLIRS/Results/JCRec/steps_3000000/data_42/courses_100/k_3/raw/jcrec_dqn_data42_rl51_k3_training.txt

--- Trial 11/12 (trial_id=10, rl_seed=52) ---
Iteration 50000. Average jobs: 0.09615384615384616 Time: 0.07794172700232593
Iteration 100000. Average jobs: 1.0 Time: 0.14143046899698675
Iteration 150000. Average jobs: 1.1538461538461537 Time: 0.14702283599763177
Iteration 200000. Average jobs: 1.1346153846153846 Time: 0.14757696699962253
Iteration 250000. Average jobs: 1.1153846153846154 Time: 0.14762029700068524
Iteration 300000. Average jobs: 1.0576923076923077 Time: 0.14648199400107842
Iteration 350000. Average jobs: 1.3846153846153846 Time: 0.14688015700085089
Iteration 400000. Average jobs: 1.6730769230769231 Time: 0.14905867400375428
Iteration 450000. Average jobs: 1.5192307692307692 Time: 0.1490437159955036
Iteration 500000. Average jobs: 2.3461538461538463 Time: 0.14780976199836005
Iteration 550000. Average jobs: 2.4038461538461537 Time: 0.14794644900393905
Iteration 600000. Average jobs: 2.423076923076923 Time: 0.14612253800441977
Iteration 650000. Average jobs: 2.0961538461538463 Time: 0.14218152799730888
Iteration 700000. Average jobs: 2.2115384615384617 Time: 0.14513162900402676
Iteration 750000. Average jobs: 1.5192307692307692 Time: 0.14335991800180636
Iteration 800000. Average jobs: 1.6730769230769231 Time: 0.14499058600631543
Iteration 850000. Average jobs: 1.3653846153846154 Time: 0.14585294399876148
Iteration 900000. Average jobs: 1.75 Time: 0.14760847599973204
Iteration 950000. Average jobs: 1.4615384615384615 Time: 0.14484836000337964
Iteration 1000000. Average jobs: 1.3653846153846154 Time: 0.1403723559997161
Iteration 1050000. Average jobs: 1.0576923076923077 Time: 0.14388342000165721
Iteration 1100000. Average jobs: 1.3653846153846154 Time: 0.13647705000039423
Iteration 1150000. Average jobs: 1.3461538461538463 Time: 0.13850283800275065
Iteration 1200000. Average jobs: 1.3269230769230769 Time: 0.1334600810005213
Iteration 1250000. Average jobs: 1.1346153846153846 Time: 0.12536372899921844
Iteration 1300000. Average jobs: 1.0961538461538463 Time: 0.1269672359994729
Iteration 1350000. Average jobs: 1.3076923076923077 Time: 0.13262282199866604
Iteration 1400000. Average jobs: 1.3846153846153846 Time: 0.12467649000609526
Iteration 1450000. Average jobs: 1.3269230769230769 Time: 0.12331170999823371
Iteration 1500000. Average jobs: 1.5769230769230769 Time: 0.12045035500341328
Iteration 1550000. Average jobs: 1.7115384615384615 Time: 0.11798839800030692
Iteration 1600000. Average jobs: 1.5961538461538463 Time: 0.11724694699660176
Iteration 1650000. Average jobs: 2.0 Time: 0.12027980499988189
Iteration 1700000. Average jobs: 1.8846153846153846 Time: 0.1200814729963895
Iteration 1750000. Average jobs: 1.7115384615384615 Time: 0.11294155399809824
Iteration 1800000. Average jobs: 2.2115384615384617 Time: 0.11900911400152836
Iteration 1850000. Average jobs: 2.1923076923076925 Time: 0.12431666500197025
Iteration 1900000. Average jobs: 2.6346153846153846 Time: 0.1268337369983783
Iteration 1950000. Average jobs: 2.7115384615384617 Time: 0.1277545819975785
Iteration 2000000. Average jobs: 2.576923076923077 Time: 0.12524475700047333
Iteration 2050000. Average jobs: 3.4615384615384617 Time: 0.1381182679979247
Iteration 2100000. Average jobs: 3.4615384615384617 Time: 0.1407016930024838
Iteration 2150000. Average jobs: 3.4615384615384617 Time: 0.14260441100486787
Iteration 2200000. Average jobs: 3.519230769230769 Time: 0.14187093499640469
Iteration 2250000. Average jobs: 3.3846153846153846 Time: 0.1417891419987427
Iteration 2300000. Average jobs: 3.6538461538461537 Time: 0.14418475400452735
Iteration 2350000. Average jobs: 3.6538461538461537 Time: 0.1439474400031031
Iteration 2400000. Average jobs: 3.2115384615384617 Time: 0.1439781170047354
Iteration 2450000. Average jobs: 3.6153846153846154 Time: 0.14549149500089698
Iteration 2500000. Average jobs: 3.673076923076923 Time: 0.1473588560038479
Iteration 2550000. Average jobs: 3.3846153846153846 Time: 0.1459319889981998
Iteration 2600000. Average jobs: 3.25 Time: 0.1447546740018879
Iteration 2650000. Average jobs: 3.5 Time: 0.1460503130001598
Iteration 2700000. Average jobs: 3.3846153846153846 Time: 0.14240798299579183
Iteration 2750000. Average jobs: 3.5 Time: 0.1483663280014298
Iteration 2800000. Average jobs: 3.7115384615384617 Time: 0.14612256700638682
Iteration 2850000. Average jobs: 3.7884615384615383 Time: 0.14784476800559787
Iteration 2900000. Average jobs: 3.6538461538461537 Time: 0.146523099996557
Iteration 2950000. Average jobs: 3.730769230769231 Time: 0.14790255700063426
Iteration 3000000. Average jobs: 3.6153846153846154 Time: 0.14868456400290597
Trial 10 wall time: 67.39573 min
Trial 10 logged to sweep CSV: /home/alesage/arno_data/CourseRecSys_CLIRS/Results/JCRec/steps_3000000/data_42/courses_100/k_3/sweeps/jcrec_dqn_data42.csv
Raw eval JSON: /home/alesage/arno_data/CourseRecSys_CLIRS/Results/JCRec/steps_3000000/data_42/courses_100/k_3/raw/jcrec_dqn_data42_rl52_k3_eval.json
Raw training log: /home/alesage/arno_data/CourseRecSys_CLIRS/Results/JCRec/steps_3000000/data_42/courses_100/k_3/raw/jcrec_dqn_data42_rl52_k3_training.txt

--- Trial 12/12 (trial_id=11, rl_seed=53) ---
Iteration 50000. Average jobs: 0.09615384615384616 Time: 0.08188585300376872
Iteration 100000. Average jobs: 0.9615384615384616 Time: 0.14007509799557738
Iteration 150000. Average jobs: 1.3076923076923077 Time: 0.1477367260013125
Iteration 200000. Average jobs: 1.3846153846153846 Time: 0.1479032470015227
Iteration 250000. Average jobs: 1.2307692307692308 Time: 0.14510398000129499
Iteration 300000. Average jobs: 1.1346153846153846 Time: 0.14666607699473388
Iteration 350000. Average jobs: 1.5576923076923077 Time: 0.14472826400015038
Iteration 400000. Average jobs: 2.75 Time: 0.14839642299921252
Iteration 450000. Average jobs: 1.9423076923076923 Time: 0.14790072399773635
Iteration 500000. Average jobs: 2.0576923076923075 Time: 0.1467763440014096
Iteration 550000. Average jobs: 1.5192307692307692 Time: 0.14735028100403724
Iteration 600000. Average jobs: 1.6730769230769231 Time: 0.14690370400057873
Iteration 650000. Average jobs: 1.7115384615384615 Time: 0.14719175299978815
Iteration 700000. Average jobs: 1.3846153846153846 Time: 0.13788265699986368
Iteration 750000. Average jobs: 1.5 Time: 0.13737978399876738
Iteration 800000. Average jobs: 1.5576923076923077 Time: 0.1374276220012689
Iteration 850000. Average jobs: 1.5192307692307692 Time: 0.13386489200638607
Iteration 900000. Average jobs: 1.6153846153846154 Time: 0.13718068100570235
Iteration 950000. Average jobs: 1.5384615384615385 Time: 0.13201828899764223
Iteration 1000000. Average jobs: 1.7307692307692308 Time: 0.13999244300066493
Iteration 1050000. Average jobs: 1.8846153846153846 Time: 0.14334664399939356
Iteration 1100000. Average jobs: 1.9038461538461537 Time: 0.14535776399861788
Iteration 1150000. Average jobs: 1.9038461538461537 Time: 0.1434672590039554
Iteration 1200000. Average jobs: 1.9807692307692308 Time: 0.1457127510002465
Iteration 1250000. Average jobs: 1.7115384615384615 Time: 0.14437975999317132
Iteration 1300000. Average jobs: 2.076923076923077 Time: 0.14504026000213344
Iteration 1350000. Average jobs: 2.3076923076923075 Time: 0.1475398469992797
Iteration 1400000. Average jobs: 2.0384615384615383 Time: 0.14456641000288073
Iteration 1450000. Average jobs: 2.230769230769231 Time: 0.14563346000068123
Iteration 1500000. Average jobs: 2.0961538461538463 Time: 0.14363050400424981
Iteration 1550000. Average jobs: 2.3653846153846154 Time: 0.14316768800199497
Iteration 1600000. Average jobs: 2.326923076923077 Time: 0.14399202200002037
Iteration 1650000. Average jobs: 2.4038461538461537 Time: 0.1435579000026337
Iteration 1700000. Average jobs: 2.673076923076923 Time: 0.14304795199859655
Iteration 1750000. Average jobs: 2.4615384615384617 Time: 0.14315125699795317
Iteration 1800000. Average jobs: 2.230769230769231 Time: 0.14429497100354638
Iteration 1850000. Average jobs: 2.5 Time: 0.1431939570029499
Iteration 1900000. Average jobs: 2.480769230769231 Time: 0.1467588320010691
Iteration 1950000. Average jobs: 2.3076923076923075 Time: 0.14393559800373623
Iteration 2000000. Average jobs: 2.5576923076923075 Time: 0.14289584899961483
Iteration 2050000. Average jobs: 2.1923076923076925 Time: 0.14391795499977889
Iteration 2100000. Average jobs: 2.5576923076923075 Time: 0.14581237700622296
Iteration 2150000. Average jobs: 2.519230769230769 Time: 0.1449884710018523
Iteration 2200000. Average jobs: 2.4615384615384617 Time: 0.14482628700352507
Iteration 2250000. Average jobs: 2.4423076923076925 Time: 0.14345125899853883
Iteration 2300000. Average jobs: 2.269230769230769 Time: 0.14322725900274236
Iteration 2350000. Average jobs: 2.5 Time: 0.14759261599829188
Iteration 2400000. Average jobs: 2.25 Time: 0.14154363099805778
Iteration 2450000. Average jobs: 2.4038461538461537 Time: 0.14273823199619073
Iteration 2500000. Average jobs: 2.4423076923076925 Time: 0.1424832949996926
Iteration 2550000. Average jobs: 2.5 Time: 0.14170274000207428
Iteration 2600000. Average jobs: 2.423076923076923 Time: 0.14315800899930764
Iteration 2650000. Average jobs: 2.4423076923076925 Time: 0.14314617700438248
Iteration 2700000. Average jobs: 2.4423076923076925 Time: 0.1411371800058987
Iteration 2750000. Average jobs: 2.9038461538461537 Time: 0.1452369379985612
Iteration 2800000. Average jobs: 2.3653846153846154 Time: 0.1413361939994502
Iteration 2850000. Average jobs: 2.3461538461538463 Time: 0.13913557500200113
Iteration 2900000. Average jobs: 2.2115384615384617 Time: 0.13572706400009338
Iteration 2950000. Average jobs: 2.6923076923076925 Time: 0.1411424390025786
Iteration 3000000. Average jobs: 2.519230769230769 Time: 0.14053458900161786
Trial 11 wall time: 67.38267 min
Trial 11 logged to sweep CSV: /home/alesage/arno_data/CourseRecSys_CLIRS/Results/JCRec/steps_3000000/data_42/courses_100/k_3/sweeps/jcrec_dqn_data42.csv
Raw eval JSON: /home/alesage/arno_data/CourseRecSys_CLIRS/Results/JCRec/steps_3000000/data_42/courses_100/k_3/raw/jcrec_dqn_data42_rl53_k3_eval.json
Raw training log: /home/alesage/arno_data/CourseRecSys_CLIRS/Results/JCRec/steps_3000000/data_42/courses_100/k_3/raw/jcrec_dqn_data42_rl53_k3_training.txt

--- Sweep summary ---
Trials in CSV: 12/12
  end mean: 3.461538 95% CI [3.133013, 3.748397]
  end median: 3.576923 95% CI [3.259615, 3.913462]
  life mean: 3.461538 95% CI [3.129808, 3.750000]
  life median: 3.586538 95% CI [3.259615, 3.913462]

--- Trial metrics (long) ---
Methods: 2 — ['jcrec_dqn', 'jcrec_ppo']
Bootstrap summary: /home/alesage/arno_data/CourseRecSys_CLIRS/Results/JCRec/steps_3000000/data_42/courses_100/k_3/reports/bootstrap_end_mean.csv
Bootstrap summary: /home/alesage/arno_data/CourseRecSys_CLIRS/Results/JCRec/steps_3000000/data_42/courses_100/k_3/reports/bootstrap_end_median.csv
Bootstrap summary: /home/alesage/arno_data/CourseRecSys_CLIRS/Results/JCRec/steps_3000000/data_42/courses_100/k_3/reports/bootstrap_life_mean.csv
Bootstrap summary: /home/alesage/arno_data/CourseRecSys_CLIRS/Results/JCRec/steps_3000000/data_42/courses_100/k_3/reports/bootstrap_life_median.csv
Performance analysis: /home/alesage/arno_data/CourseRecSys_CLIRS/Results/JCRec/steps_3000000/data_42/courses_100/k_3/reports/performance_analysis.json
Trial metrics: /home/alesage/arno_data/CourseRecSys_CLIRS/Results/JCRec/steps_3000000/data_42/courses_100/k_3/reports/trial_metrics_long.csv

Done. Results under: /home/alesage/arno_data/CourseRecSys_CLIRS/Results/JCRec/steps_3000000/data_42/courses_100/k_3
Orchestration: ['jcrec']

========== Pipeline 1/1: jcrec ==========

Orchestration complete.
